Archive member included to satisfy reference by file (symbol)

C:\Users\Przemek\Desktop\MIKROKONTROLERY\workmench\stm32f4discovery_hal_lib\Release\libstm32f4discovery_hal_lib.a(stm32f4xx_hal.o)
                              src/main.o (HAL_Init)
C:\Users\Przemek\Desktop\MIKROKONTROLERY\workmench\stm32f4discovery_hal_lib\Release\libstm32f4discovery_hal_lib.a(stm32f4xx_hal_cortex.o)
                              C:\Users\Przemek\Desktop\MIKROKONTROLERY\workmench\stm32f4discovery_hal_lib\Release\libstm32f4discovery_hal_lib.a(stm32f4xx_hal.o) (HAL_NVIC_SetPriorityGrouping)
C:\Users\Przemek\Desktop\MIKROKONTROLERY\workmench\stm32f4discovery_hal_lib\Release\libstm32f4discovery_hal_lib.a(stm32f4xx_hal_gpio.o)
                              src/main.o (HAL_GPIO_Init)
c:/ac6/systemworkbench/plugins/fr.ac6.mcu.externaltools.arm-none.win32_1.7.0.201602121829/tools/compiler/bin/../lib/gcc/arm-none-eabi/5.2.1/../../../../arm-none-eabi/lib/armv7e-m/fpu\libc.a(lib_a-errno.o)
                              src/syscalls.o (__errno)
c:/ac6/systemworkbench/plugins/fr.ac6.mcu.externaltools.arm-none.win32_1.7.0.201602121829/tools/compiler/bin/../lib/gcc/arm-none-eabi/5.2.1/../../../../arm-none-eabi/lib/armv7e-m/fpu\libc.a(lib_a-exit.o)
                              c:/ac6/systemworkbench/plugins/fr.ac6.mcu.externaltools.arm-none.win32_1.7.0.201602121829/tools/compiler/bin/../lib/gcc/arm-none-eabi/5.2.1/../../../../arm-none-eabi/lib/armv7e-m/fpu/crt0.o (exit)
c:/ac6/systemworkbench/plugins/fr.ac6.mcu.externaltools.arm-none.win32_1.7.0.201602121829/tools/compiler/bin/../lib/gcc/arm-none-eabi/5.2.1/../../../../arm-none-eabi/lib/armv7e-m/fpu\libc.a(lib_a-impure.o)
                              c:/ac6/systemworkbench/plugins/fr.ac6.mcu.externaltools.arm-none.win32_1.7.0.201602121829/tools/compiler/bin/../lib/gcc/arm-none-eabi/5.2.1/../../../../arm-none-eabi/lib/armv7e-m/fpu\libc.a(lib_a-exit.o) (_global_impure_ptr)
c:/ac6/systemworkbench/plugins/fr.ac6.mcu.externaltools.arm-none.win32_1.7.0.201602121829/tools/compiler/bin/../lib/gcc/arm-none-eabi/5.2.1/../../../../arm-none-eabi/lib/armv7e-m/fpu\libc.a(lib_a-init.o)
                              c:/ac6/systemworkbench/plugins/fr.ac6.mcu.externaltools.arm-none.win32_1.7.0.201602121829/tools/compiler/bin/../lib/gcc/arm-none-eabi/5.2.1/../../../../arm-none-eabi/lib/armv7e-m/fpu/crt0.o (__libc_init_array)
c:/ac6/systemworkbench/plugins/fr.ac6.mcu.externaltools.arm-none.win32_1.7.0.201602121829/tools/compiler/bin/../lib/gcc/arm-none-eabi/5.2.1/../../../../arm-none-eabi/lib/armv7e-m/fpu\libc.a(lib_a-memset.o)
                              c:/ac6/systemworkbench/plugins/fr.ac6.mcu.externaltools.arm-none.win32_1.7.0.201602121829/tools/compiler/bin/../lib/gcc/arm-none-eabi/5.2.1/../../../../arm-none-eabi/lib/armv7e-m/fpu/crt0.o (memset)
c:/ac6/systemworkbench/plugins/fr.ac6.mcu.externaltools.arm-none.win32_1.7.0.201602121829/tools/compiler/bin/../lib/gcc/arm-none-eabi/5.2.1/../../../../arm-none-eabi/lib/armv7e-m/fpu\libc.a(lib_a-__call_atexit.o)
                              c:/ac6/systemworkbench/plugins/fr.ac6.mcu.externaltools.arm-none.win32_1.7.0.201602121829/tools/compiler/bin/../lib/gcc/arm-none-eabi/5.2.1/../../../../arm-none-eabi/lib/armv7e-m/fpu\libc.a(lib_a-exit.o) (__call_exitprocs)
c:/ac6/systemworkbench/plugins/fr.ac6.mcu.externaltools.arm-none.win32_1.7.0.201602121829/tools/compiler/bin/../lib/gcc/arm-none-eabi/5.2.1/../../../../arm-none-eabi/lib/armv7e-m/fpu\libc.a(lib_a-atexit.o)
                              c:/ac6/systemworkbench/plugins/fr.ac6.mcu.externaltools.arm-none.win32_1.7.0.201602121829/tools/compiler/bin/../lib/gcc/arm-none-eabi/5.2.1/../../../../arm-none-eabi/lib/armv7e-m/fpu\libc.a(lib_a-__call_atexit.o) (atexit)
c:/ac6/systemworkbench/plugins/fr.ac6.mcu.externaltools.arm-none.win32_1.7.0.201602121829/tools/compiler/bin/../lib/gcc/arm-none-eabi/5.2.1/../../../../arm-none-eabi/lib/armv7e-m/fpu\libc.a(lib_a-fini.o)
                              c:/ac6/systemworkbench/plugins/fr.ac6.mcu.externaltools.arm-none.win32_1.7.0.201602121829/tools/compiler/bin/../lib/gcc/arm-none-eabi/5.2.1/../../../../arm-none-eabi/lib/armv7e-m/fpu\libc.a(lib_a-__call_atexit.o) (__libc_fini_array)
c:/ac6/systemworkbench/plugins/fr.ac6.mcu.externaltools.arm-none.win32_1.7.0.201602121829/tools/compiler/bin/../lib/gcc/arm-none-eabi/5.2.1/../../../../arm-none-eabi/lib/armv7e-m/fpu\libc.a(lib_a-__atexit.o)
                              c:/ac6/systemworkbench/plugins/fr.ac6.mcu.externaltools.arm-none.win32_1.7.0.201602121829/tools/compiler/bin/../lib/gcc/arm-none-eabi/5.2.1/../../../../arm-none-eabi/lib/armv7e-m/fpu\libc.a(lib_a-atexit.o) (__register_exitproc)

Allocating common symbols
Common symbol       size              file

uwTick              0x4               C:\Users\Przemek\Desktop\MIKROKONTROLERY\workmench\stm32f4discovery_hal_lib\Release\libstm32f4discovery_hal_lib.a(stm32f4xx_hal.o)

Discarded input sections

 .text          0x00000000        0x0 c:/ac6/systemworkbench/plugins/fr.ac6.mcu.externaltools.arm-none.win32_1.7.0.201602121829/tools/compiler/bin/../lib/gcc/arm-none-eabi/5.2.1/armv7e-m/fpu/crti.o
 .data          0x00000000        0x0 c:/ac6/systemworkbench/plugins/fr.ac6.mcu.externaltools.arm-none.win32_1.7.0.201602121829/tools/compiler/bin/../lib/gcc/arm-none-eabi/5.2.1/armv7e-m/fpu/crti.o
 .bss           0x00000000        0x0 c:/ac6/systemworkbench/plugins/fr.ac6.mcu.externaltools.arm-none.win32_1.7.0.201602121829/tools/compiler/bin/../lib/gcc/arm-none-eabi/5.2.1/armv7e-m/fpu/crti.o
 .data          0x00000000        0x4 c:/ac6/systemworkbench/plugins/fr.ac6.mcu.externaltools.arm-none.win32_1.7.0.201602121829/tools/compiler/bin/../lib/gcc/arm-none-eabi/5.2.1/armv7e-m/fpu/crtbegin.o
 .text          0x00000000       0x74 c:/ac6/systemworkbench/plugins/fr.ac6.mcu.externaltools.arm-none.win32_1.7.0.201602121829/tools/compiler/bin/../lib/gcc/arm-none-eabi/5.2.1/../../../../arm-none-eabi/lib/armv7e-m/fpu/crt0.o
 .data          0x00000000        0x0 c:/ac6/systemworkbench/plugins/fr.ac6.mcu.externaltools.arm-none.win32_1.7.0.201602121829/tools/compiler/bin/../lib/gcc/arm-none-eabi/5.2.1/../../../../arm-none-eabi/lib/armv7e-m/fpu/crt0.o
 .bss           0x00000000        0x0 c:/ac6/systemworkbench/plugins/fr.ac6.mcu.externaltools.arm-none.win32_1.7.0.201602121829/tools/compiler/bin/../lib/gcc/arm-none-eabi/5.2.1/../../../../arm-none-eabi/lib/armv7e-m/fpu/crt0.o
 .ARM.extab     0x00000000        0x0 c:/ac6/systemworkbench/plugins/fr.ac6.mcu.externaltools.arm-none.win32_1.7.0.201602121829/tools/compiler/bin/../lib/gcc/arm-none-eabi/5.2.1/../../../../arm-none-eabi/lib/armv7e-m/fpu/crt0.o
 .ARM.exidx     0x00000000        0x8 c:/ac6/systemworkbench/plugins/fr.ac6.mcu.externaltools.arm-none.win32_1.7.0.201602121829/tools/compiler/bin/../lib/gcc/arm-none-eabi/5.2.1/../../../../arm-none-eabi/lib/armv7e-m/fpu/crt0.o
 .ARM.attributes
                0x00000000       0x20 c:/ac6/systemworkbench/plugins/fr.ac6.mcu.externaltools.arm-none.win32_1.7.0.201602121829/tools/compiler/bin/../lib/gcc/arm-none-eabi/5.2.1/../../../../arm-none-eabi/lib/armv7e-m/fpu/crt0.o
 .text          0x00000000       0x14 startup/startup_stm32f407xx.o
 .data          0x00000000        0x0 startup/startup_stm32f407xx.o
 .bss           0x00000000        0x0 startup/startup_stm32f407xx.o
 .text          0x00000000        0x0 src/main.o
 .data          0x00000000        0x0 src/main.o
 .bss           0x00000000        0x0 src/main.o
 .text          0x00000000        0x0 src/stm32f4xx_it.o
 .data          0x00000000        0x0 src/stm32f4xx_it.o
 .bss           0x00000000        0x0 src/stm32f4xx_it.o
 .text          0x00000000        0x0 src/syscalls.o
 .data          0x00000000        0x4 src/syscalls.o
 .bss           0x00000000        0x8 src/syscalls.o
 .text.initialise_monitor_handles
                0x00000000        0x4 src/syscalls.o
 .text._getpid  0x00000000        0x4 src/syscalls.o
 .text._kill    0x00000000       0x10 src/syscalls.o
 .text._exit    0x00000000        0xc src/syscalls.o
 .text._read    0x00000000       0x1c src/syscalls.o
 .text._write   0x00000000       0x1c src/syscalls.o
 .text._sbrk    0x00000000       0x34 src/syscalls.o
 .text._close   0x00000000        0x8 src/syscalls.o
 .text._fstat   0x00000000        0xc src/syscalls.o
 .text._isatty  0x00000000        0x4 src/syscalls.o
 .text._lseek   0x00000000        0x4 src/syscalls.o
 .text._open    0x00000000        0xc src/syscalls.o
 .text._wait    0x00000000       0x10 src/syscalls.o
 .text._unlink  0x00000000       0x10 src/syscalls.o
 .text._times   0x00000000        0x8 src/syscalls.o
 .text._stat    0x00000000        0xc src/syscalls.o
 .text._link    0x00000000       0x10 src/syscalls.o
 .text._fork    0x00000000       0x10 src/syscalls.o
 .text._execve  0x00000000       0x10 src/syscalls.o
 .comment       0x00000000       0x6f src/syscalls.o
 .ARM.attributes
                0x00000000       0x39 src/syscalls.o
 .text          0x00000000        0x0 src/system_stm32f4xx.o
 .bss           0x00000000        0x0 src/system_stm32f4xx.o
 .text.SystemCoreClockUpdate
                0x00000000       0x74 src/system_stm32f4xx.o
 .text          0x00000000        0x0 C:\Users\Przemek\Desktop\MIKROKONTROLERY\workmench\stm32f4discovery_hal_lib\Release\libstm32f4discovery_hal_lib.a(stm32f4xx_hal.o)
 .data          0x00000000        0x0 C:\Users\Przemek\Desktop\MIKROKONTROLERY\workmench\stm32f4discovery_hal_lib\Release\libstm32f4discovery_hal_lib.a(stm32f4xx_hal.o)
 .bss           0x00000000        0x0 C:\Users\Przemek\Desktop\MIKROKONTROLERY\workmench\stm32f4discovery_hal_lib\Release\libstm32f4discovery_hal_lib.a(stm32f4xx_hal.o)
 .text.HAL_MspDeInit
                0x00000000        0x4 C:\Users\Przemek\Desktop\MIKROKONTROLERY\workmench\stm32f4discovery_hal_lib\Release\libstm32f4discovery_hal_lib.a(stm32f4xx_hal.o)
 .text.HAL_DeInit
                0x00000000       0x2c C:\Users\Przemek\Desktop\MIKROKONTROLERY\workmench\stm32f4discovery_hal_lib\Release\libstm32f4discovery_hal_lib.a(stm32f4xx_hal.o)
 .text.HAL_SuspendTick
                0x00000000       0x10 C:\Users\Przemek\Desktop\MIKROKONTROLERY\workmench\stm32f4discovery_hal_lib\Release\libstm32f4discovery_hal_lib.a(stm32f4xx_hal.o)
 .text.HAL_ResumeTick
                0x00000000       0x10 C:\Users\Przemek\Desktop\MIKROKONTROLERY\workmench\stm32f4discovery_hal_lib\Release\libstm32f4discovery_hal_lib.a(stm32f4xx_hal.o)
 .text.HAL_GetHalVersion
                0x00000000        0x8 C:\Users\Przemek\Desktop\MIKROKONTROLERY\workmench\stm32f4discovery_hal_lib\Release\libstm32f4discovery_hal_lib.a(stm32f4xx_hal.o)
 .text.HAL_GetREVID
                0x00000000        0xc C:\Users\Przemek\Desktop\MIKROKONTROLERY\workmench\stm32f4discovery_hal_lib\Release\libstm32f4discovery_hal_lib.a(stm32f4xx_hal.o)
 .text.HAL_GetDEVID
                0x00000000       0x10 C:\Users\Przemek\Desktop\MIKROKONTROLERY\workmench\stm32f4discovery_hal_lib\Release\libstm32f4discovery_hal_lib.a(stm32f4xx_hal.o)
 .text.HAL_DBGMCU_EnableDBGSleepMode
                0x00000000       0x10 C:\Users\Przemek\Desktop\MIKROKONTROLERY\workmench\stm32f4discovery_hal_lib\Release\libstm32f4discovery_hal_lib.a(stm32f4xx_hal.o)
 .text.HAL_DBGMCU_DisableDBGSleepMode
                0x00000000       0x10 C:\Users\Przemek\Desktop\MIKROKONTROLERY\workmench\stm32f4discovery_hal_lib\Release\libstm32f4discovery_hal_lib.a(stm32f4xx_hal.o)
 .text.HAL_DBGMCU_EnableDBGStopMode
                0x00000000       0x10 C:\Users\Przemek\Desktop\MIKROKONTROLERY\workmench\stm32f4discovery_hal_lib\Release\libstm32f4discovery_hal_lib.a(stm32f4xx_hal.o)
 .text.HAL_DBGMCU_DisableDBGStopMode
                0x00000000       0x10 C:\Users\Przemek\Desktop\MIKROKONTROLERY\workmench\stm32f4discovery_hal_lib\Release\libstm32f4discovery_hal_lib.a(stm32f4xx_hal.o)
 .text.HAL_DBGMCU_EnableDBGStandbyMode
                0x00000000       0x10 C:\Users\Przemek\Desktop\MIKROKONTROLERY\workmench\stm32f4discovery_hal_lib\Release\libstm32f4discovery_hal_lib.a(stm32f4xx_hal.o)
 .text.HAL_DBGMCU_DisableDBGStandbyMode
                0x00000000       0x10 C:\Users\Przemek\Desktop\MIKROKONTROLERY\workmench\stm32f4discovery_hal_lib\Release\libstm32f4discovery_hal_lib.a(stm32f4xx_hal.o)
 .text.HAL_EnableCompensationCell
                0x00000000       0x18 C:\Users\Przemek\Desktop\MIKROKONTROLERY\workmench\stm32f4discovery_hal_lib\Release\libstm32f4discovery_hal_lib.a(stm32f4xx_hal.o)
 .text.HAL_DisableCompensationCell
                0x00000000       0x1c C:\Users\Przemek\Desktop\MIKROKONTROLERY\workmench\stm32f4discovery_hal_lib\Release\libstm32f4discovery_hal_lib.a(stm32f4xx_hal.o)
 .text          0x00000000        0x0 C:\Users\Przemek\Desktop\MIKROKONTROLERY\workmench\stm32f4discovery_hal_lib\Release\libstm32f4discovery_hal_lib.a(stm32f4xx_hal_cortex.o)
 .data          0x00000000        0x0 C:\Users\Przemek\Desktop\MIKROKONTROLERY\workmench\stm32f4discovery_hal_lib\Release\libstm32f4discovery_hal_lib.a(stm32f4xx_hal_cortex.o)
 .bss           0x00000000        0x0 C:\Users\Przemek\Desktop\MIKROKONTROLERY\workmench\stm32f4discovery_hal_lib\Release\libstm32f4discovery_hal_lib.a(stm32f4xx_hal_cortex.o)
 .text.HAL_NVIC_EnableIRQ
                0x00000000       0x18 C:\Users\Przemek\Desktop\MIKROKONTROLERY\workmench\stm32f4discovery_hal_lib\Release\libstm32f4discovery_hal_lib.a(stm32f4xx_hal_cortex.o)
 .text.HAL_NVIC_DisableIRQ
                0x00000000       0x1c C:\Users\Przemek\Desktop\MIKROKONTROLERY\workmench\stm32f4discovery_hal_lib\Release\libstm32f4discovery_hal_lib.a(stm32f4xx_hal_cortex.o)
 .text.HAL_NVIC_SystemReset
                0x00000000       0x24 C:\Users\Przemek\Desktop\MIKROKONTROLERY\workmench\stm32f4discovery_hal_lib\Release\libstm32f4discovery_hal_lib.a(stm32f4xx_hal_cortex.o)
 .text.HAL_MPU_ConfigRegion
                0x00000000       0x54 C:\Users\Przemek\Desktop\MIKROKONTROLERY\workmench\stm32f4discovery_hal_lib\Release\libstm32f4discovery_hal_lib.a(stm32f4xx_hal_cortex.o)
 .text.HAL_NVIC_GetPriorityGrouping
                0x00000000       0x10 C:\Users\Przemek\Desktop\MIKROKONTROLERY\workmench\stm32f4discovery_hal_lib\Release\libstm32f4discovery_hal_lib.a(stm32f4xx_hal_cortex.o)
 .text.HAL_NVIC_GetPriority
                0x00000000       0x60 C:\Users\Przemek\Desktop\MIKROKONTROLERY\workmench\stm32f4discovery_hal_lib\Release\libstm32f4discovery_hal_lib.a(stm32f4xx_hal_cortex.o)
 .text.HAL_NVIC_SetPendingIRQ
                0x00000000       0x1c C:\Users\Przemek\Desktop\MIKROKONTROLERY\workmench\stm32f4discovery_hal_lib\Release\libstm32f4discovery_hal_lib.a(stm32f4xx_hal_cortex.o)
 .text.HAL_NVIC_GetPendingIRQ
                0x00000000       0x1c C:\Users\Przemek\Desktop\MIKROKONTROLERY\workmench\stm32f4discovery_hal_lib\Release\libstm32f4discovery_hal_lib.a(stm32f4xx_hal_cortex.o)
 .text.HAL_NVIC_ClearPendingIRQ
                0x00000000       0x1c C:\Users\Przemek\Desktop\MIKROKONTROLERY\workmench\stm32f4discovery_hal_lib\Release\libstm32f4discovery_hal_lib.a(stm32f4xx_hal_cortex.o)
 .text.HAL_NVIC_GetActive
                0x00000000       0x1c C:\Users\Przemek\Desktop\MIKROKONTROLERY\workmench\stm32f4discovery_hal_lib\Release\libstm32f4discovery_hal_lib.a(stm32f4xx_hal_cortex.o)
 .text.HAL_SYSTICK_CLKSourceConfig
                0x00000000       0x18 C:\Users\Przemek\Desktop\MIKROKONTROLERY\workmench\stm32f4discovery_hal_lib\Release\libstm32f4discovery_hal_lib.a(stm32f4xx_hal_cortex.o)
 .text          0x00000000        0x0 C:\Users\Przemek\Desktop\MIKROKONTROLERY\workmench\stm32f4discovery_hal_lib\Release\libstm32f4discovery_hal_lib.a(stm32f4xx_hal_gpio.o)
 .data          0x00000000        0x0 C:\Users\Przemek\Desktop\MIKROKONTROLERY\workmench\stm32f4discovery_hal_lib\Release\libstm32f4discovery_hal_lib.a(stm32f4xx_hal_gpio.o)
 .bss           0x00000000        0x0 C:\Users\Przemek\Desktop\MIKROKONTROLERY\workmench\stm32f4discovery_hal_lib\Release\libstm32f4discovery_hal_lib.a(stm32f4xx_hal_gpio.o)
 .text.HAL_GPIO_DeInit
                0x00000000      0x164 C:\Users\Przemek\Desktop\MIKROKONTROLERY\workmench\stm32f4discovery_hal_lib\Release\libstm32f4discovery_hal_lib.a(stm32f4xx_hal_gpio.o)
 .text.HAL_GPIO_ReadPin
                0x00000000        0xc C:\Users\Przemek\Desktop\MIKROKONTROLERY\workmench\stm32f4discovery_hal_lib\Release\libstm32f4discovery_hal_lib.a(stm32f4xx_hal_gpio.o)
 .text.HAL_GPIO_WritePin
                0x00000000        0x8 C:\Users\Przemek\Desktop\MIKROKONTROLERY\workmench\stm32f4discovery_hal_lib\Release\libstm32f4discovery_hal_lib.a(stm32f4xx_hal_gpio.o)
 .text.HAL_GPIO_LockPin
                0x00000000       0x2c C:\Users\Przemek\Desktop\MIKROKONTROLERY\workmench\stm32f4discovery_hal_lib\Release\libstm32f4discovery_hal_lib.a(stm32f4xx_hal_gpio.o)
 .text.HAL_GPIO_EXTI_Callback
                0x00000000        0x4 C:\Users\Przemek\Desktop\MIKROKONTROLERY\workmench\stm32f4discovery_hal_lib\Release\libstm32f4discovery_hal_lib.a(stm32f4xx_hal_gpio.o)
 .text.HAL_GPIO_EXTI_IRQHandler
                0x00000000       0x18 C:\Users\Przemek\Desktop\MIKROKONTROLERY\workmench\stm32f4discovery_hal_lib\Release\libstm32f4discovery_hal_lib.a(stm32f4xx_hal_gpio.o)
 .text          0x00000000        0x0 c:/ac6/systemworkbench/plugins/fr.ac6.mcu.externaltools.arm-none.win32_1.7.0.201602121829/tools/compiler/bin/../lib/gcc/arm-none-eabi/5.2.1/../../../../arm-none-eabi/lib/armv7e-m/fpu\libc.a(lib_a-errno.o)
 .data          0x00000000        0x0 c:/ac6/systemworkbench/plugins/fr.ac6.mcu.externaltools.arm-none.win32_1.7.0.201602121829/tools/compiler/bin/../lib/gcc/arm-none-eabi/5.2.1/../../../../arm-none-eabi/lib/armv7e-m/fpu\libc.a(lib_a-errno.o)
 .bss           0x00000000        0x0 c:/ac6/systemworkbench/plugins/fr.ac6.mcu.externaltools.arm-none.win32_1.7.0.201602121829/tools/compiler/bin/../lib/gcc/arm-none-eabi/5.2.1/../../../../arm-none-eabi/lib/armv7e-m/fpu\libc.a(lib_a-errno.o)
 .text.__errno  0x00000000        0xc c:/ac6/systemworkbench/plugins/fr.ac6.mcu.externaltools.arm-none.win32_1.7.0.201602121829/tools/compiler/bin/../lib/gcc/arm-none-eabi/5.2.1/../../../../arm-none-eabi/lib/armv7e-m/fpu\libc.a(lib_a-errno.o)
 .debug_frame   0x00000000       0x20 c:/ac6/systemworkbench/plugins/fr.ac6.mcu.externaltools.arm-none.win32_1.7.0.201602121829/tools/compiler/bin/../lib/gcc/arm-none-eabi/5.2.1/../../../../arm-none-eabi/lib/armv7e-m/fpu\libc.a(lib_a-errno.o)
 .ARM.attributes
                0x00000000       0x34 c:/ac6/systemworkbench/plugins/fr.ac6.mcu.externaltools.arm-none.win32_1.7.0.201602121829/tools/compiler/bin/../lib/gcc/arm-none-eabi/5.2.1/../../../../arm-none-eabi/lib/armv7e-m/fpu\libc.a(lib_a-errno.o)
 .text          0x00000000        0x0 c:/ac6/systemworkbench/plugins/fr.ac6.mcu.externaltools.arm-none.win32_1.7.0.201602121829/tools/compiler/bin/../lib/gcc/arm-none-eabi/5.2.1/../../../../arm-none-eabi/lib/armv7e-m/fpu\libc.a(lib_a-exit.o)
 .data          0x00000000        0x0 c:/ac6/systemworkbench/plugins/fr.ac6.mcu.externaltools.arm-none.win32_1.7.0.201602121829/tools/compiler/bin/../lib/gcc/arm-none-eabi/5.2.1/../../../../arm-none-eabi/lib/armv7e-m/fpu\libc.a(lib_a-exit.o)
 .bss           0x00000000        0x0 c:/ac6/systemworkbench/plugins/fr.ac6.mcu.externaltools.arm-none.win32_1.7.0.201602121829/tools/compiler/bin/../lib/gcc/arm-none-eabi/5.2.1/../../../../arm-none-eabi/lib/armv7e-m/fpu\libc.a(lib_a-exit.o)
 .text.exit     0x00000000       0x20 c:/ac6/systemworkbench/plugins/fr.ac6.mcu.externaltools.arm-none.win32_1.7.0.201602121829/tools/compiler/bin/../lib/gcc/arm-none-eabi/5.2.1/../../../../arm-none-eabi/lib/armv7e-m/fpu\libc.a(lib_a-exit.o)
 .debug_frame   0x00000000       0x28 c:/ac6/systemworkbench/plugins/fr.ac6.mcu.externaltools.arm-none.win32_1.7.0.201602121829/tools/compiler/bin/../lib/gcc/arm-none-eabi/5.2.1/../../../../arm-none-eabi/lib/armv7e-m/fpu\libc.a(lib_a-exit.o)
 .ARM.attributes
                0x00000000       0x34 c:/ac6/systemworkbench/plugins/fr.ac6.mcu.externaltools.arm-none.win32_1.7.0.201602121829/tools/compiler/bin/../lib/gcc/arm-none-eabi/5.2.1/../../../../arm-none-eabi/lib/armv7e-m/fpu\libc.a(lib_a-exit.o)
 .text          0x00000000        0x0 c:/ac6/systemworkbench/plugins/fr.ac6.mcu.externaltools.arm-none.win32_1.7.0.201602121829/tools/compiler/bin/../lib/gcc/arm-none-eabi/5.2.1/../../../../arm-none-eabi/lib/armv7e-m/fpu\libc.a(lib_a-impure.o)
 .data          0x00000000        0x0 c:/ac6/systemworkbench/plugins/fr.ac6.mcu.externaltools.arm-none.win32_1.7.0.201602121829/tools/compiler/bin/../lib/gcc/arm-none-eabi/5.2.1/../../../../arm-none-eabi/lib/armv7e-m/fpu\libc.a(lib_a-impure.o)
 .bss           0x00000000        0x0 c:/ac6/systemworkbench/plugins/fr.ac6.mcu.externaltools.arm-none.win32_1.7.0.201602121829/tools/compiler/bin/../lib/gcc/arm-none-eabi/5.2.1/../../../../arm-none-eabi/lib/armv7e-m/fpu\libc.a(lib_a-impure.o)
 .data._impure_ptr
                0x00000000        0x4 c:/ac6/systemworkbench/plugins/fr.ac6.mcu.externaltools.arm-none.win32_1.7.0.201602121829/tools/compiler/bin/../lib/gcc/arm-none-eabi/5.2.1/../../../../arm-none-eabi/lib/armv7e-m/fpu\libc.a(lib_a-impure.o)
 .text          0x00000000        0x0 c:/ac6/systemworkbench/plugins/fr.ac6.mcu.externaltools.arm-none.win32_1.7.0.201602121829/tools/compiler/bin/../lib/gcc/arm-none-eabi/5.2.1/../../../../arm-none-eabi/lib/armv7e-m/fpu\libc.a(lib_a-init.o)
 .data          0x00000000        0x0 c:/ac6/systemworkbench/plugins/fr.ac6.mcu.externaltools.arm-none.win32_1.7.0.201602121829/tools/compiler/bin/../lib/gcc/arm-none-eabi/5.2.1/../../../../arm-none-eabi/lib/armv7e-m/fpu\libc.a(lib_a-init.o)
 .bss           0x00000000        0x0 c:/ac6/systemworkbench/plugins/fr.ac6.mcu.externaltools.arm-none.win32_1.7.0.201602121829/tools/compiler/bin/../lib/gcc/arm-none-eabi/5.2.1/../../../../arm-none-eabi/lib/armv7e-m/fpu\libc.a(lib_a-init.o)
 .text          0x00000000        0x0 c:/ac6/systemworkbench/plugins/fr.ac6.mcu.externaltools.arm-none.win32_1.7.0.201602121829/tools/compiler/bin/../lib/gcc/arm-none-eabi/5.2.1/../../../../arm-none-eabi/lib/armv7e-m/fpu\libc.a(lib_a-memset.o)
 .data          0x00000000        0x0 c:/ac6/systemworkbench/plugins/fr.ac6.mcu.externaltools.arm-none.win32_1.7.0.201602121829/tools/compiler/bin/../lib/gcc/arm-none-eabi/5.2.1/../../../../arm-none-eabi/lib/armv7e-m/fpu\libc.a(lib_a-memset.o)
 .bss           0x00000000        0x0 c:/ac6/systemworkbench/plugins/fr.ac6.mcu.externaltools.arm-none.win32_1.7.0.201602121829/tools/compiler/bin/../lib/gcc/arm-none-eabi/5.2.1/../../../../arm-none-eabi/lib/armv7e-m/fpu\libc.a(lib_a-memset.o)
 .text.memset   0x00000000       0x9c c:/ac6/systemworkbench/plugins/fr.ac6.mcu.externaltools.arm-none.win32_1.7.0.201602121829/tools/compiler/bin/../lib/gcc/arm-none-eabi/5.2.1/../../../../arm-none-eabi/lib/armv7e-m/fpu\libc.a(lib_a-memset.o)
 .debug_frame   0x00000000       0x34 c:/ac6/systemworkbench/plugins/fr.ac6.mcu.externaltools.arm-none.win32_1.7.0.201602121829/tools/compiler/bin/../lib/gcc/arm-none-eabi/5.2.1/../../../../arm-none-eabi/lib/armv7e-m/fpu\libc.a(lib_a-memset.o)
 .ARM.attributes
                0x00000000       0x34 c:/ac6/systemworkbench/plugins/fr.ac6.mcu.externaltools.arm-none.win32_1.7.0.201602121829/tools/compiler/bin/../lib/gcc/arm-none-eabi/5.2.1/../../../../arm-none-eabi/lib/armv7e-m/fpu\libc.a(lib_a-memset.o)
 .text          0x00000000        0x0 c:/ac6/systemworkbench/plugins/fr.ac6.mcu.externaltools.arm-none.win32_1.7.0.201602121829/tools/compiler/bin/../lib/gcc/arm-none-eabi/5.2.1/../../../../arm-none-eabi/lib/armv7e-m/fpu\libc.a(lib_a-__call_atexit.o)
 .data          0x00000000        0x0 c:/ac6/systemworkbench/plugins/fr.ac6.mcu.externaltools.arm-none.win32_1.7.0.201602121829/tools/compiler/bin/../lib/gcc/arm-none-eabi/5.2.1/../../../../arm-none-eabi/lib/armv7e-m/fpu\libc.a(lib_a-__call_atexit.o)
 .bss           0x00000000        0x0 c:/ac6/systemworkbench/plugins/fr.ac6.mcu.externaltools.arm-none.win32_1.7.0.201602121829/tools/compiler/bin/../lib/gcc/arm-none-eabi/5.2.1/../../../../arm-none-eabi/lib/armv7e-m/fpu\libc.a(lib_a-__call_atexit.o)
 .text.__call_exitprocs
                0x00000000       0xd8 c:/ac6/systemworkbench/plugins/fr.ac6.mcu.externaltools.arm-none.win32_1.7.0.201602121829/tools/compiler/bin/../lib/gcc/arm-none-eabi/5.2.1/../../../../arm-none-eabi/lib/armv7e-m/fpu\libc.a(lib_a-__call_atexit.o)
 .text          0x00000000        0x0 c:/ac6/systemworkbench/plugins/fr.ac6.mcu.externaltools.arm-none.win32_1.7.0.201602121829/tools/compiler/bin/../lib/gcc/arm-none-eabi/5.2.1/../../../../arm-none-eabi/lib/armv7e-m/fpu\libc.a(lib_a-atexit.o)
 .data          0x00000000        0x0 c:/ac6/systemworkbench/plugins/fr.ac6.mcu.externaltools.arm-none.win32_1.7.0.201602121829/tools/compiler/bin/../lib/gcc/arm-none-eabi/5.2.1/../../../../arm-none-eabi/lib/armv7e-m/fpu\libc.a(lib_a-atexit.o)
 .bss           0x00000000        0x0 c:/ac6/systemworkbench/plugins/fr.ac6.mcu.externaltools.arm-none.win32_1.7.0.201602121829/tools/compiler/bin/../lib/gcc/arm-none-eabi/5.2.1/../../../../arm-none-eabi/lib/armv7e-m/fpu\libc.a(lib_a-atexit.o)
 .text          0x00000000        0x0 c:/ac6/systemworkbench/plugins/fr.ac6.mcu.externaltools.arm-none.win32_1.7.0.201602121829/tools/compiler/bin/../lib/gcc/arm-none-eabi/5.2.1/../../../../arm-none-eabi/lib/armv7e-m/fpu\libc.a(lib_a-fini.o)
 .data          0x00000000        0x0 c:/ac6/systemworkbench/plugins/fr.ac6.mcu.externaltools.arm-none.win32_1.7.0.201602121829/tools/compiler/bin/../lib/gcc/arm-none-eabi/5.2.1/../../../../arm-none-eabi/lib/armv7e-m/fpu\libc.a(lib_a-fini.o)
 .bss           0x00000000        0x0 c:/ac6/systemworkbench/plugins/fr.ac6.mcu.externaltools.arm-none.win32_1.7.0.201602121829/tools/compiler/bin/../lib/gcc/arm-none-eabi/5.2.1/../../../../arm-none-eabi/lib/armv7e-m/fpu\libc.a(lib_a-fini.o)
 .text          0x00000000        0x0 c:/ac6/systemworkbench/plugins/fr.ac6.mcu.externaltools.arm-none.win32_1.7.0.201602121829/tools/compiler/bin/../lib/gcc/arm-none-eabi/5.2.1/../../../../arm-none-eabi/lib/armv7e-m/fpu\libc.a(lib_a-__atexit.o)
 .data          0x00000000        0x0 c:/ac6/systemworkbench/plugins/fr.ac6.mcu.externaltools.arm-none.win32_1.7.0.201602121829/tools/compiler/bin/../lib/gcc/arm-none-eabi/5.2.1/../../../../arm-none-eabi/lib/armv7e-m/fpu\libc.a(lib_a-__atexit.o)
 .bss           0x00000000        0x0 c:/ac6/systemworkbench/plugins/fr.ac6.mcu.externaltools.arm-none.win32_1.7.0.201602121829/tools/compiler/bin/../lib/gcc/arm-none-eabi/5.2.1/../../../../arm-none-eabi/lib/armv7e-m/fpu\libc.a(lib_a-__atexit.o)
 .text          0x00000000        0x0 c:/ac6/systemworkbench/plugins/fr.ac6.mcu.externaltools.arm-none.win32_1.7.0.201602121829/tools/compiler/bin/../lib/gcc/arm-none-eabi/5.2.1/armv7e-m/fpu/crtend.o
 .data          0x00000000        0x0 c:/ac6/systemworkbench/plugins/fr.ac6.mcu.externaltools.arm-none.win32_1.7.0.201602121829/tools/compiler/bin/../lib/gcc/arm-none-eabi/5.2.1/armv7e-m/fpu/crtend.o
 .bss           0x00000000        0x0 c:/ac6/systemworkbench/plugins/fr.ac6.mcu.externaltools.arm-none.win32_1.7.0.201602121829/tools/compiler/bin/../lib/gcc/arm-none-eabi/5.2.1/armv7e-m/fpu/crtend.o
 .eh_frame      0x00000000        0x4 c:/ac6/systemworkbench/plugins/fr.ac6.mcu.externaltools.arm-none.win32_1.7.0.201602121829/tools/compiler/bin/../lib/gcc/arm-none-eabi/5.2.1/armv7e-m/fpu/crtend.o
 .jcr           0x00000000        0x4 c:/ac6/systemworkbench/plugins/fr.ac6.mcu.externaltools.arm-none.win32_1.7.0.201602121829/tools/compiler/bin/../lib/gcc/arm-none-eabi/5.2.1/armv7e-m/fpu/crtend.o
 .text          0x00000000        0x0 c:/ac6/systemworkbench/plugins/fr.ac6.mcu.externaltools.arm-none.win32_1.7.0.201602121829/tools/compiler/bin/../lib/gcc/arm-none-eabi/5.2.1/armv7e-m/fpu/crtn.o
 .data          0x00000000        0x0 c:/ac6/systemworkbench/plugins/fr.ac6.mcu.externaltools.arm-none.win32_1.7.0.201602121829/tools/compiler/bin/../lib/gcc/arm-none-eabi/5.2.1/armv7e-m/fpu/crtn.o
 .bss           0x00000000        0x0 c:/ac6/systemworkbench/plugins/fr.ac6.mcu.externaltools.arm-none.win32_1.7.0.201602121829/tools/compiler/bin/../lib/gcc/arm-none-eabi/5.2.1/armv7e-m/fpu/crtn.o

Memory Configuration

Name             Origin             Length             Attributes
FLASH            0x08000000         0x00100000         xr
RAM              0x20000000         0x00030000         xrw
MEMORY_B1        0x60000000         0x00000000         xr
*default*        0x00000000         0xffffffff

Linker script and memory map

LOAD c:/ac6/systemworkbench/plugins/fr.ac6.mcu.externaltools.arm-none.win32_1.7.0.201602121829/tools/compiler/bin/../lib/gcc/arm-none-eabi/5.2.1/armv7e-m/fpu/crti.o
LOAD c:/ac6/systemworkbench/plugins/fr.ac6.mcu.externaltools.arm-none.win32_1.7.0.201602121829/tools/compiler/bin/../lib/gcc/arm-none-eabi/5.2.1/armv7e-m/fpu/crtbegin.o
LOAD c:/ac6/systemworkbench/plugins/fr.ac6.mcu.externaltools.arm-none.win32_1.7.0.201602121829/tools/compiler/bin/../lib/gcc/arm-none-eabi/5.2.1/../../../../arm-none-eabi/lib/armv7e-m/fpu/crt0.o
LOAD c:/ac6/systemworkbench/plugins/fr.ac6.mcu.externaltools.arm-none.win32_1.7.0.201602121829/tools/compiler/bin/../lib/gcc/arm-none-eabi/5.2.1/../../../../arm-none-eabi/lib/armv7e-m/fpu\libm.a
LOAD startup/startup_stm32f407xx.o
LOAD src/main.o
LOAD src/stm32f4xx_it.o
LOAD src/syscalls.o
LOAD src/system_stm32f4xx.o
LOAD C:\Users\Przemek\Desktop\MIKROKONTROLERY\workmench\stm32f4discovery_hal_lib\Release\libstm32f4discovery_hal_lib.a
START GROUP
LOAD c:/ac6/systemworkbench/plugins/fr.ac6.mcu.externaltools.arm-none.win32_1.7.0.201602121829/tools/compiler/bin/../lib/gcc/arm-none-eabi/5.2.1/armv7e-m/fpu\libgcc.a
LOAD c:/ac6/systemworkbench/plugins/fr.ac6.mcu.externaltools.arm-none.win32_1.7.0.201602121829/tools/compiler/bin/../lib/gcc/arm-none-eabi/5.2.1/../../../../arm-none-eabi/lib/armv7e-m/fpu\libc.a
END GROUP
LOAD c:/ac6/systemworkbench/plugins/fr.ac6.mcu.externaltools.arm-none.win32_1.7.0.201602121829/tools/compiler/bin/../lib/gcc/arm-none-eabi/5.2.1/armv7e-m/fpu/crtend.o
LOAD c:/ac6/systemworkbench/plugins/fr.ac6.mcu.externaltools.arm-none.win32_1.7.0.201602121829/tools/compiler/bin/../lib/gcc/arm-none-eabi/5.2.1/armv7e-m/fpu/crtn.o
                0x20020000                _estack = 0x20020000
                0x00000000                _Min_Heap_Size = 0x0
                0x00000400                _Min_Stack_Size = 0x400

.isr_vector     0x08000000      0x188
                0x08000000                . = ALIGN (0x4)
 *(.isr_vector)
 .isr_vector    0x08000000      0x188 startup/startup_stm32f407xx.o
                0x08000000                g_pfnVectors
                0x08000188                . = ALIGN (0x4)

.text           0x08000188      0x684
                0x08000188                . = ALIGN (0x4)
 *(.text)
 .text          0x08000188       0xa4 c:/ac6/systemworkbench/plugins/fr.ac6.mcu.externaltools.arm-none.win32_1.7.0.201602121829/tools/compiler/bin/../lib/gcc/arm-none-eabi/5.2.1/armv7e-m/fpu/crtbegin.o
 *(.text*)
 .text.Reset_Handler
                0x0800022c       0x50 startup/startup_stm32f407xx.o
                0x0800022c                Reset_Handler
 .text.Default_Handler
                0x0800027c        0x2 startup/startup_stm32f407xx.o
                0x0800027c                RTC_Alarm_IRQHandler
                0x0800027c                HASH_RNG_IRQHandler
                0x0800027c                EXTI2_IRQHandler
                0x0800027c                TIM8_CC_IRQHandler
                0x0800027c                DebugMon_Handler
                0x0800027c                TIM1_CC_IRQHandler
                0x0800027c                DMA2_Stream5_IRQHandler
                0x0800027c                HardFault_Handler
                0x0800027c                DMA1_Stream5_IRQHandler
                0x0800027c                PVD_IRQHandler
                0x0800027c                SDIO_IRQHandler
                0x0800027c                TAMP_STAMP_IRQHandler
                0x0800027c                PendSV_Handler
                0x0800027c                NMI_Handler
                0x0800027c                CAN2_RX1_IRQHandler
                0x0800027c                EXTI3_IRQHandler
                0x0800027c                TIM8_TRG_COM_TIM14_IRQHandler
                0x0800027c                TIM1_UP_TIM10_IRQHandler
                0x0800027c                TIM8_UP_TIM13_IRQHandler
                0x0800027c                I2C3_ER_IRQHandler
                0x0800027c                EXTI0_IRQHandler
                0x0800027c                I2C2_EV_IRQHandler
                0x0800027c                DMA1_Stream2_IRQHandler
                0x0800027c                CAN1_RX0_IRQHandler
                0x0800027c                FPU_IRQHandler
                0x0800027c                OTG_HS_WKUP_IRQHandler
                0x0800027c                UsageFault_Handler
                0x0800027c                CAN2_SCE_IRQHandler
                0x0800027c                DMA2_Stream2_IRQHandler
                0x0800027c                SPI1_IRQHandler
                0x0800027c                TIM6_DAC_IRQHandler
                0x0800027c                TIM1_BRK_TIM9_IRQHandler
                0x0800027c                DCMI_IRQHandler
                0x0800027c                CAN2_RX0_IRQHandler
                0x0800027c                DMA2_Stream3_IRQHandler
                0x0800027c                USART6_IRQHandler
                0x0800027c                USART3_IRQHandler
                0x0800027c                CAN1_RX1_IRQHandler
                0x0800027c                UART5_IRQHandler
                0x0800027c                DMA2_Stream0_IRQHandler
                0x0800027c                TIM4_IRQHandler
                0x0800027c                I2C1_EV_IRQHandler
                0x0800027c                DMA1_Stream6_IRQHandler
                0x0800027c                DMA1_Stream1_IRQHandler
                0x0800027c                UART4_IRQHandler
                0x0800027c                TIM3_IRQHandler
                0x0800027c                RCC_IRQHandler
                0x0800027c                TIM8_BRK_TIM12_IRQHandler
                0x0800027c                Default_Handler
                0x0800027c                EXTI15_10_IRQHandler
                0x0800027c                ADC_IRQHandler
                0x0800027c                DMA1_Stream7_IRQHandler
                0x0800027c                TIM7_IRQHandler
                0x0800027c                CAN2_TX_IRQHandler
                0x0800027c                TIM5_IRQHandler
                0x0800027c                DMA2_Stream7_IRQHandler
                0x0800027c                I2C3_EV_IRQHandler
                0x0800027c                EXTI9_5_IRQHandler
                0x0800027c                RTC_WKUP_IRQHandler
                0x0800027c                ETH_WKUP_IRQHandler
                0x0800027c                SPI2_IRQHandler
                0x0800027c                OTG_HS_EP1_IN_IRQHandler
                0x0800027c                MemManage_Handler
                0x0800027c                DMA1_Stream0_IRQHandler
                0x0800027c                CAN1_TX_IRQHandler
                0x0800027c                SVC_Handler
                0x0800027c                EXTI4_IRQHandler
                0x0800027c                FSMC_IRQHandler
                0x0800027c                ETH_IRQHandler
                0x0800027c                OTG_HS_EP1_OUT_IRQHandler
                0x0800027c                WWDG_IRQHandler
                0x0800027c                TIM2_IRQHandler
                0x0800027c                OTG_FS_WKUP_IRQHandler
                0x0800027c                TIM1_TRG_COM_TIM11_IRQHandler
                0x0800027c                OTG_HS_IRQHandler
                0x0800027c                EXTI1_IRQHandler
                0x0800027c                USART2_IRQHandler
                0x0800027c                I2C2_ER_IRQHandler
                0x0800027c                DMA2_Stream1_IRQHandler
                0x0800027c                CAN1_SCE_IRQHandler
                0x0800027c                FLASH_IRQHandler
                0x0800027c                DMA2_Stream4_IRQHandler
                0x0800027c                BusFault_Handler
                0x0800027c                USART1_IRQHandler
                0x0800027c                OTG_FS_IRQHandler
                0x0800027c                SPI3_IRQHandler
                0x0800027c                DMA1_Stream4_IRQHandler
                0x0800027c                I2C1_ER_IRQHandler
                0x0800027c                DMA2_Stream6_IRQHandler
                0x0800027c                DMA1_Stream3_IRQHandler
 *fill*         0x0800027e        0x2 
 .text.startup.main
                0x08000280       0x54 src/main.o
                0x08000280                main
 .text.SysTick_Handler
                0x080002d4       0x10 src/stm32f4xx_it.o
                0x080002d4                SysTick_Handler
 .text.SystemInit
                0x080002e4       0x50 src/system_stm32f4xx.o
                0x080002e4                SystemInit
 .text.HAL_MspInit
                0x08000334        0x4 C:\Users\Przemek\Desktop\MIKROKONTROLERY\workmench\stm32f4discovery_hal_lib\Release\libstm32f4discovery_hal_lib.a(stm32f4xx_hal.o)
                0x08000334                HAL_MspInit
 .text.HAL_InitTick
                0x08000338       0x2c C:\Users\Przemek\Desktop\MIKROKONTROLERY\workmench\stm32f4discovery_hal_lib\Release\libstm32f4discovery_hal_lib.a(stm32f4xx_hal.o)
                0x08000338                HAL_InitTick
 .text.HAL_Init
                0x08000364       0x2c C:\Users\Przemek\Desktop\MIKROKONTROLERY\workmench\stm32f4discovery_hal_lib\Release\libstm32f4discovery_hal_lib.a(stm32f4xx_hal.o)
                0x08000364                HAL_Init
 .text.HAL_IncTick
                0x08000390       0x10 C:\Users\Przemek\Desktop\MIKROKONTROLERY\workmench\stm32f4discovery_hal_lib\Release\libstm32f4discovery_hal_lib.a(stm32f4xx_hal.o)
                0x08000390                HAL_IncTick
 .text.HAL_GetTick
                0x080003a0        0xc C:\Users\Przemek\Desktop\MIKROKONTROLERY\workmench\stm32f4discovery_hal_lib\Release\libstm32f4discovery_hal_lib.a(stm32f4xx_hal.o)
                0x080003a0                HAL_GetTick
 .text.HAL_Delay
                0x080003ac       0x1c C:\Users\Przemek\Desktop\MIKROKONTROLERY\workmench\stm32f4discovery_hal_lib\Release\libstm32f4discovery_hal_lib.a(stm32f4xx_hal.o)
                0x080003ac                HAL_Delay
 .text.HAL_NVIC_SetPriorityGrouping
                0x080003c8       0x24 C:\Users\Przemek\Desktop\MIKROKONTROLERY\workmench\stm32f4discovery_hal_lib\Release\libstm32f4discovery_hal_lib.a(stm32f4xx_hal_cortex.o)
                0x080003c8                HAL_NVIC_SetPriorityGrouping
 .text.HAL_NVIC_SetPriority
                0x080003ec       0x70 C:\Users\Przemek\Desktop\MIKROKONTROLERY\workmench\stm32f4discovery_hal_lib\Release\libstm32f4discovery_hal_lib.a(stm32f4xx_hal_cortex.o)
                0x080003ec                HAL_NVIC_SetPriority
 .text.HAL_SYSTICK_Config
                0x0800045c       0x34 C:\Users\Przemek\Desktop\MIKROKONTROLERY\workmench\stm32f4discovery_hal_lib\Release\libstm32f4discovery_hal_lib.a(stm32f4xx_hal_cortex.o)
                0x0800045c                HAL_SYSTICK_Config
 .text.HAL_SYSTICK_Callback
                0x08000490        0x4 C:\Users\Przemek\Desktop\MIKROKONTROLERY\workmench\stm32f4discovery_hal_lib\Release\libstm32f4discovery_hal_lib.a(stm32f4xx_hal_cortex.o)
                0x08000490                HAL_SYSTICK_Callback
 .text.HAL_SYSTICK_IRQHandler
                0x08000494        0x8 C:\Users\Przemek\Desktop\MIKROKONTROLERY\workmench\stm32f4discovery_hal_lib\Release\libstm32f4discovery_hal_lib.a(stm32f4xx_hal_cortex.o)
                0x08000494                HAL_SYSTICK_IRQHandler
 .text.HAL_GPIO_Init
                0x0800049c      0x20c C:\Users\Przemek\Desktop\MIKROKONTROLERY\workmench\stm32f4discovery_hal_lib\Release\libstm32f4discovery_hal_lib.a(stm32f4xx_hal_gpio.o)
                0x0800049c                HAL_GPIO_Init
 .text.HAL_GPIO_TogglePin
                0x080006a8        0x8 C:\Users\Przemek\Desktop\MIKROKONTROLERY\workmench\stm32f4discovery_hal_lib\Release\libstm32f4discovery_hal_lib.a(stm32f4xx_hal_gpio.o)
                0x080006a8                HAL_GPIO_TogglePin
 .text.__libc_init_array
                0x080006b0       0x50 c:/ac6/systemworkbench/plugins/fr.ac6.mcu.externaltools.arm-none.win32_1.7.0.201602121829/tools/compiler/bin/../lib/gcc/arm-none-eabi/5.2.1/../../../../arm-none-eabi/lib/armv7e-m/fpu\libc.a(lib_a-init.o)
                0x080006b0                __libc_init_array
 .text.startup.register_fini
                0x08000700       0x14 c:/ac6/systemworkbench/plugins/fr.ac6.mcu.externaltools.arm-none.win32_1.7.0.201602121829/tools/compiler/bin/../lib/gcc/arm-none-eabi/5.2.1/../../../../arm-none-eabi/lib/armv7e-m/fpu\libc.a(lib_a-__call_atexit.o)
 .text.atexit   0x08000714        0xc c:/ac6/systemworkbench/plugins/fr.ac6.mcu.externaltools.arm-none.win32_1.7.0.201602121829/tools/compiler/bin/../lib/gcc/arm-none-eabi/5.2.1/../../../../arm-none-eabi/lib/armv7e-m/fpu\libc.a(lib_a-atexit.o)
                0x08000714                atexit
 .text.__libc_fini_array
                0x08000720       0x28 c:/ac6/systemworkbench/plugins/fr.ac6.mcu.externaltools.arm-none.win32_1.7.0.201602121829/tools/compiler/bin/../lib/gcc/arm-none-eabi/5.2.1/../../../../arm-none-eabi/lib/armv7e-m/fpu\libc.a(lib_a-fini.o)
                0x08000720                __libc_fini_array
 .text.__register_exitproc
                0x08000748       0xa4 c:/ac6/systemworkbench/plugins/fr.ac6.mcu.externaltools.arm-none.win32_1.7.0.201602121829/tools/compiler/bin/../lib/gcc/arm-none-eabi/5.2.1/../../../../arm-none-eabi/lib/armv7e-m/fpu\libc.a(lib_a-__atexit.o)
                0x08000748                __register_exitproc
 *(.rodata)
 *(.rodata*)
 .rodata.str1.4
                0x080007ec        0x4 c:/ac6/systemworkbench/plugins/fr.ac6.mcu.externaltools.arm-none.win32_1.7.0.201602121829/tools/compiler/bin/../lib/gcc/arm-none-eabi/5.2.1/../../../../arm-none-eabi/lib/armv7e-m/fpu\libc.a(lib_a-impure.o)
                                  0x2 (size before relaxing)
 .rodata._global_impure_ptr
                0x080007f0        0x4 c:/ac6/systemworkbench/plugins/fr.ac6.mcu.externaltools.arm-none.win32_1.7.0.201602121829/tools/compiler/bin/../lib/gcc/arm-none-eabi/5.2.1/../../../../arm-none-eabi/lib/armv7e-m/fpu\libc.a(lib_a-impure.o)
                0x080007f0                _global_impure_ptr
 *(.glue_7)
 .glue_7        0x080007f4        0x0 linker stubs
 *(.glue_7t)
 .glue_7t       0x080007f4        0x0 linker stubs
 *(.eh_frame)
 .eh_frame      0x080007f4        0x0 c:/ac6/systemworkbench/plugins/fr.ac6.mcu.externaltools.arm-none.win32_1.7.0.201602121829/tools/compiler/bin/../lib/gcc/arm-none-eabi/5.2.1/armv7e-m/fpu/crtbegin.o
 *(.init)
 .init          0x080007f4        0x4 c:/ac6/systemworkbench/plugins/fr.ac6.mcu.externaltools.arm-none.win32_1.7.0.201602121829/tools/compiler/bin/../lib/gcc/arm-none-eabi/5.2.1/armv7e-m/fpu/crti.o
                0x080007f4                _init
 .init          0x080007f8        0x8 c:/ac6/systemworkbench/plugins/fr.ac6.mcu.externaltools.arm-none.win32_1.7.0.201602121829/tools/compiler/bin/../lib/gcc/arm-none-eabi/5.2.1/armv7e-m/fpu/crtn.o
 *(.fini)
 .fini          0x08000800        0x4 c:/ac6/systemworkbench/plugins/fr.ac6.mcu.externaltools.arm-none.win32_1.7.0.201602121829/tools/compiler/bin/../lib/gcc/arm-none-eabi/5.2.1/armv7e-m/fpu/crti.o
                0x08000800                _fini
 .fini          0x08000804        0x8 c:/ac6/systemworkbench/plugins/fr.ac6.mcu.externaltools.arm-none.win32_1.7.0.201602121829/tools/compiler/bin/../lib/gcc/arm-none-eabi/5.2.1/armv7e-m/fpu/crtn.o
                0x0800080c                . = ALIGN (0x4)
                0x0800080c                _etext = .

.vfp11_veneer   0x0800080c        0x0
 .vfp11_veneer  0x0800080c        0x0 linker stubs

.v4_bx          0x0800080c        0x0
 .v4_bx         0x0800080c        0x0 linker stubs

.iplt           0x0800080c        0x0
 .iplt          0x0800080c        0x0 c:/ac6/systemworkbench/plugins/fr.ac6.mcu.externaltools.arm-none.win32_1.7.0.201602121829/tools/compiler/bin/../lib/gcc/arm-none-eabi/5.2.1/armv7e-m/fpu/crtbegin.o

.rel.dyn        0x0800080c        0x0
 .rel.iplt      0x0800080c        0x0 c:/ac6/systemworkbench/plugins/fr.ac6.mcu.externaltools.arm-none.win32_1.7.0.201602121829/tools/compiler/bin/../lib/gcc/arm-none-eabi/5.2.1/armv7e-m/fpu/crtbegin.o

.ARM.extab
 *(.ARM.extab* .gnu.linkonce.armextab.*)

.ARM            0x0800080c        0x0
                0x0800080c                __exidx_start = .
 *(.ARM.exidx*)
                0x0800080c                __exidx_end = .

.preinit_array  0x0800080c        0x0
                0x0800080c                PROVIDE (__preinit_array_start, .)
 *(.preinit_array*)
                0x0800080c                PROVIDE (__preinit_array_end, .)

.init_array     0x0800080c        0x8
                0x0800080c                PROVIDE (__init_array_start, .)
 *(SORT(.init_array.*))
 .init_array.00000
                0x0800080c        0x4 c:/ac6/systemworkbench/plugins/fr.ac6.mcu.externaltools.arm-none.win32_1.7.0.201602121829/tools/compiler/bin/../lib/gcc/arm-none-eabi/5.2.1/../../../../arm-none-eabi/lib/armv7e-m/fpu\libc.a(lib_a-__call_atexit.o)
 *(.init_array*)
 .init_array    0x08000810        0x4 c:/ac6/systemworkbench/plugins/fr.ac6.mcu.externaltools.arm-none.win32_1.7.0.201602121829/tools/compiler/bin/../lib/gcc/arm-none-eabi/5.2.1/armv7e-m/fpu/crtbegin.o
                0x08000814                PROVIDE (__init_array_end, .)

.fini_array     0x08000814        0x4
                0x08000814                PROVIDE (__fini_array_start, .)
 *(.fini_array*)
 .fini_array    0x08000814        0x4 c:/ac6/systemworkbench/plugins/fr.ac6.mcu.externaltools.arm-none.win32_1.7.0.201602121829/tools/compiler/bin/../lib/gcc/arm-none-eabi/5.2.1/armv7e-m/fpu/crtbegin.o
 *(SORT(.fini_array.*))
                0x08000818                PROVIDE (__fini_array_end, .)
                0x08000818                _sidata = .

.data           0x20000000      0x440 load address 0x08000818
                0x20000000                . = ALIGN (0x4)
                0x20000000                _sdata = .
 *(.data)
 .data          0x20000000       0x14 src/system_stm32f4xx.o
                0x20000000                AHBPrescTable
                0x20000010                SystemCoreClock
 *(.data*)
 *fill*         0x20000014        0x4 
 .data.impure_data
                0x20000018      0x428 c:/ac6/systemworkbench/plugins/fr.ac6.mcu.externaltools.arm-none.win32_1.7.0.201602121829/tools/compiler/bin/../lib/gcc/arm-none-eabi/5.2.1/../../../../arm-none-eabi/lib/armv7e-m/fpu\libc.a(lib_a-impure.o)
                0x20000440                . = ALIGN (0x4)
                0x20000440                _edata = .

.jcr            0x20000440        0x0 load address 0x08000c58
 .jcr           0x20000440        0x0 c:/ac6/systemworkbench/plugins/fr.ac6.mcu.externaltools.arm-none.win32_1.7.0.201602121829/tools/compiler/bin/../lib/gcc/arm-none-eabi/5.2.1/armv7e-m/fpu/crtbegin.o

.tm_clone_table
                0x20000440        0x0 load address 0x08000c58
 .tm_clone_table
                0x20000440        0x0 c:/ac6/systemworkbench/plugins/fr.ac6.mcu.externaltools.arm-none.win32_1.7.0.201602121829/tools/compiler/bin/../lib/gcc/arm-none-eabi/5.2.1/armv7e-m/fpu/crtbegin.o
 .tm_clone_table
                0x20000440        0x0 c:/ac6/systemworkbench/plugins/fr.ac6.mcu.externaltools.arm-none.win32_1.7.0.201602121829/tools/compiler/bin/../lib/gcc/arm-none-eabi/5.2.1/armv7e-m/fpu/crtend.o

.igot.plt       0x20000440        0x0 load address 0x08000c58
 .igot.plt      0x20000440        0x0 c:/ac6/systemworkbench/plugins/fr.ac6.mcu.externaltools.arm-none.win32_1.7.0.201602121829/tools/compiler/bin/../lib/gcc/arm-none-eabi/5.2.1/armv7e-m/fpu/crtbegin.o
                0x20000440                . = ALIGN (0x4)

.bss            0x20000440       0x20 load address 0x08000c58
                0x20000440                _sbss = .
                0x20000440                __bss_start__ = _sbss
 *(.bss)
 .bss           0x20000440       0x1c c:/ac6/systemworkbench/plugins/fr.ac6.mcu.externaltools.arm-none.win32_1.7.0.201602121829/tools/compiler/bin/../lib/gcc/arm-none-eabi/5.2.1/armv7e-m/fpu/crtbegin.o
 *(.bss*)
 *(COMMON)
 COMMON         0x2000045c        0x4 C:\Users\Przemek\Desktop\MIKROKONTROLERY\workmench\stm32f4discovery_hal_lib\Release\libstm32f4discovery_hal_lib.a(stm32f4xx_hal.o)
                0x2000045c                uwTick
                0x20000460                . = ALIGN (0x4)
                0x20000460                _ebss = .
                0x20000460                __bss_end__ = _ebss

._user_heap_stack
                0x20000460      0x400 load address 0x08000c78
                0x20000460                . = ALIGN (0x8)
                0x20000460                PROVIDE (end, .)
                [!provide]                PROVIDE (_end, .)
                0x20000460                . = (. + _Min_Heap_Size)
                0x20000860                . = (. + _Min_Stack_Size)
 *fill*         0x20000460      0x400 
                0x20000860                . = ALIGN (0x8)

.memory_b1_text
 *(.mb1text)
 *(.mb1text*)
 *(.mb1rodata)
 *(.mb1rodata*)

/DISCARD/
 libc.a(*)
 libm.a(*)
 libgcc.a(*)

.ARM.attributes
                0x00000000       0x30
 *(.ARM.attributes)
 .ARM.attributes
                0x00000000       0x22 c:/ac6/systemworkbench/plugins/fr.ac6.mcu.externaltools.arm-none.win32_1.7.0.201602121829/tools/compiler/bin/../lib/gcc/arm-none-eabi/5.2.1/armv7e-m/fpu/crti.o
 .ARM.attributes
                0x00000022       0x34 c:/ac6/systemworkbench/plugins/fr.ac6.mcu.externaltools.arm-none.win32_1.7.0.201602121829/tools/compiler/bin/../lib/gcc/arm-none-eabi/5.2.1/armv7e-m/fpu/crtbegin.o
 .ARM.attributes
                0x00000056       0x21 startup/startup_stm32f407xx.o
 .ARM.attributes
                0x00000077       0x39 src/main.o
 .ARM.attributes
                0x000000b0       0x39 src/stm32f4xx_it.o
 .ARM.attributes
                0x000000e9       0x39 src/system_stm32f4xx.o
 .ARM.attributes
                0x00000122       0x39 C:\Users\Przemek\Desktop\MIKROKONTROLERY\workmench\stm32f4discovery_hal_lib\Release\libstm32f4discovery_hal_lib.a(stm32f4xx_hal.o)
 .ARM.attributes
                0x0000015b       0x39 C:\Users\Przemek\Desktop\MIKROKONTROLERY\workmench\stm32f4discovery_hal_lib\Release\libstm32f4discovery_hal_lib.a(stm32f4xx_hal_cortex.o)
 .ARM.attributes
                0x00000194       0x39 C:\Users\Przemek\Desktop\MIKROKONTROLERY\workmench\stm32f4discovery_hal_lib\Release\libstm32f4discovery_hal_lib.a(stm32f4xx_hal_gpio.o)
 .ARM.attributes
                0x000001cd       0x34 c:/ac6/systemworkbench/plugins/fr.ac6.mcu.externaltools.arm-none.win32_1.7.0.201602121829/tools/compiler/bin/../lib/gcc/arm-none-eabi/5.2.1/../../../../arm-none-eabi/lib/armv7e-m/fpu\libc.a(lib_a-impure.o)
 .ARM.attributes
                0x00000201       0x34 c:/ac6/systemworkbench/plugins/fr.ac6.mcu.externaltools.arm-none.win32_1.7.0.201602121829/tools/compiler/bin/../lib/gcc/arm-none-eabi/5.2.1/../../../../arm-none-eabi/lib/armv7e-m/fpu\libc.a(lib_a-init.o)
 .ARM.attributes
                0x00000235       0x34 c:/ac6/systemworkbench/plugins/fr.ac6.mcu.externaltools.arm-none.win32_1.7.0.201602121829/tools/compiler/bin/../lib/gcc/arm-none-eabi/5.2.1/../../../../arm-none-eabi/lib/armv7e-m/fpu\libc.a(lib_a-__call_atexit.o)
 .ARM.attributes
                0x00000269       0x34 c:/ac6/systemworkbench/plugins/fr.ac6.mcu.externaltools.arm-none.win32_1.7.0.201602121829/tools/compiler/bin/../lib/gcc/arm-none-eabi/5.2.1/../../../../arm-none-eabi/lib/armv7e-m/fpu\libc.a(lib_a-atexit.o)
 .ARM.attributes
                0x0000029d       0x34 c:/ac6/systemworkbench/plugins/fr.ac6.mcu.externaltools.arm-none.win32_1.7.0.201602121829/tools/compiler/bin/../lib/gcc/arm-none-eabi/5.2.1/../../../../arm-none-eabi/lib/armv7e-m/fpu\libc.a(lib_a-fini.o)
 .ARM.attributes
                0x000002d1       0x34 c:/ac6/systemworkbench/plugins/fr.ac6.mcu.externaltools.arm-none.win32_1.7.0.201602121829/tools/compiler/bin/../lib/gcc/arm-none-eabi/5.2.1/../../../../arm-none-eabi/lib/armv7e-m/fpu\libc.a(lib_a-__atexit.o)
 .ARM.attributes
                0x00000305       0x34 c:/ac6/systemworkbench/plugins/fr.ac6.mcu.externaltools.arm-none.win32_1.7.0.201602121829/tools/compiler/bin/../lib/gcc/arm-none-eabi/5.2.1/armv7e-m/fpu/crtend.o
 .ARM.attributes
                0x00000339       0x22 c:/ac6/systemworkbench/plugins/fr.ac6.mcu.externaltools.arm-none.win32_1.7.0.201602121829/tools/compiler/bin/../lib/gcc/arm-none-eabi/5.2.1/armv7e-m/fpu/crtn.o
OUTPUT(GPIO_basic.elf elf32-littlearm)

.debug_line     0x00000000       0x7f
 .debug_line    0x00000000       0x7f startup/startup_stm32f407xx.o

.debug_info     0x00000000       0x8c
 .debug_info    0x00000000       0x8c startup/startup_stm32f407xx.o

.debug_abbrev   0x00000000       0x12
 .debug_abbrev  0x00000000       0x12 startup/startup_stm32f407xx.o

.debug_aranges  0x00000000       0x28
 .debug_aranges
                0x00000000       0x28 startup/startup_stm32f407xx.o

.debug_ranges   0x00000000       0x20
 .debug_ranges  0x00000000       0x20 startup/startup_stm32f407xx.o

.comment        0x00000000       0x6e
 .comment       0x00000000       0x6e src/main.o
                                 0x6f (size before relaxing)
 .comment       0x0000006e       0x6f src/stm32f4xx_it.o
 .comment       0x0000006e       0x6f src/system_stm32f4xx.o
 .comment       0x0000006e       0x6f C:\Users\Przemek\Desktop\MIKROKONTROLERY\workmench\stm32f4discovery_hal_lib\Release\libstm32f4discovery_hal_lib.a(stm32f4xx_hal.o)
 .comment       0x0000006e       0x6f C:\Users\Przemek\Desktop\MIKROKONTROLERY\workmench\stm32f4discovery_hal_lib\Release\libstm32f4discovery_hal_lib.a(stm32f4xx_hal_cortex.o)
 .comment       0x0000006e       0x6f C:\Users\Przemek\Desktop\MIKROKONTROLERY\workmench\stm32f4discovery_hal_lib\Release\libstm32f4discovery_hal_lib.a(stm32f4xx_hal_gpio.o)

.debug_frame    0x00000000      0x104
 .debug_frame   0x00000000       0x2c c:/ac6/systemworkbench/plugins/fr.ac6.mcu.externaltools.arm-none.win32_1.7.0.201602121829/tools/compiler/bin/../lib/gcc/arm-none-eabi/5.2.1/../../../../arm-none-eabi/lib/armv7e-m/fpu\libc.a(lib_a-init.o)
 .debug_frame   0x0000002c       0x50 c:/ac6/systemworkbench/plugins/fr.ac6.mcu.externaltools.arm-none.win32_1.7.0.201602121829/tools/compiler/bin/../lib/gcc/arm-none-eabi/5.2.1/../../../../arm-none-eabi/lib/armv7e-m/fpu\libc.a(lib_a-__call_atexit.o)
 .debug_frame   0x0000007c       0x20 c:/ac6/systemworkbench/plugins/fr.ac6.mcu.externaltools.arm-none.win32_1.7.0.201602121829/tools/compiler/bin/../lib/gcc/arm-none-eabi/5.2.1/../../../../arm-none-eabi/lib/armv7e-m/fpu\libc.a(lib_a-atexit.o)
 .debug_frame   0x0000009c       0x34 c:/ac6/systemworkbench/plugins/fr.ac6.mcu.externaltools.arm-none.win32_1.7.0.201602121829/tools/compiler/bin/../lib/gcc/arm-none-eabi/5.2.1/../../../../arm-none-eabi/lib/armv7e-m/fpu\libc.a(lib_a-fini.o)
 .debug_frame   0x000000d0       0x34 c:/ac6/systemworkbench/plugins/fr.ac6.mcu.externaltools.arm-none.win32_1.7.0.201602121829/tools/compiler/bin/../lib/gcc/arm-none-eabi/5.2.1/../../../../arm-none-eabi/lib/armv7e-m/fpu\libc.a(lib_a-__atexit.o)
