Archive member included to satisfy reference by file (symbol)

C:\Users\Przemek\Desktop\MIKROKONTROLERY\workmench\stm32f4discovery_hal_lib\Release\libstm32f4discovery_hal_lib.a(stm32f4xx_hal.o)
                              src/main.o (HAL_Init)
C:\Users\Przemek\Desktop\MIKROKONTROLERY\workmench\stm32f4discovery_hal_lib\Release\libstm32f4discovery_hal_lib.a(stm32f4xx_hal_cortex.o)
                              C:\Users\Przemek\Desktop\MIKROKONTROLERY\workmench\stm32f4discovery_hal_lib\Release\libstm32f4discovery_hal_lib.a(stm32f4xx_hal.o) (HAL_NVIC_SetPriorityGrouping)
C:\Users\Przemek\Desktop\MIKROKONTROLERY\workmench\stm32f4discovery_hal_lib\Release\libstm32f4discovery_hal_lib.a(stm32f4xx_hal_gpio.o)
                              src/gpio.o (HAL_GPIO_Init)
C:\Users\Przemek\Desktop\MIKROKONTROLERY\workmench\stm32f4discovery_hal_lib\Release\libstm32f4discovery_hal_lib.a(stm32f4xx_hal_rcc.o)
                              src/rcc.o (HAL_RCC_OscConfig)
c:/ac6/systemworkbench/plugins/fr.ac6.mcu.externaltools.arm-none.win32_1.7.0.201602121829/tools/compiler/bin/../lib/gcc/arm-none-eabi/5.2.1/../../../../arm-none-eabi/lib/armv7e-m/fpu\libc.a(lib_a-errno.o)
                              src/syscalls.o (__errno)
c:/ac6/systemworkbench/plugins/fr.ac6.mcu.externaltools.arm-none.win32_1.7.0.201602121829/tools/compiler/bin/../lib/gcc/arm-none-eabi/5.2.1/../../../../arm-none-eabi/lib/armv7e-m/fpu\libc.a(lib_a-exit.o)
                              c:/ac6/systemworkbench/plugins/fr.ac6.mcu.externaltools.arm-none.win32_1.7.0.201602121829/tools/compiler/bin/../lib/gcc/arm-none-eabi/5.2.1/../../../../arm-none-eabi/lib/armv7e-m/fpu/crt0.o (exit)
c:/ac6/systemworkbench/plugins/fr.ac6.mcu.externaltools.arm-none.win32_1.7.0.201602121829/tools/compiler/bin/../lib/gcc/arm-none-eabi/5.2.1/../../../../arm-none-eabi/lib/armv7e-m/fpu\libc.a(lib_a-impure.o)
                              c:/ac6/systemworkbench/plugins/fr.ac6.mcu.externaltools.arm-none.win32_1.7.0.201602121829/tools/compiler/bin/../lib/gcc/arm-none-eabi/5.2.1/../../../../arm-none-eabi/lib/armv7e-m/fpu\libc.a(lib_a-exit.o) (_global_impure_ptr)
c:/ac6/systemworkbench/plugins/fr.ac6.mcu.externaltools.arm-none.win32_1.7.0.201602121829/tools/compiler/bin/../lib/gcc/arm-none-eabi/5.2.1/../../../../arm-none-eabi/lib/armv7e-m/fpu\libc.a(lib_a-init.o)
                              c:/ac6/systemworkbench/plugins/fr.ac6.mcu.externaltools.arm-none.win32_1.7.0.201602121829/tools/compiler/bin/../lib/gcc/arm-none-eabi/5.2.1/../../../../arm-none-eabi/lib/armv7e-m/fpu/crt0.o (__libc_init_array)
c:/ac6/systemworkbench/plugins/fr.ac6.mcu.externaltools.arm-none.win32_1.7.0.201602121829/tools/compiler/bin/../lib/gcc/arm-none-eabi/5.2.1/../../../../arm-none-eabi/lib/armv7e-m/fpu\libc.a(lib_a-memcpy.o)
                              Middlewares/Third_Party/FreeRTOS/Source/queue.o (memcpy)
c:/ac6/systemworkbench/plugins/fr.ac6.mcu.externaltools.arm-none.win32_1.7.0.201602121829/tools/compiler/bin/../lib/gcc/arm-none-eabi/5.2.1/../../../../arm-none-eabi/lib/armv7e-m/fpu\libc.a(lib_a-memset.o)
                              c:/ac6/systemworkbench/plugins/fr.ac6.mcu.externaltools.arm-none.win32_1.7.0.201602121829/tools/compiler/bin/../lib/gcc/arm-none-eabi/5.2.1/../../../../arm-none-eabi/lib/armv7e-m/fpu/crt0.o (memset)
c:/ac6/systemworkbench/plugins/fr.ac6.mcu.externaltools.arm-none.win32_1.7.0.201602121829/tools/compiler/bin/../lib/gcc/arm-none-eabi/5.2.1/../../../../arm-none-eabi/lib/armv7e-m/fpu\libc.a(lib_a-__call_atexit.o)
                              c:/ac6/systemworkbench/plugins/fr.ac6.mcu.externaltools.arm-none.win32_1.7.0.201602121829/tools/compiler/bin/../lib/gcc/arm-none-eabi/5.2.1/../../../../arm-none-eabi/lib/armv7e-m/fpu\libc.a(lib_a-exit.o) (__call_exitprocs)
c:/ac6/systemworkbench/plugins/fr.ac6.mcu.externaltools.arm-none.win32_1.7.0.201602121829/tools/compiler/bin/../lib/gcc/arm-none-eabi/5.2.1/../../../../arm-none-eabi/lib/armv7e-m/fpu\libc.a(lib_a-atexit.o)
                              c:/ac6/systemworkbench/plugins/fr.ac6.mcu.externaltools.arm-none.win32_1.7.0.201602121829/tools/compiler/bin/../lib/gcc/arm-none-eabi/5.2.1/../../../../arm-none-eabi/lib/armv7e-m/fpu\libc.a(lib_a-__call_atexit.o) (atexit)
c:/ac6/systemworkbench/plugins/fr.ac6.mcu.externaltools.arm-none.win32_1.7.0.201602121829/tools/compiler/bin/../lib/gcc/arm-none-eabi/5.2.1/../../../../arm-none-eabi/lib/armv7e-m/fpu\libc.a(lib_a-fini.o)
                              c:/ac6/systemworkbench/plugins/fr.ac6.mcu.externaltools.arm-none.win32_1.7.0.201602121829/tools/compiler/bin/../lib/gcc/arm-none-eabi/5.2.1/../../../../arm-none-eabi/lib/armv7e-m/fpu\libc.a(lib_a-__call_atexit.o) (__libc_fini_array)
c:/ac6/systemworkbench/plugins/fr.ac6.mcu.externaltools.arm-none.win32_1.7.0.201602121829/tools/compiler/bin/../lib/gcc/arm-none-eabi/5.2.1/../../../../arm-none-eabi/lib/armv7e-m/fpu\libc.a(lib_a-__atexit.o)
                              c:/ac6/systemworkbench/plugins/fr.ac6.mcu.externaltools.arm-none.win32_1.7.0.201602121829/tools/compiler/bin/../lib/gcc/arm-none-eabi/5.2.1/../../../../arm-none-eabi/lib/armv7e-m/fpu\libc.a(lib_a-atexit.o) (__register_exitproc)

Allocating common symbols
Common symbol       size              file

Task_GPIO_13        0x4               src/main.o
uwTick              0x4               C:\Users\Przemek\Desktop\MIKROKONTROLERY\workmench\stm32f4discovery_hal_lib\Release\libstm32f4discovery_hal_lib.a(stm32f4xx_hal.o)
xQueueRegistry      0x40              Middlewares/Third_Party/FreeRTOS/Source/queue.o
Task_GPIO_12        0x4               src/main.o
Task_GPIO_15        0x4               src/main.o

Discarded input sections

 .text          0x00000000        0x0 c:/ac6/systemworkbench/plugins/fr.ac6.mcu.externaltools.arm-none.win32_1.7.0.201602121829/tools/compiler/bin/../lib/gcc/arm-none-eabi/5.2.1/armv7e-m/fpu/crti.o
 .data          0x00000000        0x0 c:/ac6/systemworkbench/plugins/fr.ac6.mcu.externaltools.arm-none.win32_1.7.0.201602121829/tools/compiler/bin/../lib/gcc/arm-none-eabi/5.2.1/armv7e-m/fpu/crti.o
 .bss           0x00000000        0x0 c:/ac6/systemworkbench/plugins/fr.ac6.mcu.externaltools.arm-none.win32_1.7.0.201602121829/tools/compiler/bin/../lib/gcc/arm-none-eabi/5.2.1/armv7e-m/fpu/crti.o
 .data          0x00000000        0x4 c:/ac6/systemworkbench/plugins/fr.ac6.mcu.externaltools.arm-none.win32_1.7.0.201602121829/tools/compiler/bin/../lib/gcc/arm-none-eabi/5.2.1/armv7e-m/fpu/crtbegin.o
 .text          0x00000000       0x74 c:/ac6/systemworkbench/plugins/fr.ac6.mcu.externaltools.arm-none.win32_1.7.0.201602121829/tools/compiler/bin/../lib/gcc/arm-none-eabi/5.2.1/../../../../arm-none-eabi/lib/armv7e-m/fpu/crt0.o
 .data          0x00000000        0x0 c:/ac6/systemworkbench/plugins/fr.ac6.mcu.externaltools.arm-none.win32_1.7.0.201602121829/tools/compiler/bin/../lib/gcc/arm-none-eabi/5.2.1/../../../../arm-none-eabi/lib/armv7e-m/fpu/crt0.o
 .bss           0x00000000        0x0 c:/ac6/systemworkbench/plugins/fr.ac6.mcu.externaltools.arm-none.win32_1.7.0.201602121829/tools/compiler/bin/../lib/gcc/arm-none-eabi/5.2.1/../../../../arm-none-eabi/lib/armv7e-m/fpu/crt0.o
 .ARM.extab     0x00000000        0x0 c:/ac6/systemworkbench/plugins/fr.ac6.mcu.externaltools.arm-none.win32_1.7.0.201602121829/tools/compiler/bin/../lib/gcc/arm-none-eabi/5.2.1/../../../../arm-none-eabi/lib/armv7e-m/fpu/crt0.o
 .ARM.exidx     0x00000000        0x8 c:/ac6/systemworkbench/plugins/fr.ac6.mcu.externaltools.arm-none.win32_1.7.0.201602121829/tools/compiler/bin/../lib/gcc/arm-none-eabi/5.2.1/../../../../arm-none-eabi/lib/armv7e-m/fpu/crt0.o
 .ARM.attributes
                0x00000000       0x20 c:/ac6/systemworkbench/plugins/fr.ac6.mcu.externaltools.arm-none.win32_1.7.0.201602121829/tools/compiler/bin/../lib/gcc/arm-none-eabi/5.2.1/../../../../arm-none-eabi/lib/armv7e-m/fpu/crt0.o
 .text          0x00000000       0x14 startup/startup_stm32f407xx.o
 .data          0x00000000        0x0 startup/startup_stm32f407xx.o
 .bss           0x00000000        0x0 startup/startup_stm32f407xx.o
 .text          0x00000000        0x0 src/gpio.o
 .data          0x00000000        0x0 src/gpio.o
 .bss           0x00000000        0x0 src/gpio.o
 .text          0x00000000        0x0 src/main.o
 .data          0x00000000        0x0 src/main.o
 .bss           0x00000000        0x0 src/main.o
 .text          0x00000000        0x0 src/rcc.o
 .data          0x00000000        0x0 src/rcc.o
 .bss           0x00000000        0x0 src/rcc.o
 .text.Error_Handler
                0x00000000        0x4 src/rcc.o
 .text          0x00000000        0x0 src/stm32f4xx_it.o
 .data          0x00000000        0x0 src/stm32f4xx_it.o
 .bss           0x00000000        0x0 src/stm32f4xx_it.o
 .text          0x00000000        0x0 src/syscalls.o
 .data          0x00000000        0x4 src/syscalls.o
 .bss           0x00000000        0x8 src/syscalls.o
 .text.initialise_monitor_handles
                0x00000000        0x4 src/syscalls.o
 .text._getpid  0x00000000        0x4 src/syscalls.o
 .text._kill    0x00000000       0x10 src/syscalls.o
 .text._exit    0x00000000        0xc src/syscalls.o
 .text._read    0x00000000       0x1c src/syscalls.o
 .text._write   0x00000000       0x1c src/syscalls.o
 .text._sbrk    0x00000000       0x34 src/syscalls.o
 .text._close   0x00000000        0x8 src/syscalls.o
 .text._fstat   0x00000000        0xc src/syscalls.o
 .text._isatty  0x00000000        0x4 src/syscalls.o
 .text._lseek   0x00000000        0x4 src/syscalls.o
 .text._open    0x00000000        0xc src/syscalls.o
 .text._wait    0x00000000       0x10 src/syscalls.o
 .text._unlink  0x00000000       0x10 src/syscalls.o
 .text._times   0x00000000        0x8 src/syscalls.o
 .text._stat    0x00000000        0xc src/syscalls.o
 .text._link    0x00000000       0x10 src/syscalls.o
 .text._fork    0x00000000       0x10 src/syscalls.o
 .text._execve  0x00000000       0x10 src/syscalls.o
 .comment       0x00000000       0x6f src/syscalls.o
 .ARM.attributes
                0x00000000       0x39 src/syscalls.o
 .text          0x00000000        0x0 src/system_stm32f4xx.o
 .bss           0x00000000        0x0 src/system_stm32f4xx.o
 .text.SystemCoreClockUpdate
                0x00000000       0x74 src/system_stm32f4xx.o
 .text          0x00000000        0x0 src/zadania.o
 .data          0x00000000        0x0 src/zadania.o
 .bss           0x00000000        0x0 src/zadania.o
 .text          0x00000000        0x0 Middlewares/Third_Party/FreeRTOS/Source/croutine.o
 .data          0x00000000        0x0 Middlewares/Third_Party/FreeRTOS/Source/croutine.o
 .bss           0x00000000        0x0 Middlewares/Third_Party/FreeRTOS/Source/croutine.o
 .comment       0x00000000       0x6f Middlewares/Third_Party/FreeRTOS/Source/croutine.o
 .ARM.attributes
                0x00000000       0x39 Middlewares/Third_Party/FreeRTOS/Source/croutine.o
 .text          0x00000000        0x0 Middlewares/Third_Party/FreeRTOS/Source/event_groups.o
 .data          0x00000000        0x0 Middlewares/Third_Party/FreeRTOS/Source/event_groups.o
 .bss           0x00000000        0x0 Middlewares/Third_Party/FreeRTOS/Source/event_groups.o
 .text.unlikely.xEventGroupSetBits.part.0
                0x00000000       0x58 Middlewares/Third_Party/FreeRTOS/Source/event_groups.o
 .text.xEventGroupCreate
                0x00000000       0x1c Middlewares/Third_Party/FreeRTOS/Source/event_groups.o
 .text.xEventGroupWaitBits
                0x00000000      0x110 Middlewares/Third_Party/FreeRTOS/Source/event_groups.o
 .text.xEventGroupClearBits
                0x00000000       0x48 Middlewares/Third_Party/FreeRTOS/Source/event_groups.o
 .text.xEventGroupGetBitsFromISR
                0x00000000       0x1c Middlewares/Third_Party/FreeRTOS/Source/event_groups.o
 .text.xEventGroupSetBits
                0x00000000       0x30 Middlewares/Third_Party/FreeRTOS/Source/event_groups.o
 .text.xEventGroupSync
                0x00000000       0xe8 Middlewares/Third_Party/FreeRTOS/Source/event_groups.o
 .text.vEventGroupDelete
                0x00000000       0x4c Middlewares/Third_Party/FreeRTOS/Source/event_groups.o
 .text.vEventGroupSetBitsCallback
                0x00000000       0x30 Middlewares/Third_Party/FreeRTOS/Source/event_groups.o
 .text.vEventGroupClearBitsCallback
                0x00000000       0x48 Middlewares/Third_Party/FreeRTOS/Source/event_groups.o
 .text.uxEventGroupGetNumber
                0x00000000        0x8 Middlewares/Third_Party/FreeRTOS/Source/event_groups.o
 .comment       0x00000000       0x6f Middlewares/Third_Party/FreeRTOS/Source/event_groups.o
 .ARM.attributes
                0x00000000       0x39 Middlewares/Third_Party/FreeRTOS/Source/event_groups.o
 .text          0x00000000        0x0 Middlewares/Third_Party/FreeRTOS/Source/list.o
 .data          0x00000000        0x0 Middlewares/Third_Party/FreeRTOS/Source/list.o
 .bss           0x00000000        0x0 Middlewares/Third_Party/FreeRTOS/Source/list.o
 .text          0x00000000        0x0 Middlewares/Third_Party/FreeRTOS/Source/queue.o
 .data          0x00000000        0x0 Middlewares/Third_Party/FreeRTOS/Source/queue.o
 .bss           0x00000000        0x0 Middlewares/Third_Party/FreeRTOS/Source/queue.o
 .text.unlikely.prvCopyDataToQueue
                0x00000000       0x6c Middlewares/Third_Party/FreeRTOS/Source/queue.o
 .text.unlikely.prvCopyDataFromQueue
                0x00000000       0x28 Middlewares/Third_Party/FreeRTOS/Source/queue.o
 .text.prvUnlockQueue
                0x00000000       0x84 Middlewares/Third_Party/FreeRTOS/Source/queue.o
 .text.xQueueGenericReset
                0x00000000       0x90 Middlewares/Third_Party/FreeRTOS/Source/queue.o
 .text.xQueueGenericCreate
                0x00000000       0x98 Middlewares/Third_Party/FreeRTOS/Source/queue.o
 .text.xQueueCreateCountingSemaphore
                0x00000000       0x50 Middlewares/Third_Party/FreeRTOS/Source/queue.o
 .text.xQueueGenericSend
                0x00000000      0x278 Middlewares/Third_Party/FreeRTOS/Source/queue.o
 .text.xQueueCreateMutex
                0x00000000       0x4c Middlewares/Third_Party/FreeRTOS/Source/queue.o
 .text.xQueueGiveMutexRecursive
                0x00000000       0x40 Middlewares/Third_Party/FreeRTOS/Source/queue.o
 .text.xQueueGenericSendFromISR
                0x00000000       0xbc Middlewares/Third_Party/FreeRTOS/Source/queue.o
 .text.xQueueGiveFromISR
                0x00000000       0xa8 Middlewares/Third_Party/FreeRTOS/Source/queue.o
 .text.xQueueGenericReceive
                0x00000000      0x280 Middlewares/Third_Party/FreeRTOS/Source/queue.o
 .text.xQueueTakeMutexRecursive
                0x00000000       0x48 Middlewares/Third_Party/FreeRTOS/Source/queue.o
 .text.xQueueReceiveFromISR
                0x00000000       0x94 Middlewares/Third_Party/FreeRTOS/Source/queue.o
 .text.xQueuePeekFromISR
                0x00000000       0x7c Middlewares/Third_Party/FreeRTOS/Source/queue.o
 .text.uxQueueMessagesWaiting
                0x00000000       0x28 Middlewares/Third_Party/FreeRTOS/Source/queue.o
 .text.uxQueueSpacesAvailable
                0x00000000       0x2c Middlewares/Third_Party/FreeRTOS/Source/queue.o
 .text.uxQueueMessagesWaitingFromISR
                0x00000000       0x18 Middlewares/Third_Party/FreeRTOS/Source/queue.o
 .text.vQueueDelete
                0x00000000       0x9c Middlewares/Third_Party/FreeRTOS/Source/queue.o
 .text.uxQueueGetQueueNumber
                0x00000000        0x4 Middlewares/Third_Party/FreeRTOS/Source/queue.o
 .text.vQueueSetQueueNumber
                0x00000000        0x4 Middlewares/Third_Party/FreeRTOS/Source/queue.o
 .text.ucQueueGetQueueType
                0x00000000        0x8 Middlewares/Third_Party/FreeRTOS/Source/queue.o
 .text.xQueueIsQueueEmptyFromISR
                0x00000000       0x20 Middlewares/Third_Party/FreeRTOS/Source/queue.o
 .text.xQueueIsQueueFullFromISR
                0x00000000       0x24 Middlewares/Third_Party/FreeRTOS/Source/queue.o
 .text.vQueueAddToRegistry
                0x00000000       0x58 Middlewares/Third_Party/FreeRTOS/Source/queue.o
 .text.vQueueUnregisterQueue
                0x00000000       0x60 Middlewares/Third_Party/FreeRTOS/Source/queue.o
 .comment       0x00000000       0x6f Middlewares/Third_Party/FreeRTOS/Source/queue.o
 .ARM.attributes
                0x00000000       0x39 Middlewares/Third_Party/FreeRTOS/Source/queue.o
 COMMON         0x00000000       0x40 Middlewares/Third_Party/FreeRTOS/Source/queue.o
 .text          0x00000000        0x0 Middlewares/Third_Party/FreeRTOS/Source/tasks.o
 .data          0x00000000        0x0 Middlewares/Third_Party/FreeRTOS/Source/tasks.o
 .text.vTaskDelete
                0x00000000       0xd8 Middlewares/Third_Party/FreeRTOS/Source/tasks.o
 .text.uxTaskPriorityGet
                0x00000000       0x28 Middlewares/Third_Party/FreeRTOS/Source/tasks.o
 .text.uxTaskPriorityGetFromISR
                0x00000000       0x38 Middlewares/Third_Party/FreeRTOS/Source/tasks.o
 .text.vTaskPrioritySet
                0x00000000       0xe4 Middlewares/Third_Party/FreeRTOS/Source/tasks.o
 .text.vTaskSuspend
                0x00000000      0x12c Middlewares/Third_Party/FreeRTOS/Source/tasks.o
 .text.vTaskResume
                0x00000000       0x9c Middlewares/Third_Party/FreeRTOS/Source/tasks.o
 .text.xTaskResumeFromISR
                0x00000000       0xb8 Middlewares/Third_Party/FreeRTOS/Source/tasks.o
 .text.vTaskEndScheduler
                0x00000000       0x20 Middlewares/Third_Party/FreeRTOS/Source/tasks.o
 .text.xTaskGetTickCount
                0x00000000        0xc Middlewares/Third_Party/FreeRTOS/Source/tasks.o
 .text.xTaskGetTickCountFromISR
                0x00000000       0x10 Middlewares/Third_Party/FreeRTOS/Source/tasks.o
 .text.uxTaskGetNumberOfTasks
                0x00000000        0xc Middlewares/Third_Party/FreeRTOS/Source/tasks.o
 .text.uxTaskGetSystemState
                0x00000000      0x388 Middlewares/Third_Party/FreeRTOS/Source/tasks.o
 .text.vTaskPlaceOnEventList
                0x00000000       0x8c Middlewares/Third_Party/FreeRTOS/Source/tasks.o
 .text.vTaskPlaceOnUnorderedEventList
                0x00000000       0x88 Middlewares/Third_Party/FreeRTOS/Source/tasks.o
 .text.xTaskRemoveFromEventList
                0x00000000       0x7c Middlewares/Third_Party/FreeRTOS/Source/tasks.o
 .text.xTaskRemoveFromUnorderedEventList
                0x00000000       0x84 Middlewares/Third_Party/FreeRTOS/Source/tasks.o
 .text.vTaskSetTimeOutState
                0x00000000       0x28 Middlewares/Third_Party/FreeRTOS/Source/tasks.o
 .text.xTaskCheckForTimeOut
                0x00000000       0x84 Middlewares/Third_Party/FreeRTOS/Source/tasks.o
 .text.vTaskMissedYield
                0x00000000       0x10 Middlewares/Third_Party/FreeRTOS/Source/tasks.o
 .text.uxTaskGetTaskNumber
                0x00000000        0x8 Middlewares/Third_Party/FreeRTOS/Source/tasks.o
 .text.vTaskSetTaskNumber
                0x00000000        0x8 Middlewares/Third_Party/FreeRTOS/Source/tasks.o
 .text.xTaskGetCurrentTaskHandle
                0x00000000        0xc Middlewares/Third_Party/FreeRTOS/Source/tasks.o
 .text.vTaskPriorityInherit
                0x00000000       0x9c Middlewares/Third_Party/FreeRTOS/Source/tasks.o
 .text.xTaskPriorityDisinherit
                0x00000000       0xac Middlewares/Third_Party/FreeRTOS/Source/tasks.o
 .text.uxTaskResetEventItemValue
                0x00000000       0x18 Middlewares/Third_Party/FreeRTOS/Source/tasks.o
 .text.pvTaskIncrementMutexHeldCount
                0x00000000       0x18 Middlewares/Third_Party/FreeRTOS/Source/tasks.o
 .text.ulTaskNotifyTake
                0x00000000       0xc8 Middlewares/Third_Party/FreeRTOS/Source/tasks.o
 .text.xTaskNotifyWait
                0x00000000       0xf8 Middlewares/Third_Party/FreeRTOS/Source/tasks.o
 .text.xTaskGenericNotify
                0x00000000       0xe0 Middlewares/Third_Party/FreeRTOS/Source/tasks.o
 .text.xTaskGenericNotifyFromISR
                0x00000000      0x108 Middlewares/Third_Party/FreeRTOS/Source/tasks.o
 .text.vTaskNotifyGiveFromISR
                0x00000000       0xc8 Middlewares/Third_Party/FreeRTOS/Source/tasks.o
 .text.xTaskNotifyStateClear
                0x00000000       0x30 Middlewares/Third_Party/FreeRTOS/Source/tasks.o
 .text          0x00000000        0x0 Middlewares/Third_Party/FreeRTOS/Source/timers.o
 .data          0x00000000        0x0 Middlewares/Third_Party/FreeRTOS/Source/timers.o
 .bss           0x00000000        0x0 Middlewares/Third_Party/FreeRTOS/Source/timers.o
 .comment       0x00000000       0x6f Middlewares/Third_Party/FreeRTOS/Source/timers.o
 .ARM.attributes
                0x00000000       0x39 Middlewares/Third_Party/FreeRTOS/Source/timers.o
 .text          0x00000000        0x0 Middlewares/Third_Party/FreeRTOS/Source/portable/MemMang/heap_4.o
 .data          0x00000000        0x0 Middlewares/Third_Party/FreeRTOS/Source/portable/MemMang/heap_4.o
 .text.xPortGetFreeHeapSize
                0x00000000        0xc Middlewares/Third_Party/FreeRTOS/Source/portable/MemMang/heap_4.o
 .text.xPortGetMinimumEverFreeHeapSize
                0x00000000        0xc Middlewares/Third_Party/FreeRTOS/Source/portable/MemMang/heap_4.o
 .text.vPortInitialiseBlocks
                0x00000000        0x4 Middlewares/Third_Party/FreeRTOS/Source/portable/MemMang/heap_4.o
 .text          0x00000000        0x0 Middlewares/Third_Party/FreeRTOS/Source/portable/GCC/ARM_CM4F/port.o
 .text.vPortEndScheduler
                0x00000000       0x24 Middlewares/Third_Party/FreeRTOS/Source/portable/GCC/ARM_CM4F/port.o
 .text.vPortValidateInterruptPriority
                0x00000000       0x58 Middlewares/Third_Party/FreeRTOS/Source/portable/GCC/ARM_CM4F/port.o
 .text          0x00000000        0x0 Middlewares/Third_Party/FreeRTOS/Source/CMSIS_RTOS/cmsis_os.o
 .data          0x00000000        0x0 Middlewares/Third_Party/FreeRTOS/Source/CMSIS_RTOS/cmsis_os.o
 .bss           0x00000000        0x0 Middlewares/Third_Party/FreeRTOS/Source/CMSIS_RTOS/cmsis_os.o
 .text.osKernelRunning
                0x00000000       0x10 Middlewares/Third_Party/FreeRTOS/Source/CMSIS_RTOS/cmsis_os.o
 .text.osKernelSysTick
                0x00000000       0x10 Middlewares/Third_Party/FreeRTOS/Source/CMSIS_RTOS/cmsis_os.o
 .text.osThreadGetId
                0x00000000        0x4 Middlewares/Third_Party/FreeRTOS/Source/CMSIS_RTOS/cmsis_os.o
 .text.osThreadTerminate
                0x00000000        0xc Middlewares/Third_Party/FreeRTOS/Source/CMSIS_RTOS/cmsis_os.o
 .text.osThreadYield
                0x00000000       0x18 Middlewares/Third_Party/FreeRTOS/Source/CMSIS_RTOS/cmsis_os.o
 .text.osThreadSetPriority
                0x00000000       0x14 Middlewares/Third_Party/FreeRTOS/Source/CMSIS_RTOS/cmsis_os.o
 .text.osThreadGetPriority
                0x00000000       0x28 Middlewares/Third_Party/FreeRTOS/Source/CMSIS_RTOS/cmsis_os.o
 .text.osTimerCreate
                0x00000000        0x4 Middlewares/Third_Party/FreeRTOS/Source/CMSIS_RTOS/cmsis_os.o
 .text.osTimerStart
                0x00000000        0x4 Middlewares/Third_Party/FreeRTOS/Source/CMSIS_RTOS/cmsis_os.o
 .text.osTimerStop
                0x00000000        0x4 Middlewares/Third_Party/FreeRTOS/Source/CMSIS_RTOS/cmsis_os.o
 .text.osTimerDelete
                0x00000000        0x4 Middlewares/Third_Party/FreeRTOS/Source/CMSIS_RTOS/cmsis_os.o
 .text.osSignalSet
                0x00000000       0x54 Middlewares/Third_Party/FreeRTOS/Source/CMSIS_RTOS/cmsis_os.o
 .text.osSignalWait
                0x00000000       0x4c Middlewares/Third_Party/FreeRTOS/Source/CMSIS_RTOS/cmsis_os.o
 .text.osMutexCreate
                0x00000000        0x8 Middlewares/Third_Party/FreeRTOS/Source/CMSIS_RTOS/cmsis_os.o
 .text.osMutexWait
                0x00000000       0x54 Middlewares/Third_Party/FreeRTOS/Source/CMSIS_RTOS/cmsis_os.o
 .text.osMutexRelease
                0x00000000       0x50 Middlewares/Third_Party/FreeRTOS/Source/CMSIS_RTOS/cmsis_os.o
 .text.osMutexDelete
                0x00000000       0x14 Middlewares/Third_Party/FreeRTOS/Source/CMSIS_RTOS/cmsis_os.o
 .text.osSemaphoreCreate
                0x00000000       0x2c Middlewares/Third_Party/FreeRTOS/Source/CMSIS_RTOS/cmsis_os.o
 .text.osSemaphoreWait
                0x00000000       0x54 Middlewares/Third_Party/FreeRTOS/Source/CMSIS_RTOS/cmsis_os.o
 .text.osSemaphoreRelease
                0x00000000       0x50 Middlewares/Third_Party/FreeRTOS/Source/CMSIS_RTOS/cmsis_os.o
 .text.osSemaphoreDelete
                0x00000000       0x14 Middlewares/Third_Party/FreeRTOS/Source/CMSIS_RTOS/cmsis_os.o
 .text.osPoolCreate
                0x00000000       0x74 Middlewares/Third_Party/FreeRTOS/Source/CMSIS_RTOS/cmsis_os.o
 .text.osPoolAlloc
                0x00000000       0x8c Middlewares/Third_Party/FreeRTOS/Source/CMSIS_RTOS/cmsis_os.o
 .text.osPoolCAlloc
                0x00000000       0x90 Middlewares/Third_Party/FreeRTOS/Source/CMSIS_RTOS/cmsis_os.o
 .text.osPoolFree
                0x00000000       0x2c Middlewares/Third_Party/FreeRTOS/Source/CMSIS_RTOS/cmsis_os.o
 .text.osMessageCreate
                0x00000000        0x8 Middlewares/Third_Party/FreeRTOS/Source/CMSIS_RTOS/cmsis_os.o
 .text.osMessagePut
                0x00000000       0x58 Middlewares/Third_Party/FreeRTOS/Source/CMSIS_RTOS/cmsis_os.o
 .text.osMessageGet
                0x00000000       0x8c Middlewares/Third_Party/FreeRTOS/Source/CMSIS_RTOS/cmsis_os.o
 .text.osMailCreate
                0x00000000       0xc4 Middlewares/Third_Party/FreeRTOS/Source/CMSIS_RTOS/cmsis_os.o
 .text.osMailAlloc
                0x00000000       0x84 Middlewares/Third_Party/FreeRTOS/Source/CMSIS_RTOS/cmsis_os.o
 .text.osMailCAlloc
                0x00000000       0x8c Middlewares/Third_Party/FreeRTOS/Source/CMSIS_RTOS/cmsis_os.o
 .text.osMailPut
                0x00000000       0x5c Middlewares/Third_Party/FreeRTOS/Source/CMSIS_RTOS/cmsis_os.o
 .text.osMailGet
                0x00000000       0x8c Middlewares/Third_Party/FreeRTOS/Source/CMSIS_RTOS/cmsis_os.o
 .text.osMailFree
                0x00000000       0x30 Middlewares/Third_Party/FreeRTOS/Source/CMSIS_RTOS/cmsis_os.o
 .text.osThreadSuspend
                0x00000000        0xc Middlewares/Third_Party/FreeRTOS/Source/CMSIS_RTOS/cmsis_os.o
 .text.osThreadResume
                0x00000000       0x34 Middlewares/Third_Party/FreeRTOS/Source/CMSIS_RTOS/cmsis_os.o
 .text.osThreadSuspendAll
                0x00000000        0xc Middlewares/Third_Party/FreeRTOS/Source/CMSIS_RTOS/cmsis_os.o
 .text.osThreadResumeAll
                0x00000000       0x10 Middlewares/Third_Party/FreeRTOS/Source/CMSIS_RTOS/cmsis_os.o
 .text.osDelayUntil
                0x00000000        0x4 Middlewares/Third_Party/FreeRTOS/Source/CMSIS_RTOS/cmsis_os.o
 .text.osThreadList
                0x00000000        0x4 Middlewares/Third_Party/FreeRTOS/Source/CMSIS_RTOS/cmsis_os.o
 .text.osMessagePeek
                0x00000000       0x60 Middlewares/Third_Party/FreeRTOS/Source/CMSIS_RTOS/cmsis_os.o
 .text.osRecursiveMutexCreate
                0x00000000        0x8 Middlewares/Third_Party/FreeRTOS/Source/CMSIS_RTOS/cmsis_os.o
 .text.osRecursiveMutexRelease
                0x00000000       0x10 Middlewares/Third_Party/FreeRTOS/Source/CMSIS_RTOS/cmsis_os.o
 .text.osRecursiveMutexWait
                0x00000000       0x18 Middlewares/Third_Party/FreeRTOS/Source/CMSIS_RTOS/cmsis_os.o
 .text          0x00000000        0x0 C:\Users\Przemek\Desktop\MIKROKONTROLERY\workmench\stm32f4discovery_hal_lib\Release\libstm32f4discovery_hal_lib.a(stm32f4xx_hal.o)
 .data          0x00000000        0x0 C:\Users\Przemek\Desktop\MIKROKONTROLERY\workmench\stm32f4discovery_hal_lib\Release\libstm32f4discovery_hal_lib.a(stm32f4xx_hal.o)
 .bss           0x00000000        0x0 C:\Users\Przemek\Desktop\MIKROKONTROLERY\workmench\stm32f4discovery_hal_lib\Release\libstm32f4discovery_hal_lib.a(stm32f4xx_hal.o)
 .text.HAL_MspDeInit
                0x00000000        0x4 C:\Users\Przemek\Desktop\MIKROKONTROLERY\workmench\stm32f4discovery_hal_lib\Release\libstm32f4discovery_hal_lib.a(stm32f4xx_hal.o)
 .text.HAL_DeInit
                0x00000000       0x2c C:\Users\Przemek\Desktop\MIKROKONTROLERY\workmench\stm32f4discovery_hal_lib\Release\libstm32f4discovery_hal_lib.a(stm32f4xx_hal.o)
 .text.HAL_Delay
                0x00000000       0x1c C:\Users\Przemek\Desktop\MIKROKONTROLERY\workmench\stm32f4discovery_hal_lib\Release\libstm32f4discovery_hal_lib.a(stm32f4xx_hal.o)
 .text.HAL_SuspendTick
                0x00000000       0x10 C:\Users\Przemek\Desktop\MIKROKONTROLERY\workmench\stm32f4discovery_hal_lib\Release\libstm32f4discovery_hal_lib.a(stm32f4xx_hal.o)
 .text.HAL_ResumeTick
                0x00000000       0x10 C:\Users\Przemek\Desktop\MIKROKONTROLERY\workmench\stm32f4discovery_hal_lib\Release\libstm32f4discovery_hal_lib.a(stm32f4xx_hal.o)
 .text.HAL_GetHalVersion
                0x00000000        0x8 C:\Users\Przemek\Desktop\MIKROKONTROLERY\workmench\stm32f4discovery_hal_lib\Release\libstm32f4discovery_hal_lib.a(stm32f4xx_hal.o)
 .text.HAL_GetREVID
                0x00000000        0xc C:\Users\Przemek\Desktop\MIKROKONTROLERY\workmench\stm32f4discovery_hal_lib\Release\libstm32f4discovery_hal_lib.a(stm32f4xx_hal.o)
 .text.HAL_GetDEVID
                0x00000000       0x10 C:\Users\Przemek\Desktop\MIKROKONTROLERY\workmench\stm32f4discovery_hal_lib\Release\libstm32f4discovery_hal_lib.a(stm32f4xx_hal.o)
 .text.HAL_DBGMCU_EnableDBGSleepMode
                0x00000000       0x10 C:\Users\Przemek\Desktop\MIKROKONTROLERY\workmench\stm32f4discovery_hal_lib\Release\libstm32f4discovery_hal_lib.a(stm32f4xx_hal.o)
 .text.HAL_DBGMCU_DisableDBGSleepMode
                0x00000000       0x10 C:\Users\Przemek\Desktop\MIKROKONTROLERY\workmench\stm32f4discovery_hal_lib\Release\libstm32f4discovery_hal_lib.a(stm32f4xx_hal.o)
 .text.HAL_DBGMCU_EnableDBGStopMode
                0x00000000       0x10 C:\Users\Przemek\Desktop\MIKROKONTROLERY\workmench\stm32f4discovery_hal_lib\Release\libstm32f4discovery_hal_lib.a(stm32f4xx_hal.o)
 .text.HAL_DBGMCU_DisableDBGStopMode
                0x00000000       0x10 C:\Users\Przemek\Desktop\MIKROKONTROLERY\workmench\stm32f4discovery_hal_lib\Release\libstm32f4discovery_hal_lib.a(stm32f4xx_hal.o)
 .text.HAL_DBGMCU_EnableDBGStandbyMode
                0x00000000       0x10 C:\Users\Przemek\Desktop\MIKROKONTROLERY\workmench\stm32f4discovery_hal_lib\Release\libstm32f4discovery_hal_lib.a(stm32f4xx_hal.o)
 .text.HAL_DBGMCU_DisableDBGStandbyMode
                0x00000000       0x10 C:\Users\Przemek\Desktop\MIKROKONTROLERY\workmench\stm32f4discovery_hal_lib\Release\libstm32f4discovery_hal_lib.a(stm32f4xx_hal.o)
 .text.HAL_EnableCompensationCell
                0x00000000       0x18 C:\Users\Przemek\Desktop\MIKROKONTROLERY\workmench\stm32f4discovery_hal_lib\Release\libstm32f4discovery_hal_lib.a(stm32f4xx_hal.o)
 .text.HAL_DisableCompensationCell
                0x00000000       0x1c C:\Users\Przemek\Desktop\MIKROKONTROLERY\workmench\stm32f4discovery_hal_lib\Release\libstm32f4discovery_hal_lib.a(stm32f4xx_hal.o)
 .text          0x00000000        0x0 C:\Users\Przemek\Desktop\MIKROKONTROLERY\workmench\stm32f4discovery_hal_lib\Release\libstm32f4discovery_hal_lib.a(stm32f4xx_hal_cortex.o)
 .data          0x00000000        0x0 C:\Users\Przemek\Desktop\MIKROKONTROLERY\workmench\stm32f4discovery_hal_lib\Release\libstm32f4discovery_hal_lib.a(stm32f4xx_hal_cortex.o)
 .bss           0x00000000        0x0 C:\Users\Przemek\Desktop\MIKROKONTROLERY\workmench\stm32f4discovery_hal_lib\Release\libstm32f4discovery_hal_lib.a(stm32f4xx_hal_cortex.o)
 .text.HAL_NVIC_EnableIRQ
                0x00000000       0x18 C:\Users\Przemek\Desktop\MIKROKONTROLERY\workmench\stm32f4discovery_hal_lib\Release\libstm32f4discovery_hal_lib.a(stm32f4xx_hal_cortex.o)
 .text.HAL_NVIC_DisableIRQ
                0x00000000       0x1c C:\Users\Przemek\Desktop\MIKROKONTROLERY\workmench\stm32f4discovery_hal_lib\Release\libstm32f4discovery_hal_lib.a(stm32f4xx_hal_cortex.o)
 .text.HAL_NVIC_SystemReset
                0x00000000       0x24 C:\Users\Przemek\Desktop\MIKROKONTROLERY\workmench\stm32f4discovery_hal_lib\Release\libstm32f4discovery_hal_lib.a(stm32f4xx_hal_cortex.o)
 .text.HAL_MPU_ConfigRegion
                0x00000000       0x54 C:\Users\Przemek\Desktop\MIKROKONTROLERY\workmench\stm32f4discovery_hal_lib\Release\libstm32f4discovery_hal_lib.a(stm32f4xx_hal_cortex.o)
 .text.HAL_NVIC_GetPriorityGrouping
                0x00000000       0x10 C:\Users\Przemek\Desktop\MIKROKONTROLERY\workmench\stm32f4discovery_hal_lib\Release\libstm32f4discovery_hal_lib.a(stm32f4xx_hal_cortex.o)
 .text.HAL_NVIC_GetPriority
                0x00000000       0x60 C:\Users\Przemek\Desktop\MIKROKONTROLERY\workmench\stm32f4discovery_hal_lib\Release\libstm32f4discovery_hal_lib.a(stm32f4xx_hal_cortex.o)
 .text.HAL_NVIC_SetPendingIRQ
                0x00000000       0x1c C:\Users\Przemek\Desktop\MIKROKONTROLERY\workmench\stm32f4discovery_hal_lib\Release\libstm32f4discovery_hal_lib.a(stm32f4xx_hal_cortex.o)
 .text.HAL_NVIC_GetPendingIRQ
                0x00000000       0x1c C:\Users\Przemek\Desktop\MIKROKONTROLERY\workmench\stm32f4discovery_hal_lib\Release\libstm32f4discovery_hal_lib.a(stm32f4xx_hal_cortex.o)
 .text.HAL_NVIC_ClearPendingIRQ
                0x00000000       0x1c C:\Users\Przemek\Desktop\MIKROKONTROLERY\workmench\stm32f4discovery_hal_lib\Release\libstm32f4discovery_hal_lib.a(stm32f4xx_hal_cortex.o)
 .text.HAL_NVIC_GetActive
                0x00000000       0x1c C:\Users\Przemek\Desktop\MIKROKONTROLERY\workmench\stm32f4discovery_hal_lib\Release\libstm32f4discovery_hal_lib.a(stm32f4xx_hal_cortex.o)
 .text          0x00000000        0x0 C:\Users\Przemek\Desktop\MIKROKONTROLERY\workmench\stm32f4discovery_hal_lib\Release\libstm32f4discovery_hal_lib.a(stm32f4xx_hal_gpio.o)
 .data          0x00000000        0x0 C:\Users\Przemek\Desktop\MIKROKONTROLERY\workmench\stm32f4discovery_hal_lib\Release\libstm32f4discovery_hal_lib.a(stm32f4xx_hal_gpio.o)
 .bss           0x00000000        0x0 C:\Users\Przemek\Desktop\MIKROKONTROLERY\workmench\stm32f4discovery_hal_lib\Release\libstm32f4discovery_hal_lib.a(stm32f4xx_hal_gpio.o)
 .text.HAL_GPIO_DeInit
                0x00000000      0x164 C:\Users\Przemek\Desktop\MIKROKONTROLERY\workmench\stm32f4discovery_hal_lib\Release\libstm32f4discovery_hal_lib.a(stm32f4xx_hal_gpio.o)
 .text.HAL_GPIO_ReadPin
                0x00000000        0xc C:\Users\Przemek\Desktop\MIKROKONTROLERY\workmench\stm32f4discovery_hal_lib\Release\libstm32f4discovery_hal_lib.a(stm32f4xx_hal_gpio.o)
 .text.HAL_GPIO_WritePin
                0x00000000        0x8 C:\Users\Przemek\Desktop\MIKROKONTROLERY\workmench\stm32f4discovery_hal_lib\Release\libstm32f4discovery_hal_lib.a(stm32f4xx_hal_gpio.o)
 .text.HAL_GPIO_LockPin
                0x00000000       0x2c C:\Users\Przemek\Desktop\MIKROKONTROLERY\workmench\stm32f4discovery_hal_lib\Release\libstm32f4discovery_hal_lib.a(stm32f4xx_hal_gpio.o)
 .text.HAL_GPIO_EXTI_Callback
                0x00000000        0x4 C:\Users\Przemek\Desktop\MIKROKONTROLERY\workmench\stm32f4discovery_hal_lib\Release\libstm32f4discovery_hal_lib.a(stm32f4xx_hal_gpio.o)
 .text.HAL_GPIO_EXTI_IRQHandler
                0x00000000       0x18 C:\Users\Przemek\Desktop\MIKROKONTROLERY\workmench\stm32f4discovery_hal_lib\Release\libstm32f4discovery_hal_lib.a(stm32f4xx_hal_gpio.o)
 .text          0x00000000        0x0 C:\Users\Przemek\Desktop\MIKROKONTROLERY\workmench\stm32f4discovery_hal_lib\Release\libstm32f4discovery_hal_lib.a(stm32f4xx_hal_rcc.o)
 .data          0x00000000        0x0 C:\Users\Przemek\Desktop\MIKROKONTROLERY\workmench\stm32f4discovery_hal_lib\Release\libstm32f4discovery_hal_lib.a(stm32f4xx_hal_rcc.o)
 .bss           0x00000000        0x0 C:\Users\Przemek\Desktop\MIKROKONTROLERY\workmench\stm32f4discovery_hal_lib\Release\libstm32f4discovery_hal_lib.a(stm32f4xx_hal_rcc.o)
 .text.HAL_RCC_DeInit
                0x00000000        0x4 C:\Users\Przemek\Desktop\MIKROKONTROLERY\workmench\stm32f4discovery_hal_lib\Release\libstm32f4discovery_hal_lib.a(stm32f4xx_hal_rcc.o)
 .text.HAL_RCC_MCOConfig
                0x00000000       0xa4 C:\Users\Przemek\Desktop\MIKROKONTROLERY\workmench\stm32f4discovery_hal_lib\Release\libstm32f4discovery_hal_lib.a(stm32f4xx_hal_rcc.o)
 .text.HAL_RCC_EnableCSS
                0x00000000        0xc C:\Users\Przemek\Desktop\MIKROKONTROLERY\workmench\stm32f4discovery_hal_lib\Release\libstm32f4discovery_hal_lib.a(stm32f4xx_hal_rcc.o)
 .text.HAL_RCC_DisableCSS
                0x00000000        0xc C:\Users\Przemek\Desktop\MIKROKONTROLERY\workmench\stm32f4discovery_hal_lib\Release\libstm32f4discovery_hal_lib.a(stm32f4xx_hal_rcc.o)
 .text.HAL_RCC_GetPCLK1Freq
                0x00000000       0x30 C:\Users\Przemek\Desktop\MIKROKONTROLERY\workmench\stm32f4discovery_hal_lib\Release\libstm32f4discovery_hal_lib.a(stm32f4xx_hal_rcc.o)
 .text.HAL_RCC_GetPCLK2Freq
                0x00000000       0x30 C:\Users\Przemek\Desktop\MIKROKONTROLERY\workmench\stm32f4discovery_hal_lib\Release\libstm32f4discovery_hal_lib.a(stm32f4xx_hal_rcc.o)
 .text.HAL_RCC_GetOscConfig
                0x00000000       0xd4 C:\Users\Przemek\Desktop\MIKROKONTROLERY\workmench\stm32f4discovery_hal_lib\Release\libstm32f4discovery_hal_lib.a(stm32f4xx_hal_rcc.o)
 .text.HAL_RCC_GetClockConfig
                0x00000000       0x44 C:\Users\Przemek\Desktop\MIKROKONTROLERY\workmench\stm32f4discovery_hal_lib\Release\libstm32f4discovery_hal_lib.a(stm32f4xx_hal_rcc.o)
 .text.HAL_RCC_CSSCallback
                0x00000000        0x4 C:\Users\Przemek\Desktop\MIKROKONTROLERY\workmench\stm32f4discovery_hal_lib\Release\libstm32f4discovery_hal_lib.a(stm32f4xx_hal_rcc.o)
 .text.HAL_RCC_NMI_IRQHandler
                0x00000000       0x20 C:\Users\Przemek\Desktop\MIKROKONTROLERY\workmench\stm32f4discovery_hal_lib\Release\libstm32f4discovery_hal_lib.a(stm32f4xx_hal_rcc.o)
 .text          0x00000000        0x0 c:/ac6/systemworkbench/plugins/fr.ac6.mcu.externaltools.arm-none.win32_1.7.0.201602121829/tools/compiler/bin/../lib/gcc/arm-none-eabi/5.2.1/../../../../arm-none-eabi/lib/armv7e-m/fpu\libc.a(lib_a-errno.o)
 .data          0x00000000        0x0 c:/ac6/systemworkbench/plugins/fr.ac6.mcu.externaltools.arm-none.win32_1.7.0.201602121829/tools/compiler/bin/../lib/gcc/arm-none-eabi/5.2.1/../../../../arm-none-eabi/lib/armv7e-m/fpu\libc.a(lib_a-errno.o)
 .bss           0x00000000        0x0 c:/ac6/systemworkbench/plugins/fr.ac6.mcu.externaltools.arm-none.win32_1.7.0.201602121829/tools/compiler/bin/../lib/gcc/arm-none-eabi/5.2.1/../../../../arm-none-eabi/lib/armv7e-m/fpu\libc.a(lib_a-errno.o)
 .text.__errno  0x00000000        0xc c:/ac6/systemworkbench/plugins/fr.ac6.mcu.externaltools.arm-none.win32_1.7.0.201602121829/tools/compiler/bin/../lib/gcc/arm-none-eabi/5.2.1/../../../../arm-none-eabi/lib/armv7e-m/fpu\libc.a(lib_a-errno.o)
 .debug_frame   0x00000000       0x20 c:/ac6/systemworkbench/plugins/fr.ac6.mcu.externaltools.arm-none.win32_1.7.0.201602121829/tools/compiler/bin/../lib/gcc/arm-none-eabi/5.2.1/../../../../arm-none-eabi/lib/armv7e-m/fpu\libc.a(lib_a-errno.o)
 .ARM.attributes
                0x00000000       0x34 c:/ac6/systemworkbench/plugins/fr.ac6.mcu.externaltools.arm-none.win32_1.7.0.201602121829/tools/compiler/bin/../lib/gcc/arm-none-eabi/5.2.1/../../../../arm-none-eabi/lib/armv7e-m/fpu\libc.a(lib_a-errno.o)
 .text          0x00000000        0x0 c:/ac6/systemworkbench/plugins/fr.ac6.mcu.externaltools.arm-none.win32_1.7.0.201602121829/tools/compiler/bin/../lib/gcc/arm-none-eabi/5.2.1/../../../../arm-none-eabi/lib/armv7e-m/fpu\libc.a(lib_a-exit.o)
 .data          0x00000000        0x0 c:/ac6/systemworkbench/plugins/fr.ac6.mcu.externaltools.arm-none.win32_1.7.0.201602121829/tools/compiler/bin/../lib/gcc/arm-none-eabi/5.2.1/../../../../arm-none-eabi/lib/armv7e-m/fpu\libc.a(lib_a-exit.o)
 .bss           0x00000000        0x0 c:/ac6/systemworkbench/plugins/fr.ac6.mcu.externaltools.arm-none.win32_1.7.0.201602121829/tools/compiler/bin/../lib/gcc/arm-none-eabi/5.2.1/../../../../arm-none-eabi/lib/armv7e-m/fpu\libc.a(lib_a-exit.o)
 .text.exit     0x00000000       0x20 c:/ac6/systemworkbench/plugins/fr.ac6.mcu.externaltools.arm-none.win32_1.7.0.201602121829/tools/compiler/bin/../lib/gcc/arm-none-eabi/5.2.1/../../../../arm-none-eabi/lib/armv7e-m/fpu\libc.a(lib_a-exit.o)
 .debug_frame   0x00000000       0x28 c:/ac6/systemworkbench/plugins/fr.ac6.mcu.externaltools.arm-none.win32_1.7.0.201602121829/tools/compiler/bin/../lib/gcc/arm-none-eabi/5.2.1/../../../../arm-none-eabi/lib/armv7e-m/fpu\libc.a(lib_a-exit.o)
 .ARM.attributes
                0x00000000       0x34 c:/ac6/systemworkbench/plugins/fr.ac6.mcu.externaltools.arm-none.win32_1.7.0.201602121829/tools/compiler/bin/../lib/gcc/arm-none-eabi/5.2.1/../../../../arm-none-eabi/lib/armv7e-m/fpu\libc.a(lib_a-exit.o)
 .text          0x00000000        0x0 c:/ac6/systemworkbench/plugins/fr.ac6.mcu.externaltools.arm-none.win32_1.7.0.201602121829/tools/compiler/bin/../lib/gcc/arm-none-eabi/5.2.1/../../../../arm-none-eabi/lib/armv7e-m/fpu\libc.a(lib_a-impure.o)
 .data          0x00000000        0x0 c:/ac6/systemworkbench/plugins/fr.ac6.mcu.externaltools.arm-none.win32_1.7.0.201602121829/tools/compiler/bin/../lib/gcc/arm-none-eabi/5.2.1/../../../../arm-none-eabi/lib/armv7e-m/fpu\libc.a(lib_a-impure.o)
 .bss           0x00000000        0x0 c:/ac6/systemworkbench/plugins/fr.ac6.mcu.externaltools.arm-none.win32_1.7.0.201602121829/tools/compiler/bin/../lib/gcc/arm-none-eabi/5.2.1/../../../../arm-none-eabi/lib/armv7e-m/fpu\libc.a(lib_a-impure.o)
 .data._impure_ptr
                0x00000000        0x4 c:/ac6/systemworkbench/plugins/fr.ac6.mcu.externaltools.arm-none.win32_1.7.0.201602121829/tools/compiler/bin/../lib/gcc/arm-none-eabi/5.2.1/../../../../arm-none-eabi/lib/armv7e-m/fpu\libc.a(lib_a-impure.o)
 .text          0x00000000        0x0 c:/ac6/systemworkbench/plugins/fr.ac6.mcu.externaltools.arm-none.win32_1.7.0.201602121829/tools/compiler/bin/../lib/gcc/arm-none-eabi/5.2.1/../../../../arm-none-eabi/lib/armv7e-m/fpu\libc.a(lib_a-init.o)
 .data          0x00000000        0x0 c:/ac6/systemworkbench/plugins/fr.ac6.mcu.externaltools.arm-none.win32_1.7.0.201602121829/tools/compiler/bin/../lib/gcc/arm-none-eabi/5.2.1/../../../../arm-none-eabi/lib/armv7e-m/fpu\libc.a(lib_a-init.o)
 .bss           0x00000000        0x0 c:/ac6/systemworkbench/plugins/fr.ac6.mcu.externaltools.arm-none.win32_1.7.0.201602121829/tools/compiler/bin/../lib/gcc/arm-none-eabi/5.2.1/../../../../arm-none-eabi/lib/armv7e-m/fpu\libc.a(lib_a-init.o)
 .text          0x00000000      0x134 c:/ac6/systemworkbench/plugins/fr.ac6.mcu.externaltools.arm-none.win32_1.7.0.201602121829/tools/compiler/bin/../lib/gcc/arm-none-eabi/5.2.1/../../../../arm-none-eabi/lib/armv7e-m/fpu\libc.a(lib_a-memcpy.o)
 .data          0x00000000        0x0 c:/ac6/systemworkbench/plugins/fr.ac6.mcu.externaltools.arm-none.win32_1.7.0.201602121829/tools/compiler/bin/../lib/gcc/arm-none-eabi/5.2.1/../../../../arm-none-eabi/lib/armv7e-m/fpu\libc.a(lib_a-memcpy.o)
 .bss           0x00000000        0x0 c:/ac6/systemworkbench/plugins/fr.ac6.mcu.externaltools.arm-none.win32_1.7.0.201602121829/tools/compiler/bin/../lib/gcc/arm-none-eabi/5.2.1/../../../../arm-none-eabi/lib/armv7e-m/fpu\libc.a(lib_a-memcpy.o)
 .ARM.attributes
                0x00000000       0x20 c:/ac6/systemworkbench/plugins/fr.ac6.mcu.externaltools.arm-none.win32_1.7.0.201602121829/tools/compiler/bin/../lib/gcc/arm-none-eabi/5.2.1/../../../../arm-none-eabi/lib/armv7e-m/fpu\libc.a(lib_a-memcpy.o)
 .text          0x00000000        0x0 c:/ac6/systemworkbench/plugins/fr.ac6.mcu.externaltools.arm-none.win32_1.7.0.201602121829/tools/compiler/bin/../lib/gcc/arm-none-eabi/5.2.1/../../../../arm-none-eabi/lib/armv7e-m/fpu\libc.a(lib_a-memset.o)
 .data          0x00000000        0x0 c:/ac6/systemworkbench/plugins/fr.ac6.mcu.externaltools.arm-none.win32_1.7.0.201602121829/tools/compiler/bin/../lib/gcc/arm-none-eabi/5.2.1/../../../../arm-none-eabi/lib/armv7e-m/fpu\libc.a(lib_a-memset.o)
 .bss           0x00000000        0x0 c:/ac6/systemworkbench/plugins/fr.ac6.mcu.externaltools.arm-none.win32_1.7.0.201602121829/tools/compiler/bin/../lib/gcc/arm-none-eabi/5.2.1/../../../../arm-none-eabi/lib/armv7e-m/fpu\libc.a(lib_a-memset.o)
 .text          0x00000000        0x0 c:/ac6/systemworkbench/plugins/fr.ac6.mcu.externaltools.arm-none.win32_1.7.0.201602121829/tools/compiler/bin/../lib/gcc/arm-none-eabi/5.2.1/../../../../arm-none-eabi/lib/armv7e-m/fpu\libc.a(lib_a-__call_atexit.o)
 .data          0x00000000        0x0 c:/ac6/systemworkbench/plugins/fr.ac6.mcu.externaltools.arm-none.win32_1.7.0.201602121829/tools/compiler/bin/../lib/gcc/arm-none-eabi/5.2.1/../../../../arm-none-eabi/lib/armv7e-m/fpu\libc.a(lib_a-__call_atexit.o)
 .bss           0x00000000        0x0 c:/ac6/systemworkbench/plugins/fr.ac6.mcu.externaltools.arm-none.win32_1.7.0.201602121829/tools/compiler/bin/../lib/gcc/arm-none-eabi/5.2.1/../../../../arm-none-eabi/lib/armv7e-m/fpu\libc.a(lib_a-__call_atexit.o)
 .text.__call_exitprocs
                0x00000000       0xd8 c:/ac6/systemworkbench/plugins/fr.ac6.mcu.externaltools.arm-none.win32_1.7.0.201602121829/tools/compiler/bin/../lib/gcc/arm-none-eabi/5.2.1/../../../../arm-none-eabi/lib/armv7e-m/fpu\libc.a(lib_a-__call_atexit.o)
 .text          0x00000000        0x0 c:/ac6/systemworkbench/plugins/fr.ac6.mcu.externaltools.arm-none.win32_1.7.0.201602121829/tools/compiler/bin/../lib/gcc/arm-none-eabi/5.2.1/../../../../arm-none-eabi/lib/armv7e-m/fpu\libc.a(lib_a-atexit.o)
 .data          0x00000000        0x0 c:/ac6/systemworkbench/plugins/fr.ac6.mcu.externaltools.arm-none.win32_1.7.0.201602121829/tools/compiler/bin/../lib/gcc/arm-none-eabi/5.2.1/../../../../arm-none-eabi/lib/armv7e-m/fpu\libc.a(lib_a-atexit.o)
 .bss           0x00000000        0x0 c:/ac6/systemworkbench/plugins/fr.ac6.mcu.externaltools.arm-none.win32_1.7.0.201602121829/tools/compiler/bin/../lib/gcc/arm-none-eabi/5.2.1/../../../../arm-none-eabi/lib/armv7e-m/fpu\libc.a(lib_a-atexit.o)
 .text          0x00000000        0x0 c:/ac6/systemworkbench/plugins/fr.ac6.mcu.externaltools.arm-none.win32_1.7.0.201602121829/tools/compiler/bin/../lib/gcc/arm-none-eabi/5.2.1/../../../../arm-none-eabi/lib/armv7e-m/fpu\libc.a(lib_a-fini.o)
 .data          0x00000000        0x0 c:/ac6/systemworkbench/plugins/fr.ac6.mcu.externaltools.arm-none.win32_1.7.0.201602121829/tools/compiler/bin/../lib/gcc/arm-none-eabi/5.2.1/../../../../arm-none-eabi/lib/armv7e-m/fpu\libc.a(lib_a-fini.o)
 .bss           0x00000000        0x0 c:/ac6/systemworkbench/plugins/fr.ac6.mcu.externaltools.arm-none.win32_1.7.0.201602121829/tools/compiler/bin/../lib/gcc/arm-none-eabi/5.2.1/../../../../arm-none-eabi/lib/armv7e-m/fpu\libc.a(lib_a-fini.o)
 .text          0x00000000        0x0 c:/ac6/systemworkbench/plugins/fr.ac6.mcu.externaltools.arm-none.win32_1.7.0.201602121829/tools/compiler/bin/../lib/gcc/arm-none-eabi/5.2.1/../../../../arm-none-eabi/lib/armv7e-m/fpu\libc.a(lib_a-__atexit.o)
 .data          0x00000000        0x0 c:/ac6/systemworkbench/plugins/fr.ac6.mcu.externaltools.arm-none.win32_1.7.0.201602121829/tools/compiler/bin/../lib/gcc/arm-none-eabi/5.2.1/../../../../arm-none-eabi/lib/armv7e-m/fpu\libc.a(lib_a-__atexit.o)
 .bss           0x00000000        0x0 c:/ac6/systemworkbench/plugins/fr.ac6.mcu.externaltools.arm-none.win32_1.7.0.201602121829/tools/compiler/bin/../lib/gcc/arm-none-eabi/5.2.1/../../../../arm-none-eabi/lib/armv7e-m/fpu\libc.a(lib_a-__atexit.o)
 .text          0x00000000        0x0 c:/ac6/systemworkbench/plugins/fr.ac6.mcu.externaltools.arm-none.win32_1.7.0.201602121829/tools/compiler/bin/../lib/gcc/arm-none-eabi/5.2.1/armv7e-m/fpu/crtend.o
 .data          0x00000000        0x0 c:/ac6/systemworkbench/plugins/fr.ac6.mcu.externaltools.arm-none.win32_1.7.0.201602121829/tools/compiler/bin/../lib/gcc/arm-none-eabi/5.2.1/armv7e-m/fpu/crtend.o
 .bss           0x00000000        0x0 c:/ac6/systemworkbench/plugins/fr.ac6.mcu.externaltools.arm-none.win32_1.7.0.201602121829/tools/compiler/bin/../lib/gcc/arm-none-eabi/5.2.1/armv7e-m/fpu/crtend.o
 .eh_frame      0x00000000        0x4 c:/ac6/systemworkbench/plugins/fr.ac6.mcu.externaltools.arm-none.win32_1.7.0.201602121829/tools/compiler/bin/../lib/gcc/arm-none-eabi/5.2.1/armv7e-m/fpu/crtend.o
 .jcr           0x00000000        0x4 c:/ac6/systemworkbench/plugins/fr.ac6.mcu.externaltools.arm-none.win32_1.7.0.201602121829/tools/compiler/bin/../lib/gcc/arm-none-eabi/5.2.1/armv7e-m/fpu/crtend.o
 .text          0x00000000        0x0 c:/ac6/systemworkbench/plugins/fr.ac6.mcu.externaltools.arm-none.win32_1.7.0.201602121829/tools/compiler/bin/../lib/gcc/arm-none-eabi/5.2.1/armv7e-m/fpu/crtn.o
 .data          0x00000000        0x0 c:/ac6/systemworkbench/plugins/fr.ac6.mcu.externaltools.arm-none.win32_1.7.0.201602121829/tools/compiler/bin/../lib/gcc/arm-none-eabi/5.2.1/armv7e-m/fpu/crtn.o
 .bss           0x00000000        0x0 c:/ac6/systemworkbench/plugins/fr.ac6.mcu.externaltools.arm-none.win32_1.7.0.201602121829/tools/compiler/bin/../lib/gcc/arm-none-eabi/5.2.1/armv7e-m/fpu/crtn.o

Memory Configuration

Name             Origin             Length             Attributes
FLASH            0x08000000         0x00100000         xr
RAM              0x20000000         0x00030000         xrw
MEMORY_B1        0x60000000         0x00000000         xr
*default*        0x00000000         0xffffffff

Linker script and memory map

LOAD c:/ac6/systemworkbench/plugins/fr.ac6.mcu.externaltools.arm-none.win32_1.7.0.201602121829/tools/compiler/bin/../lib/gcc/arm-none-eabi/5.2.1/armv7e-m/fpu/crti.o
LOAD c:/ac6/systemworkbench/plugins/fr.ac6.mcu.externaltools.arm-none.win32_1.7.0.201602121829/tools/compiler/bin/../lib/gcc/arm-none-eabi/5.2.1/armv7e-m/fpu/crtbegin.o
LOAD c:/ac6/systemworkbench/plugins/fr.ac6.mcu.externaltools.arm-none.win32_1.7.0.201602121829/tools/compiler/bin/../lib/gcc/arm-none-eabi/5.2.1/../../../../arm-none-eabi/lib/armv7e-m/fpu/crt0.o
LOAD c:/ac6/systemworkbench/plugins/fr.ac6.mcu.externaltools.arm-none.win32_1.7.0.201602121829/tools/compiler/bin/../lib/gcc/arm-none-eabi/5.2.1/../../../../arm-none-eabi/lib/armv7e-m/fpu\libm.a
LOAD startup/startup_stm32f407xx.o
LOAD src/gpio.o
LOAD src/main.o
LOAD src/rcc.o
LOAD src/stm32f4xx_it.o
LOAD src/syscalls.o
LOAD src/system_stm32f4xx.o
LOAD src/zadania.o
LOAD Middlewares/Third_Party/FreeRTOS/Source/croutine.o
LOAD Middlewares/Third_Party/FreeRTOS/Source/event_groups.o
LOAD Middlewares/Third_Party/FreeRTOS/Source/list.o
LOAD Middlewares/Third_Party/FreeRTOS/Source/queue.o
LOAD Middlewares/Third_Party/FreeRTOS/Source/tasks.o
LOAD Middlewares/Third_Party/FreeRTOS/Source/timers.o
LOAD Middlewares/Third_Party/FreeRTOS/Source/portable/MemMang/heap_4.o
LOAD Middlewares/Third_Party/FreeRTOS/Source/portable/GCC/ARM_CM4F/port.o
LOAD Middlewares/Third_Party/FreeRTOS/Source/CMSIS_RTOS/cmsis_os.o
LOAD C:\Users\Przemek\Desktop\MIKROKONTROLERY\workmench\stm32f4discovery_hal_lib\Release\libstm32f4discovery_hal_lib.a
START GROUP
LOAD c:/ac6/systemworkbench/plugins/fr.ac6.mcu.externaltools.arm-none.win32_1.7.0.201602121829/tools/compiler/bin/../lib/gcc/arm-none-eabi/5.2.1/armv7e-m/fpu\libgcc.a
LOAD c:/ac6/systemworkbench/plugins/fr.ac6.mcu.externaltools.arm-none.win32_1.7.0.201602121829/tools/compiler/bin/../lib/gcc/arm-none-eabi/5.2.1/../../../../arm-none-eabi/lib/armv7e-m/fpu\libc.a
END GROUP
LOAD c:/ac6/systemworkbench/plugins/fr.ac6.mcu.externaltools.arm-none.win32_1.7.0.201602121829/tools/compiler/bin/../lib/gcc/arm-none-eabi/5.2.1/armv7e-m/fpu/crtend.o
LOAD c:/ac6/systemworkbench/plugins/fr.ac6.mcu.externaltools.arm-none.win32_1.7.0.201602121829/tools/compiler/bin/../lib/gcc/arm-none-eabi/5.2.1/armv7e-m/fpu/crtn.o
                0x20020000                _estack = 0x20020000
                0x00000000                _Min_Heap_Size = 0x0
                0x00000400                _Min_Stack_Size = 0x400

.isr_vector     0x08000000      0x188
                0x08000000                . = ALIGN (0x4)
 *(.isr_vector)
 .isr_vector    0x08000000      0x188 startup/startup_stm32f407xx.o
                0x08000000                g_pfnVectors
                0x08000188                . = ALIGN (0x4)

.text           0x08000188     0x1b44
                0x08000188                . = ALIGN (0x4)
 *(.text)
 .text          0x08000188       0xa4 c:/ac6/systemworkbench/plugins/fr.ac6.mcu.externaltools.arm-none.win32_1.7.0.201602121829/tools/compiler/bin/../lib/gcc/arm-none-eabi/5.2.1/armv7e-m/fpu/crtbegin.o
 *(.text*)
 .text.Reset_Handler
                0x0800022c       0x50 startup/startup_stm32f407xx.o
                0x0800022c                Reset_Handler
 .text.Default_Handler
                0x0800027c        0x2 startup/startup_stm32f407xx.o
                0x0800027c                RTC_Alarm_IRQHandler
                0x0800027c                HASH_RNG_IRQHandler
                0x0800027c                EXTI2_IRQHandler
                0x0800027c                TIM8_CC_IRQHandler
                0x0800027c                DebugMon_Handler
                0x0800027c                TIM1_CC_IRQHandler
                0x0800027c                DMA2_Stream5_IRQHandler
                0x0800027c                HardFault_Handler
                0x0800027c                DMA1_Stream5_IRQHandler
                0x0800027c                PVD_IRQHandler
                0x0800027c                SDIO_IRQHandler
                0x0800027c                TAMP_STAMP_IRQHandler
                0x0800027c                NMI_Handler
                0x0800027c                CAN2_RX1_IRQHandler
                0x0800027c                EXTI3_IRQHandler
                0x0800027c                TIM8_TRG_COM_TIM14_IRQHandler
                0x0800027c                TIM1_UP_TIM10_IRQHandler
                0x0800027c                TIM8_UP_TIM13_IRQHandler
                0x0800027c                I2C3_ER_IRQHandler
                0x0800027c                EXTI0_IRQHandler
                0x0800027c                I2C2_EV_IRQHandler
                0x0800027c                DMA1_Stream2_IRQHandler
                0x0800027c                CAN1_RX0_IRQHandler
                0x0800027c                FPU_IRQHandler
                0x0800027c                OTG_HS_WKUP_IRQHandler
                0x0800027c                UsageFault_Handler
                0x0800027c                CAN2_SCE_IRQHandler
                0x0800027c                DMA2_Stream2_IRQHandler
                0x0800027c                SPI1_IRQHandler
                0x0800027c                TIM6_DAC_IRQHandler
                0x0800027c                TIM1_BRK_TIM9_IRQHandler
                0x0800027c                DCMI_IRQHandler
                0x0800027c                CAN2_RX0_IRQHandler
                0x0800027c                DMA2_Stream3_IRQHandler
                0x0800027c                USART6_IRQHandler
                0x0800027c                USART3_IRQHandler
                0x0800027c                CAN1_RX1_IRQHandler
                0x0800027c                UART5_IRQHandler
                0x0800027c                DMA2_Stream0_IRQHandler
                0x0800027c                TIM4_IRQHandler
                0x0800027c                I2C1_EV_IRQHandler
                0x0800027c                DMA1_Stream6_IRQHandler
                0x0800027c                DMA1_Stream1_IRQHandler
                0x0800027c                UART4_IRQHandler
                0x0800027c                TIM3_IRQHandler
                0x0800027c                RCC_IRQHandler
                0x0800027c                TIM8_BRK_TIM12_IRQHandler
                0x0800027c                Default_Handler
                0x0800027c                EXTI15_10_IRQHandler
                0x0800027c                ADC_IRQHandler
                0x0800027c                DMA1_Stream7_IRQHandler
                0x0800027c                TIM7_IRQHandler
                0x0800027c                CAN2_TX_IRQHandler
                0x0800027c                TIM5_IRQHandler
                0x0800027c                DMA2_Stream7_IRQHandler
                0x0800027c                I2C3_EV_IRQHandler
                0x0800027c                EXTI9_5_IRQHandler
                0x0800027c                RTC_WKUP_IRQHandler
                0x0800027c                ETH_WKUP_IRQHandler
                0x0800027c                SPI2_IRQHandler
                0x0800027c                OTG_HS_EP1_IN_IRQHandler
                0x0800027c                MemManage_Handler
                0x0800027c                DMA1_Stream0_IRQHandler
                0x0800027c                CAN1_TX_IRQHandler
                0x0800027c                EXTI4_IRQHandler
                0x0800027c                FSMC_IRQHandler
                0x0800027c                ETH_IRQHandler
                0x0800027c                OTG_HS_EP1_OUT_IRQHandler
                0x0800027c                WWDG_IRQHandler
                0x0800027c                TIM2_IRQHandler
                0x0800027c                OTG_FS_WKUP_IRQHandler
                0x0800027c                TIM1_TRG_COM_TIM11_IRQHandler
                0x0800027c                OTG_HS_IRQHandler
                0x0800027c                EXTI1_IRQHandler
                0x0800027c                USART2_IRQHandler
                0x0800027c                I2C2_ER_IRQHandler
                0x0800027c                DMA2_Stream1_IRQHandler
                0x0800027c                CAN1_SCE_IRQHandler
                0x0800027c                FLASH_IRQHandler
                0x0800027c                DMA2_Stream4_IRQHandler
                0x0800027c                BusFault_Handler
                0x0800027c                USART1_IRQHandler
                0x0800027c                OTG_FS_IRQHandler
                0x0800027c                SPI3_IRQHandler
                0x0800027c                DMA1_Stream4_IRQHandler
                0x0800027c                I2C1_ER_IRQHandler
                0x0800027c                DMA2_Stream6_IRQHandler
                0x0800027c                DMA1_Stream3_IRQHandler
 *fill*         0x0800027e        0x2 
 .text.GPIO_Config
                0x08000280       0x40 src/gpio.o
                0x08000280                GPIO_Config
 .text.startup.main
                0x080002c0       0x78 src/main.o
                0x080002c0                main
 .text.SystemClock_Config
                0x08000338       0xb0 src/rcc.o
                0x08000338                SystemClock_Config
 .text.SysTick_Handler
                0x080003e8       0x14 src/stm32f4xx_it.o
                0x080003e8                SysTick_Handler
 .text.SystemInit
                0x080003fc       0x50 src/system_stm32f4xx.o
                0x080003fc                SystemInit
 .text.Start_Task_GPIO_12
                0x0800044c       0x1c src/zadania.o
                0x0800044c                Start_Task_GPIO_12
 .text.Start_Task_GPIO_13
                0x08000468       0x1c src/zadania.o
                0x08000468                Start_Task_GPIO_13
 .text.Start_Task_GPIO_15
                0x08000484       0x18 src/zadania.o
                0x08000484                Start_Task_GPIO_15
 .text.vListInitialise
                0x0800049c       0x18 Middlewares/Third_Party/FreeRTOS/Source/list.o
                0x0800049c                vListInitialise
 .text.vListInitialiseItem
                0x080004b4        0x8 Middlewares/Third_Party/FreeRTOS/Source/list.o
                0x080004b4                vListInitialiseItem
 .text.vListInsertEnd
                0x080004bc       0x20 Middlewares/Third_Party/FreeRTOS/Source/list.o
                0x080004bc                vListInsertEnd
 .text.vListInsert
                0x080004dc       0x34 Middlewares/Third_Party/FreeRTOS/Source/list.o
                0x080004dc                vListInsert
 .text.uxListRemove
                0x08000510       0x28 Middlewares/Third_Party/FreeRTOS/Source/list.o
                0x08000510                uxListRemove
 .text.unlikely.prvAddCurrentTaskToDelayedList
                0x08000538       0x38 Middlewares/Third_Party/FreeRTOS/Source/tasks.o
 .text.xTaskGenericCreate
                0x08000570      0x25c Middlewares/Third_Party/FreeRTOS/Source/tasks.o
                0x08000570                xTaskGenericCreate
 .text.vTaskStartScheduler
                0x080007cc      0x180 Middlewares/Third_Party/FreeRTOS/Source/tasks.o
                0x080007cc                vTaskStartScheduler
 .text.vTaskSuspendAll
                0x0800094c       0x14 Middlewares/Third_Party/FreeRTOS/Source/tasks.o
                0x0800094c                vTaskSuspendAll
 .text.xTaskIncrementTick
                0x08000960      0x10c Middlewares/Third_Party/FreeRTOS/Source/tasks.o
                0x08000960                xTaskIncrementTick
 .text.xTaskResumeAll
                0x08000a6c       0xf4 Middlewares/Third_Party/FreeRTOS/Source/tasks.o
                0x08000a6c                xTaskResumeAll
 .text.vTaskDelay
                0x08000b60       0x78 Middlewares/Third_Party/FreeRTOS/Source/tasks.o
                0x08000b60                vTaskDelay
 .text.prvIdleTask
                0x08000bd8       0x88 Middlewares/Third_Party/FreeRTOS/Source/tasks.o
 .text.vTaskSwitchContext
                0x08000c60       0x5c Middlewares/Third_Party/FreeRTOS/Source/tasks.o
                0x08000c60                vTaskSwitchContext
 .text.xTaskGetSchedulerState
                0x08000cbc       0x20 Middlewares/Third_Party/FreeRTOS/Source/tasks.o
                0x08000cbc                xTaskGetSchedulerState
 .text.unlikely.prvInsertBlockIntoFreeList
                0x08000cdc       0x48 Middlewares/Third_Party/FreeRTOS/Source/portable/MemMang/heap_4.o
 .text.pvPortMalloc
                0x08000d24      0x114 Middlewares/Third_Party/FreeRTOS/Source/portable/MemMang/heap_4.o
                0x08000d24                pvPortMalloc
 .text.vPortFree
                0x08000e38       0x74 Middlewares/Third_Party/FreeRTOS/Source/portable/MemMang/heap_4.o
                0x08000e38                vPortFree
 .text.prvTaskExitError
                0x08000eac       0x30 Middlewares/Third_Party/FreeRTOS/Source/portable/GCC/ARM_CM4F/port.o
 .text.prvPortStartFirstTask
                0x08000edc       0x20 Middlewares/Third_Party/FreeRTOS/Source/portable/GCC/ARM_CM4F/port.o
 .text.vPortEnableVFP
                0x08000efc       0x14 Middlewares/Third_Party/FreeRTOS/Source/portable/GCC/ARM_CM4F/port.o
 .text.pxPortInitialiseStack
                0x08000f10       0x2c Middlewares/Third_Party/FreeRTOS/Source/portable/GCC/ARM_CM4F/port.o
                0x08000f10                pxPortInitialiseStack
 .text.SVC_Handler
                0x08000f3c       0x20 Middlewares/Third_Party/FreeRTOS/Source/portable/GCC/ARM_CM4F/port.o
                0x08000f3c                SVC_Handler
 .text.vPortEnterCritical
                0x08000f5c       0x44 Middlewares/Third_Party/FreeRTOS/Source/portable/GCC/ARM_CM4F/port.o
                0x08000f5c                vPortEnterCritical
 .text.vPortExitCritical
                0x08000fa0       0x28 Middlewares/Third_Party/FreeRTOS/Source/portable/GCC/ARM_CM4F/port.o
                0x08000fa0                vPortExitCritical
 .text.PendSV_Handler
                0x08000fc8       0x60 Middlewares/Third_Party/FreeRTOS/Source/portable/GCC/ARM_CM4F/port.o
                0x08000fc8                PendSV_Handler
 .text.xPortSysTickHandler
                0x08001028       0x30 Middlewares/Third_Party/FreeRTOS/Source/portable/GCC/ARM_CM4F/port.o
                0x08001028                xPortSysTickHandler
 .text.vPortSetupTimerInterrupt
                0x08001058       0x2c Middlewares/Third_Party/FreeRTOS/Source/portable/GCC/ARM_CM4F/port.o
                0x08001058                vPortSetupTimerInterrupt
 .text.xPortStartScheduler
                0x08001084       0xe8 Middlewares/Third_Party/FreeRTOS/Source/portable/GCC/ARM_CM4F/port.o
                0x08001084                xPortStartScheduler
 .text.osKernelStart
                0x0800116c        0xc Middlewares/Third_Party/FreeRTOS/Source/CMSIS_RTOS/cmsis_os.o
                0x0800116c                osKernelStart
 .text.osThreadCreate
                0x08001178       0x38 Middlewares/Third_Party/FreeRTOS/Source/CMSIS_RTOS/cmsis_os.o
                0x08001178                osThreadCreate
 .text.osDelay  0x080011b0       0x10 Middlewares/Third_Party/FreeRTOS/Source/CMSIS_RTOS/cmsis_os.o
                0x080011b0                osDelay
 .text.osSystickHandler
                0x080011c0       0x14 Middlewares/Third_Party/FreeRTOS/Source/CMSIS_RTOS/cmsis_os.o
                0x080011c0                osSystickHandler
 .text.HAL_MspInit
                0x080011d4        0x4 C:\Users\Przemek\Desktop\MIKROKONTROLERY\workmench\stm32f4discovery_hal_lib\Release\libstm32f4discovery_hal_lib.a(stm32f4xx_hal.o)
                0x080011d4                HAL_MspInit
 .text.HAL_InitTick
                0x080011d8       0x2c C:\Users\Przemek\Desktop\MIKROKONTROLERY\workmench\stm32f4discovery_hal_lib\Release\libstm32f4discovery_hal_lib.a(stm32f4xx_hal.o)
                0x080011d8                HAL_InitTick
 .text.HAL_Init
                0x08001204       0x2c C:\Users\Przemek\Desktop\MIKROKONTROLERY\workmench\stm32f4discovery_hal_lib\Release\libstm32f4discovery_hal_lib.a(stm32f4xx_hal.o)
                0x08001204                HAL_Init
 .text.HAL_IncTick
                0x08001230       0x10 C:\Users\Przemek\Desktop\MIKROKONTROLERY\workmench\stm32f4discovery_hal_lib\Release\libstm32f4discovery_hal_lib.a(stm32f4xx_hal.o)
                0x08001230                HAL_IncTick
 .text.HAL_GetTick
                0x08001240        0xc C:\Users\Przemek\Desktop\MIKROKONTROLERY\workmench\stm32f4discovery_hal_lib\Release\libstm32f4discovery_hal_lib.a(stm32f4xx_hal.o)
                0x08001240                HAL_GetTick
 .text.HAL_NVIC_SetPriorityGrouping
                0x0800124c       0x24 C:\Users\Przemek\Desktop\MIKROKONTROLERY\workmench\stm32f4discovery_hal_lib\Release\libstm32f4discovery_hal_lib.a(stm32f4xx_hal_cortex.o)
                0x0800124c                HAL_NVIC_SetPriorityGrouping
 .text.HAL_NVIC_SetPriority
                0x08001270       0x70 C:\Users\Przemek\Desktop\MIKROKONTROLERY\workmench\stm32f4discovery_hal_lib\Release\libstm32f4discovery_hal_lib.a(stm32f4xx_hal_cortex.o)
                0x08001270                HAL_NVIC_SetPriority
 .text.HAL_SYSTICK_Config
                0x080012e0       0x34 C:\Users\Przemek\Desktop\MIKROKONTROLERY\workmench\stm32f4discovery_hal_lib\Release\libstm32f4discovery_hal_lib.a(stm32f4xx_hal_cortex.o)
                0x080012e0                HAL_SYSTICK_Config
 .text.HAL_SYSTICK_CLKSourceConfig
                0x08001314       0x18 C:\Users\Przemek\Desktop\MIKROKONTROLERY\workmench\stm32f4discovery_hal_lib\Release\libstm32f4discovery_hal_lib.a(stm32f4xx_hal_cortex.o)
                0x08001314                HAL_SYSTICK_CLKSourceConfig
 .text.HAL_SYSTICK_Callback
                0x0800132c        0x4 C:\Users\Przemek\Desktop\MIKROKONTROLERY\workmench\stm32f4discovery_hal_lib\Release\libstm32f4discovery_hal_lib.a(stm32f4xx_hal_cortex.o)
                0x0800132c                HAL_SYSTICK_Callback
 .text.HAL_SYSTICK_IRQHandler
                0x08001330        0x8 C:\Users\Przemek\Desktop\MIKROKONTROLERY\workmench\stm32f4discovery_hal_lib\Release\libstm32f4discovery_hal_lib.a(stm32f4xx_hal_cortex.o)
                0x08001330                HAL_SYSTICK_IRQHandler
 .text.HAL_GPIO_Init
                0x08001338      0x20c C:\Users\Przemek\Desktop\MIKROKONTROLERY\workmench\stm32f4discovery_hal_lib\Release\libstm32f4discovery_hal_lib.a(stm32f4xx_hal_gpio.o)
                0x08001338                HAL_GPIO_Init
 .text.HAL_GPIO_TogglePin
                0x08001544        0x8 C:\Users\Przemek\Desktop\MIKROKONTROLERY\workmench\stm32f4discovery_hal_lib\Release\libstm32f4discovery_hal_lib.a(stm32f4xx_hal_gpio.o)
                0x08001544                HAL_GPIO_TogglePin
 .text.HAL_RCC_OscConfig
                0x0800154c      0x318 C:\Users\Przemek\Desktop\MIKROKONTROLERY\workmench\stm32f4discovery_hal_lib\Release\libstm32f4discovery_hal_lib.a(stm32f4xx_hal_rcc.o)
                0x0800154c                HAL_RCC_OscConfig
 .text.HAL_RCC_GetSysClockFreq
                0x08001864       0x7c C:\Users\Przemek\Desktop\MIKROKONTROLERY\workmench\stm32f4discovery_hal_lib\Release\libstm32f4discovery_hal_lib.a(stm32f4xx_hal_rcc.o)
                0x08001864                HAL_RCC_GetSysClockFreq
 .text.HAL_RCC_ClockConfig
                0x080018e0      0x16c C:\Users\Przemek\Desktop\MIKROKONTROLERY\workmench\stm32f4discovery_hal_lib\Release\libstm32f4discovery_hal_lib.a(stm32f4xx_hal_rcc.o)
                0x080018e0                HAL_RCC_ClockConfig
 .text.HAL_RCC_GetHCLKFreq
                0x08001a4c        0xc C:\Users\Przemek\Desktop\MIKROKONTROLERY\workmench\stm32f4discovery_hal_lib\Release\libstm32f4discovery_hal_lib.a(stm32f4xx_hal_rcc.o)
                0x08001a4c                HAL_RCC_GetHCLKFreq
 .text.__libc_init_array
                0x08001a58       0x50 c:/ac6/systemworkbench/plugins/fr.ac6.mcu.externaltools.arm-none.win32_1.7.0.201602121829/tools/compiler/bin/../lib/gcc/arm-none-eabi/5.2.1/../../../../arm-none-eabi/lib/armv7e-m/fpu\libc.a(lib_a-init.o)
                0x08001a58                __libc_init_array
 .text.memset   0x08001aa8       0x9c c:/ac6/systemworkbench/plugins/fr.ac6.mcu.externaltools.arm-none.win32_1.7.0.201602121829/tools/compiler/bin/../lib/gcc/arm-none-eabi/5.2.1/../../../../arm-none-eabi/lib/armv7e-m/fpu\libc.a(lib_a-memset.o)
                0x08001aa8                memset
 .text.startup.register_fini
                0x08001b44       0x14 c:/ac6/systemworkbench/plugins/fr.ac6.mcu.externaltools.arm-none.win32_1.7.0.201602121829/tools/compiler/bin/../lib/gcc/arm-none-eabi/5.2.1/../../../../arm-none-eabi/lib/armv7e-m/fpu\libc.a(lib_a-__call_atexit.o)
 .text.atexit   0x08001b58        0xc c:/ac6/systemworkbench/plugins/fr.ac6.mcu.externaltools.arm-none.win32_1.7.0.201602121829/tools/compiler/bin/../lib/gcc/arm-none-eabi/5.2.1/../../../../arm-none-eabi/lib/armv7e-m/fpu\libc.a(lib_a-atexit.o)
                0x08001b58                atexit
 .text.__libc_fini_array
                0x08001b64       0x28 c:/ac6/systemworkbench/plugins/fr.ac6.mcu.externaltools.arm-none.win32_1.7.0.201602121829/tools/compiler/bin/../lib/gcc/arm-none-eabi/5.2.1/../../../../arm-none-eabi/lib/armv7e-m/fpu\libc.a(lib_a-fini.o)
                0x08001b64                __libc_fini_array
 .text.__register_exitproc
                0x08001b8c       0xa4 c:/ac6/systemworkbench/plugins/fr.ac6.mcu.externaltools.arm-none.win32_1.7.0.201602121829/tools/compiler/bin/../lib/gcc/arm-none-eabi/5.2.1/../../../../arm-none-eabi/lib/armv7e-m/fpu\libc.a(lib_a-__atexit.o)
                0x08001b8c                __register_exitproc
 *(.rodata)
 .rodata        0x08001c30       0x3c src/main.o
 .rodata        0x08001c6c       0x10 C:\Users\Przemek\Desktop\MIKROKONTROLERY\workmench\stm32f4discovery_hal_lib\Release\libstm32f4discovery_hal_lib.a(stm32f4xx_hal_rcc.o)
                0x08001c6c                APBAHBPrescTable
 *(.rodata*)
 .rodata.str1.4
                0x08001c7c       0x2d src/main.o
 *fill*         0x08001ca9        0x3 
 .rodata.str1.4
                0x08001cac        0x4 c:/ac6/systemworkbench/plugins/fr.ac6.mcu.externaltools.arm-none.win32_1.7.0.201602121829/tools/compiler/bin/../lib/gcc/arm-none-eabi/5.2.1/../../../../arm-none-eabi/lib/armv7e-m/fpu\libc.a(lib_a-impure.o)
                                  0x2 (size before relaxing)
 .rodata._global_impure_ptr
                0x08001cb0        0x4 c:/ac6/systemworkbench/plugins/fr.ac6.mcu.externaltools.arm-none.win32_1.7.0.201602121829/tools/compiler/bin/../lib/gcc/arm-none-eabi/5.2.1/../../../../arm-none-eabi/lib/armv7e-m/fpu\libc.a(lib_a-impure.o)
                0x08001cb0                _global_impure_ptr
 *(.glue_7)
 .glue_7        0x08001cb4        0x0 linker stubs
 *(.glue_7t)
 .glue_7t       0x08001cb4        0x0 linker stubs
 *(.eh_frame)
 .eh_frame      0x08001cb4        0x0 c:/ac6/systemworkbench/plugins/fr.ac6.mcu.externaltools.arm-none.win32_1.7.0.201602121829/tools/compiler/bin/../lib/gcc/arm-none-eabi/5.2.1/armv7e-m/fpu/crtbegin.o
 *(.init)
 .init          0x08001cb4        0x4 c:/ac6/systemworkbench/plugins/fr.ac6.mcu.externaltools.arm-none.win32_1.7.0.201602121829/tools/compiler/bin/../lib/gcc/arm-none-eabi/5.2.1/armv7e-m/fpu/crti.o
                0x08001cb4                _init
 .init          0x08001cb8        0x8 c:/ac6/systemworkbench/plugins/fr.ac6.mcu.externaltools.arm-none.win32_1.7.0.201602121829/tools/compiler/bin/../lib/gcc/arm-none-eabi/5.2.1/armv7e-m/fpu/crtn.o
 *(.fini)
 .fini          0x08001cc0        0x4 c:/ac6/systemworkbench/plugins/fr.ac6.mcu.externaltools.arm-none.win32_1.7.0.201602121829/tools/compiler/bin/../lib/gcc/arm-none-eabi/5.2.1/armv7e-m/fpu/crti.o
                0x08001cc0                _fini
 .fini          0x08001cc4        0x8 c:/ac6/systemworkbench/plugins/fr.ac6.mcu.externaltools.arm-none.win32_1.7.0.201602121829/tools/compiler/bin/../lib/gcc/arm-none-eabi/5.2.1/armv7e-m/fpu/crtn.o
                0x08001ccc                . = ALIGN (0x4)
                0x08001ccc                _etext = .

.vfp11_veneer   0x08001ccc        0x0
 .vfp11_veneer  0x08001ccc        0x0 linker stubs

.v4_bx          0x08001ccc        0x0
 .v4_bx         0x08001ccc        0x0 linker stubs

.iplt           0x08001ccc        0x0
 .iplt          0x08001ccc        0x0 c:/ac6/systemworkbench/plugins/fr.ac6.mcu.externaltools.arm-none.win32_1.7.0.201602121829/tools/compiler/bin/../lib/gcc/arm-none-eabi/5.2.1/armv7e-m/fpu/crtbegin.o

.rel.dyn        0x08001ccc        0x0
 .rel.iplt      0x08001ccc        0x0 c:/ac6/systemworkbench/plugins/fr.ac6.mcu.externaltools.arm-none.win32_1.7.0.201602121829/tools/compiler/bin/../lib/gcc/arm-none-eabi/5.2.1/armv7e-m/fpu/crtbegin.o

.ARM.extab
 *(.ARM.extab* .gnu.linkonce.armextab.*)

.ARM            0x08001ccc        0x0
                0x08001ccc                __exidx_start = .
 *(.ARM.exidx*)
                0x08001ccc                __exidx_end = .

.preinit_array  0x08001ccc        0x0
                0x08001ccc                PROVIDE (__preinit_array_start, .)
 *(.preinit_array*)
                0x08001ccc                PROVIDE (__preinit_array_end, .)

.init_array     0x08001ccc        0x8
                0x08001ccc                PROVIDE (__init_array_start, .)
 *(SORT(.init_array.*))
 .init_array.00000
                0x08001ccc        0x4 c:/ac6/systemworkbench/plugins/fr.ac6.mcu.externaltools.arm-none.win32_1.7.0.201602121829/tools/compiler/bin/../lib/gcc/arm-none-eabi/5.2.1/../../../../arm-none-eabi/lib/armv7e-m/fpu\libc.a(lib_a-__call_atexit.o)
 *(.init_array*)
 .init_array    0x08001cd0        0x4 c:/ac6/systemworkbench/plugins/fr.ac6.mcu.externaltools.arm-none.win32_1.7.0.201602121829/tools/compiler/bin/../lib/gcc/arm-none-eabi/5.2.1/armv7e-m/fpu/crtbegin.o
                0x08001cd4                PROVIDE (__init_array_end, .)

.fini_array     0x08001cd4        0x4
                0x08001cd4                PROVIDE (__fini_array_start, .)
 *(.fini_array*)
 .fini_array    0x08001cd4        0x4 c:/ac6/systemworkbench/plugins/fr.ac6.mcu.externaltools.arm-none.win32_1.7.0.201602121829/tools/compiler/bin/../lib/gcc/arm-none-eabi/5.2.1/armv7e-m/fpu/crtbegin.o
 *(SORT(.fini_array.*))
                0x08001cd8                PROVIDE (__fini_array_end, .)
                0x08001cd8                _sidata = .

.data           0x20000000      0x440 load address 0x08001cd8
                0x20000000                . = ALIGN (0x4)
                0x20000000                _sdata = .
 *(.data)
 .data          0x20000000       0x14 src/system_stm32f4xx.o
                0x20000000                AHBPrescTable
                0x20000010                SystemCoreClock
 .data          0x20000014        0x4 Middlewares/Third_Party/FreeRTOS/Source/portable/GCC/ARM_CM4F/port.o
 *(.data*)
 .data.impure_data
                0x20000018      0x428 c:/ac6/systemworkbench/plugins/fr.ac6.mcu.externaltools.arm-none.win32_1.7.0.201602121829/tools/compiler/bin/../lib/gcc/arm-none-eabi/5.2.1/../../../../arm-none-eabi/lib/armv7e-m/fpu\libc.a(lib_a-impure.o)
                0x20000440                . = ALIGN (0x4)
                0x20000440                _edata = .

.jcr            0x20000440        0x0 load address 0x08002118
 .jcr           0x20000440        0x0 c:/ac6/systemworkbench/plugins/fr.ac6.mcu.externaltools.arm-none.win32_1.7.0.201602121829/tools/compiler/bin/../lib/gcc/arm-none-eabi/5.2.1/armv7e-m/fpu/crtbegin.o

.tm_clone_table
                0x20000440        0x0 load address 0x08002118
 .tm_clone_table
                0x20000440        0x0 c:/ac6/systemworkbench/plugins/fr.ac6.mcu.externaltools.arm-none.win32_1.7.0.201602121829/tools/compiler/bin/../lib/gcc/arm-none-eabi/5.2.1/armv7e-m/fpu/crtbegin.o
 .tm_clone_table
                0x20000440        0x0 c:/ac6/systemworkbench/plugins/fr.ac6.mcu.externaltools.arm-none.win32_1.7.0.201602121829/tools/compiler/bin/../lib/gcc/arm-none-eabi/5.2.1/armv7e-m/fpu/crtend.o

.igot.plt       0x20000440        0x0 load address 0x08002118
 .igot.plt      0x20000440        0x0 c:/ac6/systemworkbench/plugins/fr.ac6.mcu.externaltools.arm-none.win32_1.7.0.201602121829/tools/compiler/bin/../lib/gcc/arm-none-eabi/5.2.1/armv7e-m/fpu/crtbegin.o
                0x20000440                . = ALIGN (0x4)

.bss            0x20000440     0x3d74 load address 0x08002118
                0x20000440                _sbss = .
                0x20000440                __bss_start__ = _sbss
 *(.bss)
 .bss           0x20000440       0x1c c:/ac6/systemworkbench/plugins/fr.ac6.mcu.externaltools.arm-none.win32_1.7.0.201602121829/tools/compiler/bin/../lib/gcc/arm-none-eabi/5.2.1/armv7e-m/fpu/crtbegin.o
 .bss           0x2000045c      0x128 Middlewares/Third_Party/FreeRTOS/Source/tasks.o
                0x2000045c                pxCurrentTCB
 .bss           0x20000584     0x3c18 Middlewares/Third_Party/FreeRTOS/Source/portable/MemMang/heap_4.o
 .bss           0x2000419c        0x8 Middlewares/Third_Party/FreeRTOS/Source/portable/GCC/ARM_CM4F/port.o
 *(.bss*)
 *(COMMON)
 COMMON         0x200041a4        0xc src/main.o
                0x200041a4                Task_GPIO_13
                0x200041a8                Task_GPIO_12
                0x200041ac                Task_GPIO_15
 COMMON         0x200041b0        0x4 C:\Users\Przemek\Desktop\MIKROKONTROLERY\workmench\stm32f4discovery_hal_lib\Release\libstm32f4discovery_hal_lib.a(stm32f4xx_hal.o)
                0x200041b0                uwTick
                0x200041b4                . = ALIGN (0x4)
                0x200041b4                _ebss = .
                0x200041b4                __bss_end__ = _ebss

._user_heap_stack
                0x200041b4      0x404 load address 0x08005e8c
                0x200041b8                . = ALIGN (0x8)
 *fill*         0x200041b4        0x4 
                0x200041b8                PROVIDE (end, .)
                [!provide]                PROVIDE (_end, .)
                0x200041b8                . = (. + _Min_Heap_Size)
                0x200045b8                . = (. + _Min_Stack_Size)
 *fill*         0x200041b8      0x400 
                0x200045b8                . = ALIGN (0x8)

.memory_b1_text
 *(.mb1text)
 *(.mb1text*)
 *(.mb1rodata)
 *(.mb1rodata*)

/DISCARD/
 libc.a(*)
 libm.a(*)
 libgcc.a(*)

.ARM.attributes
                0x00000000       0x30
 *(.ARM.attributes)
 .ARM.attributes
                0x00000000       0x22 c:/ac6/systemworkbench/plugins/fr.ac6.mcu.externaltools.arm-none.win32_1.7.0.201602121829/tools/compiler/bin/../lib/gcc/arm-none-eabi/5.2.1/armv7e-m/fpu/crti.o
 .ARM.attributes
                0x00000022       0x34 c:/ac6/systemworkbench/plugins/fr.ac6.mcu.externaltools.arm-none.win32_1.7.0.201602121829/tools/compiler/bin/../lib/gcc/arm-none-eabi/5.2.1/armv7e-m/fpu/crtbegin.o
 .ARM.attributes
                0x00000056       0x21 startup/startup_stm32f407xx.o
 .ARM.attributes
                0x00000077       0x39 src/gpio.o
 .ARM.attributes
                0x000000b0       0x39 src/main.o
 .ARM.attributes
                0x000000e9       0x39 src/rcc.o
 .ARM.attributes
                0x00000122       0x39 src/stm32f4xx_it.o
 .ARM.attributes
                0x0000015b       0x39 src/system_stm32f4xx.o
 .ARM.attributes
                0x00000194       0x39 src/zadania.o
 .ARM.attributes
                0x000001cd       0x39 Middlewares/Third_Party/FreeRTOS/Source/list.o
 .ARM.attributes
                0x00000206       0x39 Middlewares/Third_Party/FreeRTOS/Source/tasks.o
 .ARM.attributes
                0x0000023f       0x39 Middlewares/Third_Party/FreeRTOS/Source/portable/MemMang/heap_4.o
 .ARM.attributes
                0x00000278       0x39 Middlewares/Third_Party/FreeRTOS/Source/portable/GCC/ARM_CM4F/port.o
 .ARM.attributes
                0x000002b1       0x39 Middlewares/Third_Party/FreeRTOS/Source/CMSIS_RTOS/cmsis_os.o
 .ARM.attributes
                0x000002ea       0x39 C:\Users\Przemek\Desktop\MIKROKONTROLERY\workmench\stm32f4discovery_hal_lib\Release\libstm32f4discovery_hal_lib.a(stm32f4xx_hal.o)
 .ARM.attributes
                0x00000323       0x39 C:\Users\Przemek\Desktop\MIKROKONTROLERY\workmench\stm32f4discovery_hal_lib\Release\libstm32f4discovery_hal_lib.a(stm32f4xx_hal_cortex.o)
 .ARM.attributes
                0x0000035c       0x39 C:\Users\Przemek\Desktop\MIKROKONTROLERY\workmench\stm32f4discovery_hal_lib\Release\libstm32f4discovery_hal_lib.a(stm32f4xx_hal_gpio.o)
 .ARM.attributes
                0x00000395       0x39 C:\Users\Przemek\Desktop\MIKROKONTROLERY\workmench\stm32f4discovery_hal_lib\Release\libstm32f4discovery_hal_lib.a(stm32f4xx_hal_rcc.o)
 .ARM.attributes
                0x000003ce       0x34 c:/ac6/systemworkbench/plugins/fr.ac6.mcu.externaltools.arm-none.win32_1.7.0.201602121829/tools/compiler/bin/../lib/gcc/arm-none-eabi/5.2.1/../../../../arm-none-eabi/lib/armv7e-m/fpu\libc.a(lib_a-impure.o)
 .ARM.attributes
                0x00000402       0x34 c:/ac6/systemworkbench/plugins/fr.ac6.mcu.externaltools.arm-none.win32_1.7.0.201602121829/tools/compiler/bin/../lib/gcc/arm-none-eabi/5.2.1/../../../../arm-none-eabi/lib/armv7e-m/fpu\libc.a(lib_a-init.o)
 .ARM.attributes
                0x00000436       0x34 c:/ac6/systemworkbench/plugins/fr.ac6.mcu.externaltools.arm-none.win32_1.7.0.201602121829/tools/compiler/bin/../lib/gcc/arm-none-eabi/5.2.1/../../../../arm-none-eabi/lib/armv7e-m/fpu\libc.a(lib_a-memset.o)
 .ARM.attributes
                0x0000046a       0x34 c:/ac6/systemworkbench/plugins/fr.ac6.mcu.externaltools.arm-none.win32_1.7.0.201602121829/tools/compiler/bin/../lib/gcc/arm-none-eabi/5.2.1/../../../../arm-none-eabi/lib/armv7e-m/fpu\libc.a(lib_a-__call_atexit.o)
 .ARM.attributes
                0x0000049e       0x34 c:/ac6/systemworkbench/plugins/fr.ac6.mcu.externaltools.arm-none.win32_1.7.0.201602121829/tools/compiler/bin/../lib/gcc/arm-none-eabi/5.2.1/../../../../arm-none-eabi/lib/armv7e-m/fpu\libc.a(lib_a-atexit.o)
 .ARM.attributes
                0x000004d2       0x34 c:/ac6/systemworkbench/plugins/fr.ac6.mcu.externaltools.arm-none.win32_1.7.0.201602121829/tools/compiler/bin/../lib/gcc/arm-none-eabi/5.2.1/../../../../arm-none-eabi/lib/armv7e-m/fpu\libc.a(lib_a-fini.o)
 .ARM.attributes
                0x00000506       0x34 c:/ac6/systemworkbench/plugins/fr.ac6.mcu.externaltools.arm-none.win32_1.7.0.201602121829/tools/compiler/bin/../lib/gcc/arm-none-eabi/5.2.1/../../../../arm-none-eabi/lib/armv7e-m/fpu\libc.a(lib_a-__atexit.o)
 .ARM.attributes
                0x0000053a       0x34 c:/ac6/systemworkbench/plugins/fr.ac6.mcu.externaltools.arm-none.win32_1.7.0.201602121829/tools/compiler/bin/../lib/gcc/arm-none-eabi/5.2.1/armv7e-m/fpu/crtend.o
 .ARM.attributes
                0x0000056e       0x22 c:/ac6/systemworkbench/plugins/fr.ac6.mcu.externaltools.arm-none.win32_1.7.0.201602121829/tools/compiler/bin/../lib/gcc/arm-none-eabi/5.2.1/armv7e-m/fpu/crtn.o
OUTPUT(Free_RTOS_basic.elf elf32-littlearm)

.debug_line     0x00000000       0x7f
 .debug_line    0x00000000       0x7f startup/startup_stm32f407xx.o

.debug_info     0x00000000       0x91
 .debug_info    0x00000000       0x91 startup/startup_stm32f407xx.o

.debug_abbrev   0x00000000       0x12
 .debug_abbrev  0x00000000       0x12 startup/startup_stm32f407xx.o

.debug_aranges  0x00000000       0x28
 .debug_aranges
                0x00000000       0x28 startup/startup_stm32f407xx.o

.debug_ranges   0x00000000       0x20
 .debug_ranges  0x00000000       0x20 startup/startup_stm32f407xx.o

.comment        0x00000000       0x6e
 .comment       0x00000000       0x6e src/gpio.o
                                 0x6f (size before relaxing)
 .comment       0x0000006e       0x6f src/main.o
 .comment       0x0000006e       0x6f src/rcc.o
 .comment       0x0000006e       0x6f src/stm32f4xx_it.o
 .comment       0x0000006e       0x6f src/system_stm32f4xx.o
 .comment       0x0000006e       0x6f src/zadania.o
 .comment       0x0000006e       0x6f Middlewares/Third_Party/FreeRTOS/Source/list.o
 .comment       0x0000006e       0x6f Middlewares/Third_Party/FreeRTOS/Source/tasks.o
 .comment       0x0000006e       0x6f Middlewares/Third_Party/FreeRTOS/Source/portable/MemMang/heap_4.o
 .comment       0x0000006e       0x6f Middlewares/Third_Party/FreeRTOS/Source/portable/GCC/ARM_CM4F/port.o
 .comment       0x0000006e       0x6f Middlewares/Third_Party/FreeRTOS/Source/CMSIS_RTOS/cmsis_os.o
 .comment       0x0000006e       0x6f C:\Users\Przemek\Desktop\MIKROKONTROLERY\workmench\stm32f4discovery_hal_lib\Release\libstm32f4discovery_hal_lib.a(stm32f4xx_hal.o)
 .comment       0x0000006e       0x6f C:\Users\Przemek\Desktop\MIKROKONTROLERY\workmench\stm32f4discovery_hal_lib\Release\libstm32f4discovery_hal_lib.a(stm32f4xx_hal_cortex.o)
 .comment       0x0000006e       0x6f C:\Users\Przemek\Desktop\MIKROKONTROLERY\workmench\stm32f4discovery_hal_lib\Release\libstm32f4discovery_hal_lib.a(stm32f4xx_hal_gpio.o)
 .comment       0x0000006e       0x6f C:\Users\Przemek\Desktop\MIKROKONTROLERY\workmench\stm32f4discovery_hal_lib\Release\libstm32f4discovery_hal_lib.a(stm32f4xx_hal_rcc.o)

.debug_frame    0x00000000      0x138
 .debug_frame   0x00000000       0x2c c:/ac6/systemworkbench/plugins/fr.ac6.mcu.externaltools.arm-none.win32_1.7.0.201602121829/tools/compiler/bin/../lib/gcc/arm-none-eabi/5.2.1/../../../../arm-none-eabi/lib/armv7e-m/fpu\libc.a(lib_a-init.o)
 .debug_frame   0x0000002c       0x34 c:/ac6/systemworkbench/plugins/fr.ac6.mcu.externaltools.arm-none.win32_1.7.0.201602121829/tools/compiler/bin/../lib/gcc/arm-none-eabi/5.2.1/../../../../arm-none-eabi/lib/armv7e-m/fpu\libc.a(lib_a-memset.o)
 .debug_frame   0x00000060       0x50 c:/ac6/systemworkbench/plugins/fr.ac6.mcu.externaltools.arm-none.win32_1.7.0.201602121829/tools/compiler/bin/../lib/gcc/arm-none-eabi/5.2.1/../../../../arm-none-eabi/lib/armv7e-m/fpu\libc.a(lib_a-__call_atexit.o)
 .debug_frame   0x000000b0       0x20 c:/ac6/systemworkbench/plugins/fr.ac6.mcu.externaltools.arm-none.win32_1.7.0.201602121829/tools/compiler/bin/../lib/gcc/arm-none-eabi/5.2.1/../../../../arm-none-eabi/lib/armv7e-m/fpu\libc.a(lib_a-atexit.o)
 .debug_frame   0x000000d0       0x34 c:/ac6/systemworkbench/plugins/fr.ac6.mcu.externaltools.arm-none.win32_1.7.0.201602121829/tools/compiler/bin/../lib/gcc/arm-none-eabi/5.2.1/../../../../arm-none-eabi/lib/armv7e-m/fpu\libc.a(lib_a-fini.o)
 .debug_frame   0x00000104       0x34 c:/ac6/systemworkbench/plugins/fr.ac6.mcu.externaltools.arm-none.win32_1.7.0.201602121829/tools/compiler/bin/../lib/gcc/arm-none-eabi/5.2.1/../../../../arm-none-eabi/lib/armv7e-m/fpu\libc.a(lib_a-__atexit.o)
