Archive member included to satisfy reference by file (symbol)

C:\Users\Przemek\Desktop\MIKROKONTROLERY\workmench\stm32f4discovery_hal_lib\Release\libstm32f4discovery_hal_lib.a(stm32f4xx_hal.o)
                              src/stm32f4xx_it.o (HAL_IncTick)
C:\Users\Przemek\Desktop\MIKROKONTROLERY\workmench\stm32f4discovery_hal_lib\Release\libstm32f4discovery_hal_lib.a(stm32f4xx_hal_cortex.o)
                              C:\Users\Przemek\Desktop\MIKROKONTROLERY\workmench\stm32f4discovery_hal_lib\Release\libstm32f4discovery_hal_lib.a(stm32f4xx_hal.o) (HAL_NVIC_SetPriorityGrouping)
C:\Users\Przemek\Desktop\MIKROKONTROLERY\workmench\stm32f4discovery_hal_lib\Release\libstm32f4discovery_hal_lib.a(stm32f4xx_hal_gpio.o)
                              src/main.o (HAL_GPIO_Init)
C:\Users\Przemek\Desktop\MIKROKONTROLERY\workmench\stm32f4discovery_hal_lib\Release\libstm32f4discovery_hal_lib.a(stm32f4xx_hal_spi.o)
                              src/main.o (HAL_SPI_MspInit)
C:\Users\Przemek\Desktop\MIKROKONTROLERY\workmench\stm32f4discovery_hal_lib\Release\libstm32f4discovery_hal_lib.a(stm32f4xx_hal_dma.o)
                              C:\Users\Przemek\Desktop\MIKROKONTROLERY\workmench\stm32f4discovery_hal_lib\Release\libstm32f4discovery_hal_lib.a(stm32f4xx_hal_spi.o) (HAL_DMA_Start_IT)
c:/ac6/systemworkbench/plugins/fr.ac6.mcu.externaltools.arm-none.win32_1.7.0.201602121829/tools/compiler/bin/../lib/gcc/arm-none-eabi/5.2.1/../../../../arm-none-eabi/lib/armv7e-m/fpu\libc.a(lib_a-errno.o)
                              src/syscalls.o (__errno)
c:/ac6/systemworkbench/plugins/fr.ac6.mcu.externaltools.arm-none.win32_1.7.0.201602121829/tools/compiler/bin/../lib/gcc/arm-none-eabi/5.2.1/../../../../arm-none-eabi/lib/armv7e-m/fpu\libc.a(lib_a-exit.o)
                              c:/ac6/systemworkbench/plugins/fr.ac6.mcu.externaltools.arm-none.win32_1.7.0.201602121829/tools/compiler/bin/../lib/gcc/arm-none-eabi/5.2.1/../../../../arm-none-eabi/lib/armv7e-m/fpu/crt0.o (exit)
c:/ac6/systemworkbench/plugins/fr.ac6.mcu.externaltools.arm-none.win32_1.7.0.201602121829/tools/compiler/bin/../lib/gcc/arm-none-eabi/5.2.1/../../../../arm-none-eabi/lib/armv7e-m/fpu\libc.a(lib_a-impure.o)
                              c:/ac6/systemworkbench/plugins/fr.ac6.mcu.externaltools.arm-none.win32_1.7.0.201602121829/tools/compiler/bin/../lib/gcc/arm-none-eabi/5.2.1/../../../../arm-none-eabi/lib/armv7e-m/fpu\libc.a(lib_a-exit.o) (_global_impure_ptr)
c:/ac6/systemworkbench/plugins/fr.ac6.mcu.externaltools.arm-none.win32_1.7.0.201602121829/tools/compiler/bin/../lib/gcc/arm-none-eabi/5.2.1/../../../../arm-none-eabi/lib/armv7e-m/fpu\libc.a(lib_a-init.o)
                              c:/ac6/systemworkbench/plugins/fr.ac6.mcu.externaltools.arm-none.win32_1.7.0.201602121829/tools/compiler/bin/../lib/gcc/arm-none-eabi/5.2.1/../../../../arm-none-eabi/lib/armv7e-m/fpu/crt0.o (__libc_init_array)
c:/ac6/systemworkbench/plugins/fr.ac6.mcu.externaltools.arm-none.win32_1.7.0.201602121829/tools/compiler/bin/../lib/gcc/arm-none-eabi/5.2.1/../../../../arm-none-eabi/lib/armv7e-m/fpu\libc.a(lib_a-malloc.o)
                              Middlewares/Third_Party/FatFs/src/option/syscall.o (malloc)
c:/ac6/systemworkbench/plugins/fr.ac6.mcu.externaltools.arm-none.win32_1.7.0.201602121829/tools/compiler/bin/../lib/gcc/arm-none-eabi/5.2.1/../../../../arm-none-eabi/lib/armv7e-m/fpu\libc.a(lib_a-mallocr.o)
                              c:/ac6/systemworkbench/plugins/fr.ac6.mcu.externaltools.arm-none.win32_1.7.0.201602121829/tools/compiler/bin/../lib/gcc/arm-none-eabi/5.2.1/../../../../arm-none-eabi/lib/armv7e-m/fpu\libc.a(lib_a-malloc.o) (_malloc_r)
c:/ac6/systemworkbench/plugins/fr.ac6.mcu.externaltools.arm-none.win32_1.7.0.201602121829/tools/compiler/bin/../lib/gcc/arm-none-eabi/5.2.1/../../../../arm-none-eabi/lib/armv7e-m/fpu\libc.a(lib_a-memcpy.o)
                              Middlewares/Third_Party/FatFs/src/ff.o (memcpy)
c:/ac6/systemworkbench/plugins/fr.ac6.mcu.externaltools.arm-none.win32_1.7.0.201602121829/tools/compiler/bin/../lib/gcc/arm-none-eabi/5.2.1/../../../../arm-none-eabi/lib/armv7e-m/fpu\libc.a(lib_a-memset.o)
                              c:/ac6/systemworkbench/plugins/fr.ac6.mcu.externaltools.arm-none.win32_1.7.0.201602121829/tools/compiler/bin/../lib/gcc/arm-none-eabi/5.2.1/../../../../arm-none-eabi/lib/armv7e-m/fpu/crt0.o (memset)
c:/ac6/systemworkbench/plugins/fr.ac6.mcu.externaltools.arm-none.win32_1.7.0.201602121829/tools/compiler/bin/../lib/gcc/arm-none-eabi/5.2.1/../../../../arm-none-eabi/lib/armv7e-m/fpu\libc.a(lib_a-mlock.o)
                              c:/ac6/systemworkbench/plugins/fr.ac6.mcu.externaltools.arm-none.win32_1.7.0.201602121829/tools/compiler/bin/../lib/gcc/arm-none-eabi/5.2.1/../../../../arm-none-eabi/lib/armv7e-m/fpu\libc.a(lib_a-mallocr.o) (__malloc_lock)
c:/ac6/systemworkbench/plugins/fr.ac6.mcu.externaltools.arm-none.win32_1.7.0.201602121829/tools/compiler/bin/../lib/gcc/arm-none-eabi/5.2.1/../../../../arm-none-eabi/lib/armv7e-m/fpu\libc.a(lib_a-sbrkr.o)
                              c:/ac6/systemworkbench/plugins/fr.ac6.mcu.externaltools.arm-none.win32_1.7.0.201602121829/tools/compiler/bin/../lib/gcc/arm-none-eabi/5.2.1/../../../../arm-none-eabi/lib/armv7e-m/fpu\libc.a(lib_a-mallocr.o) (_sbrk_r)
c:/ac6/systemworkbench/plugins/fr.ac6.mcu.externaltools.arm-none.win32_1.7.0.201602121829/tools/compiler/bin/../lib/gcc/arm-none-eabi/5.2.1/../../../../arm-none-eabi/lib/armv7e-m/fpu\libc.a(lib_a-__call_atexit.o)
                              c:/ac6/systemworkbench/plugins/fr.ac6.mcu.externaltools.arm-none.win32_1.7.0.201602121829/tools/compiler/bin/../lib/gcc/arm-none-eabi/5.2.1/../../../../arm-none-eabi/lib/armv7e-m/fpu\libc.a(lib_a-exit.o) (__call_exitprocs)
c:/ac6/systemworkbench/plugins/fr.ac6.mcu.externaltools.arm-none.win32_1.7.0.201602121829/tools/compiler/bin/../lib/gcc/arm-none-eabi/5.2.1/../../../../arm-none-eabi/lib/armv7e-m/fpu\libc.a(lib_a-atexit.o)
                              c:/ac6/systemworkbench/plugins/fr.ac6.mcu.externaltools.arm-none.win32_1.7.0.201602121829/tools/compiler/bin/../lib/gcc/arm-none-eabi/5.2.1/../../../../arm-none-eabi/lib/armv7e-m/fpu\libc.a(lib_a-__call_atexit.o) (atexit)
c:/ac6/systemworkbench/plugins/fr.ac6.mcu.externaltools.arm-none.win32_1.7.0.201602121829/tools/compiler/bin/../lib/gcc/arm-none-eabi/5.2.1/../../../../arm-none-eabi/lib/armv7e-m/fpu\libc.a(lib_a-fini.o)
                              c:/ac6/systemworkbench/plugins/fr.ac6.mcu.externaltools.arm-none.win32_1.7.0.201602121829/tools/compiler/bin/../lib/gcc/arm-none-eabi/5.2.1/../../../../arm-none-eabi/lib/armv7e-m/fpu\libc.a(lib_a-__call_atexit.o) (__libc_fini_array)
c:/ac6/systemworkbench/plugins/fr.ac6.mcu.externaltools.arm-none.win32_1.7.0.201602121829/tools/compiler/bin/../lib/gcc/arm-none-eabi/5.2.1/../../../../arm-none-eabi/lib/armv7e-m/fpu\libc.a(lib_a-freer.o)
                              c:/ac6/systemworkbench/plugins/fr.ac6.mcu.externaltools.arm-none.win32_1.7.0.201602121829/tools/compiler/bin/../lib/gcc/arm-none-eabi/5.2.1/../../../../arm-none-eabi/lib/armv7e-m/fpu\libc.a(lib_a-malloc.o) (_free_r)
c:/ac6/systemworkbench/plugins/fr.ac6.mcu.externaltools.arm-none.win32_1.7.0.201602121829/tools/compiler/bin/../lib/gcc/arm-none-eabi/5.2.1/../../../../arm-none-eabi/lib/armv7e-m/fpu\libc.a(lib_a-reent.o)
                              c:/ac6/systemworkbench/plugins/fr.ac6.mcu.externaltools.arm-none.win32_1.7.0.201602121829/tools/compiler/bin/../lib/gcc/arm-none-eabi/5.2.1/../../../../arm-none-eabi/lib/armv7e-m/fpu\libc.a(lib_a-sbrkr.o) (errno)
c:/ac6/systemworkbench/plugins/fr.ac6.mcu.externaltools.arm-none.win32_1.7.0.201602121829/tools/compiler/bin/../lib/gcc/arm-none-eabi/5.2.1/../../../../arm-none-eabi/lib/armv7e-m/fpu\libc.a(lib_a-__atexit.o)
                              c:/ac6/systemworkbench/plugins/fr.ac6.mcu.externaltools.arm-none.win32_1.7.0.201602121829/tools/compiler/bin/../lib/gcc/arm-none-eabi/5.2.1/../../../../arm-none-eabi/lib/armv7e-m/fpu\libc.a(lib_a-atexit.o) (__register_exitproc)

Allocating common symbols
Common symbol       size              file

mynewdiskFatFs      0x230             src/main.o
errno               0x4               c:/ac6/systemworkbench/plugins/fr.ac6.mcu.externaltools.arm-none.win32_1.7.0.201602121829/tools/compiler/bin/../lib/gcc/arm-none-eabi/5.2.1/../../../../arm-none-eabi/lib/armv7e-m/fpu\libc.a(lib_a-reent.o)
uwTick              0x4               C:\Users\Przemek\Desktop\MIKROKONTROLERY\workmench\stm32f4discovery_hal_lib\Release\libstm32f4discovery_hal_lib.a(stm32f4xx_hal.o)
mynewdiskPath       0x4               src/main.o
MyFile              0x22c             src/main.o
mynewdisk_Driver    0x14              src/main.o

Discarded input sections

 .text          0x00000000        0x0 c:/ac6/systemworkbench/plugins/fr.ac6.mcu.externaltools.arm-none.win32_1.7.0.201602121829/tools/compiler/bin/../lib/gcc/arm-none-eabi/5.2.1/armv7e-m/fpu/crti.o
 .data          0x00000000        0x0 c:/ac6/systemworkbench/plugins/fr.ac6.mcu.externaltools.arm-none.win32_1.7.0.201602121829/tools/compiler/bin/../lib/gcc/arm-none-eabi/5.2.1/armv7e-m/fpu/crti.o
 .bss           0x00000000        0x0 c:/ac6/systemworkbench/plugins/fr.ac6.mcu.externaltools.arm-none.win32_1.7.0.201602121829/tools/compiler/bin/../lib/gcc/arm-none-eabi/5.2.1/armv7e-m/fpu/crti.o
 .data          0x00000000        0x4 c:/ac6/systemworkbench/plugins/fr.ac6.mcu.externaltools.arm-none.win32_1.7.0.201602121829/tools/compiler/bin/../lib/gcc/arm-none-eabi/5.2.1/armv7e-m/fpu/crtbegin.o
 .text          0x00000000       0x74 c:/ac6/systemworkbench/plugins/fr.ac6.mcu.externaltools.arm-none.win32_1.7.0.201602121829/tools/compiler/bin/../lib/gcc/arm-none-eabi/5.2.1/../../../../arm-none-eabi/lib/armv7e-m/fpu/crt0.o
 .data          0x00000000        0x0 c:/ac6/systemworkbench/plugins/fr.ac6.mcu.externaltools.arm-none.win32_1.7.0.201602121829/tools/compiler/bin/../lib/gcc/arm-none-eabi/5.2.1/../../../../arm-none-eabi/lib/armv7e-m/fpu/crt0.o
 .bss           0x00000000        0x0 c:/ac6/systemworkbench/plugins/fr.ac6.mcu.externaltools.arm-none.win32_1.7.0.201602121829/tools/compiler/bin/../lib/gcc/arm-none-eabi/5.2.1/../../../../arm-none-eabi/lib/armv7e-m/fpu/crt0.o
 .ARM.extab     0x00000000        0x0 c:/ac6/systemworkbench/plugins/fr.ac6.mcu.externaltools.arm-none.win32_1.7.0.201602121829/tools/compiler/bin/../lib/gcc/arm-none-eabi/5.2.1/../../../../arm-none-eabi/lib/armv7e-m/fpu/crt0.o
 .ARM.exidx     0x00000000        0x8 c:/ac6/systemworkbench/plugins/fr.ac6.mcu.externaltools.arm-none.win32_1.7.0.201602121829/tools/compiler/bin/../lib/gcc/arm-none-eabi/5.2.1/../../../../arm-none-eabi/lib/armv7e-m/fpu/crt0.o
 .ARM.attributes
                0x00000000       0x20 c:/ac6/systemworkbench/plugins/fr.ac6.mcu.externaltools.arm-none.win32_1.7.0.201602121829/tools/compiler/bin/../lib/gcc/arm-none-eabi/5.2.1/../../../../arm-none-eabi/lib/armv7e-m/fpu/crt0.o
 .text          0x00000000       0x14 startup/startup_stm32f407xx.o
 .data          0x00000000        0x0 startup/startup_stm32f407xx.o
 .bss           0x00000000        0x0 startup/startup_stm32f407xx.o
 .text          0x00000000        0x0 src/main.o
 .data          0x00000000        0x0 src/main.o
 .bss           0x00000000        0x0 src/main.o
 .text          0x00000000        0x0 src/stm32f4xx_it.o
 .data          0x00000000        0x0 src/stm32f4xx_it.o
 .bss           0x00000000        0x0 src/stm32f4xx_it.o
 .text          0x00000000        0x0 src/syscalls.o
 .data          0x00000000        0x4 src/syscalls.o
 .text.initialise_monitor_handles
                0x00000000        0x4 src/syscalls.o
 .text._getpid  0x00000000        0x4 src/syscalls.o
 .text._kill    0x00000000       0x10 src/syscalls.o
 .text._exit    0x00000000        0xc src/syscalls.o
 .text._read    0x00000000       0x1c src/syscalls.o
 .text._write   0x00000000       0x1c src/syscalls.o
 .text._close   0x00000000        0x8 src/syscalls.o
 .text._fstat   0x00000000        0xc src/syscalls.o
 .text._isatty  0x00000000        0x4 src/syscalls.o
 .text._lseek   0x00000000        0x4 src/syscalls.o
 .text._open    0x00000000        0xc src/syscalls.o
 .text._wait    0x00000000       0x10 src/syscalls.o
 .text._unlink  0x00000000       0x10 src/syscalls.o
 .text._times   0x00000000        0x8 src/syscalls.o
 .text._stat    0x00000000        0xc src/syscalls.o
 .text._link    0x00000000       0x10 src/syscalls.o
 .text._fork    0x00000000       0x10 src/syscalls.o
 .text._execve  0x00000000       0x10 src/syscalls.o
 .text          0x00000000        0x0 src/system_stm32f4xx.o
 .data          0x00000000       0x14 src/system_stm32f4xx.o
 .bss           0x00000000        0x0 src/system_stm32f4xx.o
 .text.SystemCoreClockUpdate
                0x00000000       0x74 src/system_stm32f4xx.o
 .text          0x00000000        0x0 Middlewares/Third_Party/FatFs/src/option/syscall.o
 .data          0x00000000        0x0 Middlewares/Third_Party/FatFs/src/option/syscall.o
 .bss           0x00000000        0x0 Middlewares/Third_Party/FatFs/src/option/syscall.o
 .text          0x00000000        0x0 Middlewares/Third_Party/FatFs/src/option/unicode.o
 .data          0x00000000        0x0 Middlewares/Third_Party/FatFs/src/option/unicode.o
 .bss           0x00000000        0x0 Middlewares/Third_Party/FatFs/src/option/unicode.o
 .text          0x00000000        0x0 Middlewares/Third_Party/FatFs/src/diskio.o
 .data          0x00000000        0x0 Middlewares/Third_Party/FatFs/src/diskio.o
 .bss           0x00000000        0x0 Middlewares/Third_Party/FatFs/src/diskio.o
 .text          0x00000000        0x0 Middlewares/Third_Party/FatFs/src/ff.o
 .data          0x00000000        0x0 Middlewares/Third_Party/FatFs/src/ff.o
 .text.get_fileinfo
                0x00000000       0xf8 Middlewares/Third_Party/FatFs/src/ff.o
 .text.f_read.part.9
                0x00000000      0x298 Middlewares/Third_Party/FatFs/src/ff.o
 .text.dir_read.constprop.13
                0x00000000      0x4c4 Middlewares/Third_Party/FatFs/src/ff.o
 .text.dir_remove
                0x00000000      0x174 Middlewares/Third_Party/FatFs/src/ff.o
 .text.putc_bfd
                0x00000000      0x118 Middlewares/Third_Party/FatFs/src/ff.o
 .text.clust2sect
                0x00000000       0x1c Middlewares/Third_Party/FatFs/src/ff.o
 .text.get_fat  0x00000000      0x28c Middlewares/Third_Party/FatFs/src/ff.o
 .text.put_fat  0x00000000      0x2f0 Middlewares/Third_Party/FatFs/src/ff.o
 .text.f_read   0x00000000       0x68 Middlewares/Third_Party/FatFs/src/ff.o
 .text.f_sync   0x00000000      0x16c Middlewares/Third_Party/FatFs/src/ff.o
 .text.f_lseek  0x00000000      0x368 Middlewares/Third_Party/FatFs/src/ff.o
 .text.f_opendir
                0x00000000      0x614 Middlewares/Third_Party/FatFs/src/ff.o
 .text.f_closedir
                0x00000000       0x78 Middlewares/Third_Party/FatFs/src/ff.o
 .text.f_readdir
                0x00000000       0xa8 Middlewares/Third_Party/FatFs/src/ff.o
 .text.f_stat   0x00000000      0x568 Middlewares/Third_Party/FatFs/src/ff.o
 .text.f_getfree
                0x00000000      0x168 Middlewares/Third_Party/FatFs/src/ff.o
 .text.f_truncate
                0x00000000      0x120 Middlewares/Third_Party/FatFs/src/ff.o
 .text.f_unlink
                0x00000000      0x648 Middlewares/Third_Party/FatFs/src/ff.o
 .text.f_mkdir  0x00000000      0x340 Middlewares/Third_Party/FatFs/src/ff.o
 .text.f_chmod  0x00000000      0x594 Middlewares/Third_Party/FatFs/src/ff.o
 .text.f_rename
                0x00000000      0x208 Middlewares/Third_Party/FatFs/src/ff.o
 .text.f_utime  0x00000000      0x594 Middlewares/Third_Party/FatFs/src/ff.o
 .text.f_mkfs   0x00000000      0x5fc Middlewares/Third_Party/FatFs/src/ff.o
 .text.f_gets   0x00000000       0x90 Middlewares/Third_Party/FatFs/src/ff.o
 .text.f_putc   0x00000000      0x10c Middlewares/Third_Party/FatFs/src/ff.o
 .text.f_puts   0x00000000      0x19c Middlewares/Third_Party/FatFs/src/ff.o
 .text.f_printf
                0x00000000      0x9fc Middlewares/Third_Party/FatFs/src/ff.o
 .text          0x00000000        0x0 Middlewares/Third_Party/FatFs/src/ff_gen_drv.o
 .data          0x00000000        0x0 Middlewares/Third_Party/FatFs/src/ff_gen_drv.o
 .text.FATFS_LinkDriverEx
                0x00000000       0x4c Middlewares/Third_Party/FatFs/src/ff_gen_drv.o
 .text.FATFS_UnLinkDriverEx
                0x00000000       0x38 Middlewares/Third_Party/FatFs/src/ff_gen_drv.o
 .text.FATFS_GetAttachedDriversNbr
                0x00000000        0xc Middlewares/Third_Party/FatFs/src/ff_gen_drv.o
 .text          0x00000000        0x0 C:\Users\Przemek\Desktop\MIKROKONTROLERY\workmench\stm32f4discovery_hal_lib\Release\libstm32f4discovery_hal_lib.a(stm32f4xx_hal.o)
 .data          0x00000000        0x0 C:\Users\Przemek\Desktop\MIKROKONTROLERY\workmench\stm32f4discovery_hal_lib\Release\libstm32f4discovery_hal_lib.a(stm32f4xx_hal.o)
 .bss           0x00000000        0x0 C:\Users\Przemek\Desktop\MIKROKONTROLERY\workmench\stm32f4discovery_hal_lib\Release\libstm32f4discovery_hal_lib.a(stm32f4xx_hal.o)
 .text.HAL_MspInit
                0x00000000        0x4 C:\Users\Przemek\Desktop\MIKROKONTROLERY\workmench\stm32f4discovery_hal_lib\Release\libstm32f4discovery_hal_lib.a(stm32f4xx_hal.o)
 .text.HAL_MspDeInit
                0x00000000        0x4 C:\Users\Przemek\Desktop\MIKROKONTROLERY\workmench\stm32f4discovery_hal_lib\Release\libstm32f4discovery_hal_lib.a(stm32f4xx_hal.o)
 .text.HAL_DeInit
                0x00000000       0x2c C:\Users\Przemek\Desktop\MIKROKONTROLERY\workmench\stm32f4discovery_hal_lib\Release\libstm32f4discovery_hal_lib.a(stm32f4xx_hal.o)
 .text.HAL_InitTick
                0x00000000       0x2c C:\Users\Przemek\Desktop\MIKROKONTROLERY\workmench\stm32f4discovery_hal_lib\Release\libstm32f4discovery_hal_lib.a(stm32f4xx_hal.o)
 .text.HAL_Init
                0x00000000       0x2c C:\Users\Przemek\Desktop\MIKROKONTROLERY\workmench\stm32f4discovery_hal_lib\Release\libstm32f4discovery_hal_lib.a(stm32f4xx_hal.o)
 .text.HAL_GetTick
                0x00000000        0xc C:\Users\Przemek\Desktop\MIKROKONTROLERY\workmench\stm32f4discovery_hal_lib\Release\libstm32f4discovery_hal_lib.a(stm32f4xx_hal.o)
 .text.HAL_Delay
                0x00000000       0x1c C:\Users\Przemek\Desktop\MIKROKONTROLERY\workmench\stm32f4discovery_hal_lib\Release\libstm32f4discovery_hal_lib.a(stm32f4xx_hal.o)
 .text.HAL_SuspendTick
                0x00000000       0x10 C:\Users\Przemek\Desktop\MIKROKONTROLERY\workmench\stm32f4discovery_hal_lib\Release\libstm32f4discovery_hal_lib.a(stm32f4xx_hal.o)
 .text.HAL_ResumeTick
                0x00000000       0x10 C:\Users\Przemek\Desktop\MIKROKONTROLERY\workmench\stm32f4discovery_hal_lib\Release\libstm32f4discovery_hal_lib.a(stm32f4xx_hal.o)
 .text.HAL_GetHalVersion
                0x00000000        0x8 C:\Users\Przemek\Desktop\MIKROKONTROLERY\workmench\stm32f4discovery_hal_lib\Release\libstm32f4discovery_hal_lib.a(stm32f4xx_hal.o)
 .text.HAL_GetREVID
                0x00000000        0xc C:\Users\Przemek\Desktop\MIKROKONTROLERY\workmench\stm32f4discovery_hal_lib\Release\libstm32f4discovery_hal_lib.a(stm32f4xx_hal.o)
 .text.HAL_GetDEVID
                0x00000000       0x10 C:\Users\Przemek\Desktop\MIKROKONTROLERY\workmench\stm32f4discovery_hal_lib\Release\libstm32f4discovery_hal_lib.a(stm32f4xx_hal.o)
 .text.HAL_DBGMCU_EnableDBGSleepMode
                0x00000000       0x10 C:\Users\Przemek\Desktop\MIKROKONTROLERY\workmench\stm32f4discovery_hal_lib\Release\libstm32f4discovery_hal_lib.a(stm32f4xx_hal.o)
 .text.HAL_DBGMCU_DisableDBGSleepMode
                0x00000000       0x10 C:\Users\Przemek\Desktop\MIKROKONTROLERY\workmench\stm32f4discovery_hal_lib\Release\libstm32f4discovery_hal_lib.a(stm32f4xx_hal.o)
 .text.HAL_DBGMCU_EnableDBGStopMode
                0x00000000       0x10 C:\Users\Przemek\Desktop\MIKROKONTROLERY\workmench\stm32f4discovery_hal_lib\Release\libstm32f4discovery_hal_lib.a(stm32f4xx_hal.o)
 .text.HAL_DBGMCU_DisableDBGStopMode
                0x00000000       0x10 C:\Users\Przemek\Desktop\MIKROKONTROLERY\workmench\stm32f4discovery_hal_lib\Release\libstm32f4discovery_hal_lib.a(stm32f4xx_hal.o)
 .text.HAL_DBGMCU_EnableDBGStandbyMode
                0x00000000       0x10 C:\Users\Przemek\Desktop\MIKROKONTROLERY\workmench\stm32f4discovery_hal_lib\Release\libstm32f4discovery_hal_lib.a(stm32f4xx_hal.o)
 .text.HAL_DBGMCU_DisableDBGStandbyMode
                0x00000000       0x10 C:\Users\Przemek\Desktop\MIKROKONTROLERY\workmench\stm32f4discovery_hal_lib\Release\libstm32f4discovery_hal_lib.a(stm32f4xx_hal.o)
 .text.HAL_EnableCompensationCell
                0x00000000       0x18 C:\Users\Przemek\Desktop\MIKROKONTROLERY\workmench\stm32f4discovery_hal_lib\Release\libstm32f4discovery_hal_lib.a(stm32f4xx_hal.o)
 .text.HAL_DisableCompensationCell
                0x00000000       0x1c C:\Users\Przemek\Desktop\MIKROKONTROLERY\workmench\stm32f4discovery_hal_lib\Release\libstm32f4discovery_hal_lib.a(stm32f4xx_hal.o)
 .text          0x00000000        0x0 C:\Users\Przemek\Desktop\MIKROKONTROLERY\workmench\stm32f4discovery_hal_lib\Release\libstm32f4discovery_hal_lib.a(stm32f4xx_hal_cortex.o)
 .data          0x00000000        0x0 C:\Users\Przemek\Desktop\MIKROKONTROLERY\workmench\stm32f4discovery_hal_lib\Release\libstm32f4discovery_hal_lib.a(stm32f4xx_hal_cortex.o)
 .bss           0x00000000        0x0 C:\Users\Przemek\Desktop\MIKROKONTROLERY\workmench\stm32f4discovery_hal_lib\Release\libstm32f4discovery_hal_lib.a(stm32f4xx_hal_cortex.o)
 .text.HAL_NVIC_SetPriorityGrouping
                0x00000000       0x24 C:\Users\Przemek\Desktop\MIKROKONTROLERY\workmench\stm32f4discovery_hal_lib\Release\libstm32f4discovery_hal_lib.a(stm32f4xx_hal_cortex.o)
 .text.HAL_NVIC_SetPriority
                0x00000000       0x70 C:\Users\Przemek\Desktop\MIKROKONTROLERY\workmench\stm32f4discovery_hal_lib\Release\libstm32f4discovery_hal_lib.a(stm32f4xx_hal_cortex.o)
 .text.HAL_NVIC_EnableIRQ
                0x00000000       0x18 C:\Users\Przemek\Desktop\MIKROKONTROLERY\workmench\stm32f4discovery_hal_lib\Release\libstm32f4discovery_hal_lib.a(stm32f4xx_hal_cortex.o)
 .text.HAL_NVIC_DisableIRQ
                0x00000000       0x1c C:\Users\Przemek\Desktop\MIKROKONTROLERY\workmench\stm32f4discovery_hal_lib\Release\libstm32f4discovery_hal_lib.a(stm32f4xx_hal_cortex.o)
 .text.HAL_NVIC_SystemReset
                0x00000000       0x24 C:\Users\Przemek\Desktop\MIKROKONTROLERY\workmench\stm32f4discovery_hal_lib\Release\libstm32f4discovery_hal_lib.a(stm32f4xx_hal_cortex.o)
 .text.HAL_SYSTICK_Config
                0x00000000       0x34 C:\Users\Przemek\Desktop\MIKROKONTROLERY\workmench\stm32f4discovery_hal_lib\Release\libstm32f4discovery_hal_lib.a(stm32f4xx_hal_cortex.o)
 .text.HAL_MPU_ConfigRegion
                0x00000000       0x54 C:\Users\Przemek\Desktop\MIKROKONTROLERY\workmench\stm32f4discovery_hal_lib\Release\libstm32f4discovery_hal_lib.a(stm32f4xx_hal_cortex.o)
 .text.HAL_NVIC_GetPriorityGrouping
                0x00000000       0x10 C:\Users\Przemek\Desktop\MIKROKONTROLERY\workmench\stm32f4discovery_hal_lib\Release\libstm32f4discovery_hal_lib.a(stm32f4xx_hal_cortex.o)
 .text.HAL_NVIC_GetPriority
                0x00000000       0x60 C:\Users\Przemek\Desktop\MIKROKONTROLERY\workmench\stm32f4discovery_hal_lib\Release\libstm32f4discovery_hal_lib.a(stm32f4xx_hal_cortex.o)
 .text.HAL_NVIC_SetPendingIRQ
                0x00000000       0x1c C:\Users\Przemek\Desktop\MIKROKONTROLERY\workmench\stm32f4discovery_hal_lib\Release\libstm32f4discovery_hal_lib.a(stm32f4xx_hal_cortex.o)
 .text.HAL_NVIC_GetPendingIRQ
                0x00000000       0x1c C:\Users\Przemek\Desktop\MIKROKONTROLERY\workmench\stm32f4discovery_hal_lib\Release\libstm32f4discovery_hal_lib.a(stm32f4xx_hal_cortex.o)
 .text.HAL_NVIC_ClearPendingIRQ
                0x00000000       0x1c C:\Users\Przemek\Desktop\MIKROKONTROLERY\workmench\stm32f4discovery_hal_lib\Release\libstm32f4discovery_hal_lib.a(stm32f4xx_hal_cortex.o)
 .text.HAL_NVIC_GetActive
                0x00000000       0x1c C:\Users\Przemek\Desktop\MIKROKONTROLERY\workmench\stm32f4discovery_hal_lib\Release\libstm32f4discovery_hal_lib.a(stm32f4xx_hal_cortex.o)
 .text.HAL_SYSTICK_CLKSourceConfig
                0x00000000       0x18 C:\Users\Przemek\Desktop\MIKROKONTROLERY\workmench\stm32f4discovery_hal_lib\Release\libstm32f4discovery_hal_lib.a(stm32f4xx_hal_cortex.o)
 .text          0x00000000        0x0 C:\Users\Przemek\Desktop\MIKROKONTROLERY\workmench\stm32f4discovery_hal_lib\Release\libstm32f4discovery_hal_lib.a(stm32f4xx_hal_gpio.o)
 .data          0x00000000        0x0 C:\Users\Przemek\Desktop\MIKROKONTROLERY\workmench\stm32f4discovery_hal_lib\Release\libstm32f4discovery_hal_lib.a(stm32f4xx_hal_gpio.o)
 .bss           0x00000000        0x0 C:\Users\Przemek\Desktop\MIKROKONTROLERY\workmench\stm32f4discovery_hal_lib\Release\libstm32f4discovery_hal_lib.a(stm32f4xx_hal_gpio.o)
 .text.HAL_GPIO_DeInit
                0x00000000      0x164 C:\Users\Przemek\Desktop\MIKROKONTROLERY\workmench\stm32f4discovery_hal_lib\Release\libstm32f4discovery_hal_lib.a(stm32f4xx_hal_gpio.o)
 .text.HAL_GPIO_ReadPin
                0x00000000        0xc C:\Users\Przemek\Desktop\MIKROKONTROLERY\workmench\stm32f4discovery_hal_lib\Release\libstm32f4discovery_hal_lib.a(stm32f4xx_hal_gpio.o)
 .text.HAL_GPIO_WritePin
                0x00000000        0x8 C:\Users\Przemek\Desktop\MIKROKONTROLERY\workmench\stm32f4discovery_hal_lib\Release\libstm32f4discovery_hal_lib.a(stm32f4xx_hal_gpio.o)
 .text.HAL_GPIO_TogglePin
                0x00000000        0x8 C:\Users\Przemek\Desktop\MIKROKONTROLERY\workmench\stm32f4discovery_hal_lib\Release\libstm32f4discovery_hal_lib.a(stm32f4xx_hal_gpio.o)
 .text.HAL_GPIO_LockPin
                0x00000000       0x2c C:\Users\Przemek\Desktop\MIKROKONTROLERY\workmench\stm32f4discovery_hal_lib\Release\libstm32f4discovery_hal_lib.a(stm32f4xx_hal_gpio.o)
 .text.HAL_GPIO_EXTI_Callback
                0x00000000        0x4 C:\Users\Przemek\Desktop\MIKROKONTROLERY\workmench\stm32f4discovery_hal_lib\Release\libstm32f4discovery_hal_lib.a(stm32f4xx_hal_gpio.o)
 .text.HAL_GPIO_EXTI_IRQHandler
                0x00000000       0x18 C:\Users\Przemek\Desktop\MIKROKONTROLERY\workmench\stm32f4discovery_hal_lib\Release\libstm32f4discovery_hal_lib.a(stm32f4xx_hal_gpio.o)
 .text          0x00000000        0x0 C:\Users\Przemek\Desktop\MIKROKONTROLERY\workmench\stm32f4discovery_hal_lib\Release\libstm32f4discovery_hal_lib.a(stm32f4xx_hal_spi.o)
 .data          0x00000000        0x0 C:\Users\Przemek\Desktop\MIKROKONTROLERY\workmench\stm32f4discovery_hal_lib\Release\libstm32f4discovery_hal_lib.a(stm32f4xx_hal_spi.o)
 .bss           0x00000000        0x0 C:\Users\Przemek\Desktop\MIKROKONTROLERY\workmench\stm32f4discovery_hal_lib\Release\libstm32f4discovery_hal_lib.a(stm32f4xx_hal_spi.o)
 .text.HAL_SPI_MspDeInit
                0x00000000        0x4 C:\Users\Przemek\Desktop\MIKROKONTROLERY\workmench\stm32f4discovery_hal_lib\Release\libstm32f4discovery_hal_lib.a(stm32f4xx_hal_spi.o)
 .text.HAL_SPI_DeInit
                0x00000000       0x2c C:\Users\Przemek\Desktop\MIKROKONTROLERY\workmench\stm32f4discovery_hal_lib\Release\libstm32f4discovery_hal_lib.a(stm32f4xx_hal_spi.o)
 .text.HAL_SPI_Transmit
                0x00000000      0x328 C:\Users\Przemek\Desktop\MIKROKONTROLERY\workmench\stm32f4discovery_hal_lib\Release\libstm32f4discovery_hal_lib.a(stm32f4xx_hal_spi.o)
 .text.HAL_SPI_TransmitReceive
                0x00000000      0x40c C:\Users\Przemek\Desktop\MIKROKONTROLERY\workmench\stm32f4discovery_hal_lib\Release\libstm32f4discovery_hal_lib.a(stm32f4xx_hal_spi.o)
 .text.HAL_SPI_Receive
                0x00000000      0x33c C:\Users\Przemek\Desktop\MIKROKONTROLERY\workmench\stm32f4discovery_hal_lib\Release\libstm32f4discovery_hal_lib.a(stm32f4xx_hal_spi.o)
 .text.HAL_SPI_Transmit_IT
                0x00000000       0xc4 C:\Users\Przemek\Desktop\MIKROKONTROLERY\workmench\stm32f4discovery_hal_lib\Release\libstm32f4discovery_hal_lib.a(stm32f4xx_hal_spi.o)
 .text.HAL_SPI_Receive_IT
                0x00000000      0x168 C:\Users\Przemek\Desktop\MIKROKONTROLERY\workmench\stm32f4discovery_hal_lib\Release\libstm32f4discovery_hal_lib.a(stm32f4xx_hal_spi.o)
 .text.HAL_SPI_TransmitReceive_IT
                0x00000000       0xd8 C:\Users\Przemek\Desktop\MIKROKONTROLERY\workmench\stm32f4discovery_hal_lib\Release\libstm32f4discovery_hal_lib.a(stm32f4xx_hal_spi.o)
 .text.HAL_SPI_Transmit_DMA
                0x00000000       0xc8 C:\Users\Przemek\Desktop\MIKROKONTROLERY\workmench\stm32f4discovery_hal_lib\Release\libstm32f4discovery_hal_lib.a(stm32f4xx_hal_spi.o)
 .text.HAL_SPI_Receive_DMA
                0x00000000      0x1c4 C:\Users\Przemek\Desktop\MIKROKONTROLERY\workmench\stm32f4discovery_hal_lib\Release\libstm32f4discovery_hal_lib.a(stm32f4xx_hal_spi.o)
 .text.HAL_SPI_TransmitReceive_DMA
                0x00000000      0x114 C:\Users\Przemek\Desktop\MIKROKONTROLERY\workmench\stm32f4discovery_hal_lib\Release\libstm32f4discovery_hal_lib.a(stm32f4xx_hal_spi.o)
 .text.HAL_SPI_DMAStop
                0x00000000       0x28 C:\Users\Przemek\Desktop\MIKROKONTROLERY\workmench\stm32f4discovery_hal_lib\Release\libstm32f4discovery_hal_lib.a(stm32f4xx_hal_spi.o)
 .text.HAL_SPI_TxCpltCallback
                0x00000000        0x4 C:\Users\Przemek\Desktop\MIKROKONTROLERY\workmench\stm32f4discovery_hal_lib\Release\libstm32f4discovery_hal_lib.a(stm32f4xx_hal_spi.o)
 .text.HAL_SPI_RxCpltCallback
                0x00000000        0x4 C:\Users\Przemek\Desktop\MIKROKONTROLERY\workmench\stm32f4discovery_hal_lib\Release\libstm32f4discovery_hal_lib.a(stm32f4xx_hal_spi.o)
 .text.HAL_SPI_TxRxCpltCallback
                0x00000000        0x4 C:\Users\Przemek\Desktop\MIKROKONTROLERY\workmench\stm32f4discovery_hal_lib\Release\libstm32f4discovery_hal_lib.a(stm32f4xx_hal_spi.o)
 .text.HAL_SPI_TxHalfCpltCallback
                0x00000000        0x4 C:\Users\Przemek\Desktop\MIKROKONTROLERY\workmench\stm32f4discovery_hal_lib\Release\libstm32f4discovery_hal_lib.a(stm32f4xx_hal_spi.o)
 .text.SPI_DMAHalfTransmitCplt
                0x00000000        0xc C:\Users\Przemek\Desktop\MIKROKONTROLERY\workmench\stm32f4discovery_hal_lib\Release\libstm32f4discovery_hal_lib.a(stm32f4xx_hal_spi.o)
 .text.HAL_SPI_RxHalfCpltCallback
                0x00000000        0x4 C:\Users\Przemek\Desktop\MIKROKONTROLERY\workmench\stm32f4discovery_hal_lib\Release\libstm32f4discovery_hal_lib.a(stm32f4xx_hal_spi.o)
 .text.SPI_DMAHalfReceiveCplt
                0x00000000        0xc C:\Users\Przemek\Desktop\MIKROKONTROLERY\workmench\stm32f4discovery_hal_lib\Release\libstm32f4discovery_hal_lib.a(stm32f4xx_hal_spi.o)
 .text.HAL_SPI_TxRxHalfCpltCallback
                0x00000000        0x4 C:\Users\Przemek\Desktop\MIKROKONTROLERY\workmench\stm32f4discovery_hal_lib\Release\libstm32f4discovery_hal_lib.a(stm32f4xx_hal_spi.o)
 .text.SPI_DMAHalfTransmitReceiveCplt
                0x00000000        0xc C:\Users\Przemek\Desktop\MIKROKONTROLERY\workmench\stm32f4discovery_hal_lib\Release\libstm32f4discovery_hal_lib.a(stm32f4xx_hal_spi.o)
 .text.HAL_SPI_ErrorCallback
                0x00000000        0x4 C:\Users\Przemek\Desktop\MIKROKONTROLERY\workmench\stm32f4discovery_hal_lib\Release\libstm32f4discovery_hal_lib.a(stm32f4xx_hal_spi.o)
 .text.SPI_CloseTx_ISR
                0x00000000       0xf0 C:\Users\Przemek\Desktop\MIKROKONTROLERY\workmench\stm32f4discovery_hal_lib\Release\libstm32f4discovery_hal_lib.a(stm32f4xx_hal_spi.o)
 .text.SPI_TxISR_8BIT
                0x00000000       0x38 C:\Users\Przemek\Desktop\MIKROKONTROLERY\workmench\stm32f4discovery_hal_lib\Release\libstm32f4discovery_hal_lib.a(stm32f4xx_hal_spi.o)
 .text.SPI_TxISR_16BIT
                0x00000000       0x34 C:\Users\Przemek\Desktop\MIKROKONTROLERY\workmench\stm32f4discovery_hal_lib\Release\libstm32f4discovery_hal_lib.a(stm32f4xx_hal_spi.o)
 .text.SPI_RxISR_8BIT
                0x00000000       0xd8 C:\Users\Przemek\Desktop\MIKROKONTROLERY\workmench\stm32f4discovery_hal_lib\Release\libstm32f4discovery_hal_lib.a(stm32f4xx_hal_spi.o)
 .text.SPI_CloseRxTx_ISR
                0x00000000      0x130 C:\Users\Przemek\Desktop\MIKROKONTROLERY\workmench\stm32f4discovery_hal_lib\Release\libstm32f4discovery_hal_lib.a(stm32f4xx_hal_spi.o)
 .text.SPI_2linesTxISR_8BIT
                0x00000000       0x5c C:\Users\Przemek\Desktop\MIKROKONTROLERY\workmench\stm32f4discovery_hal_lib\Release\libstm32f4discovery_hal_lib.a(stm32f4xx_hal_spi.o)
 .text.SPI_2linesRxISR_8BIT
                0x00000000       0x50 C:\Users\Przemek\Desktop\MIKROKONTROLERY\workmench\stm32f4discovery_hal_lib\Release\libstm32f4discovery_hal_lib.a(stm32f4xx_hal_spi.o)
 .text.SPI_2linesRxISR_8BITCRC
                0x00000000       0x30 C:\Users\Przemek\Desktop\MIKROKONTROLERY\workmench\stm32f4discovery_hal_lib\Release\libstm32f4discovery_hal_lib.a(stm32f4xx_hal_spi.o)
 .text.SPI_2linesTxISR_16BIT
                0x00000000       0x58 C:\Users\Przemek\Desktop\MIKROKONTROLERY\workmench\stm32f4discovery_hal_lib\Release\libstm32f4discovery_hal_lib.a(stm32f4xx_hal_spi.o)
 .text.SPI_2linesRxISR_16BIT
                0x00000000       0x50 C:\Users\Przemek\Desktop\MIKROKONTROLERY\workmench\stm32f4discovery_hal_lib\Release\libstm32f4discovery_hal_lib.a(stm32f4xx_hal_spi.o)
 .text.SPI_2linesRxISR_16BITCRC
                0x00000000       0x2c C:\Users\Przemek\Desktop\MIKROKONTROLERY\workmench\stm32f4discovery_hal_lib\Release\libstm32f4discovery_hal_lib.a(stm32f4xx_hal_spi.o)
 .text.SPI_DMAError
                0x00000000       0x24 C:\Users\Przemek\Desktop\MIKROKONTROLERY\workmench\stm32f4discovery_hal_lib\Release\libstm32f4discovery_hal_lib.a(stm32f4xx_hal_spi.o)
 .text.SPI_DMATransmitCplt
                0x00000000       0xd0 C:\Users\Przemek\Desktop\MIKROKONTROLERY\workmench\stm32f4discovery_hal_lib\Release\libstm32f4discovery_hal_lib.a(stm32f4xx_hal_spi.o)
 .text.SPI_DMAReceiveCplt
                0x00000000      0x108 C:\Users\Przemek\Desktop\MIKROKONTROLERY\workmench\stm32f4discovery_hal_lib\Release\libstm32f4discovery_hal_lib.a(stm32f4xx_hal_spi.o)
 .text.SPI_DMATransmitReceiveCplt
                0x00000000      0x160 C:\Users\Przemek\Desktop\MIKROKONTROLERY\workmench\stm32f4discovery_hal_lib\Release\libstm32f4discovery_hal_lib.a(stm32f4xx_hal_spi.o)
 .text.HAL_SPI_IRQHandler
                0x00000000       0xe4 C:\Users\Przemek\Desktop\MIKROKONTROLERY\workmench\stm32f4discovery_hal_lib\Release\libstm32f4discovery_hal_lib.a(stm32f4xx_hal_spi.o)
 .text.SPI_DMAAbortOnError
                0x00000000       0x14 C:\Users\Przemek\Desktop\MIKROKONTROLERY\workmench\stm32f4discovery_hal_lib\Release\libstm32f4discovery_hal_lib.a(stm32f4xx_hal_spi.o)
 .text.SPI_RxISR_8BITCRC
                0x00000000       0x8c C:\Users\Przemek\Desktop\MIKROKONTROLERY\workmench\stm32f4discovery_hal_lib\Release\libstm32f4discovery_hal_lib.a(stm32f4xx_hal_spi.o)
 .text.SPI_RxISR_16BITCRC
                0x00000000       0x94 C:\Users\Przemek\Desktop\MIKROKONTROLERY\workmench\stm32f4discovery_hal_lib\Release\libstm32f4discovery_hal_lib.a(stm32f4xx_hal_spi.o)
 .text.SPI_RxISR_16BIT
                0x00000000       0xd4 C:\Users\Przemek\Desktop\MIKROKONTROLERY\workmench\stm32f4discovery_hal_lib\Release\libstm32f4discovery_hal_lib.a(stm32f4xx_hal_spi.o)
 .text.HAL_SPI_GetState
                0x00000000        0x8 C:\Users\Przemek\Desktop\MIKROKONTROLERY\workmench\stm32f4discovery_hal_lib\Release\libstm32f4discovery_hal_lib.a(stm32f4xx_hal_spi.o)
 .text.HAL_SPI_GetError
                0x00000000        0x4 C:\Users\Przemek\Desktop\MIKROKONTROLERY\workmench\stm32f4discovery_hal_lib\Release\libstm32f4discovery_hal_lib.a(stm32f4xx_hal_spi.o)
 .text          0x00000000        0x0 C:\Users\Przemek\Desktop\MIKROKONTROLERY\workmench\stm32f4discovery_hal_lib\Release\libstm32f4discovery_hal_lib.a(stm32f4xx_hal_dma.o)
 .data          0x00000000        0x0 C:\Users\Przemek\Desktop\MIKROKONTROLERY\workmench\stm32f4discovery_hal_lib\Release\libstm32f4discovery_hal_lib.a(stm32f4xx_hal_dma.o)
 .bss           0x00000000        0x0 C:\Users\Przemek\Desktop\MIKROKONTROLERY\workmench\stm32f4discovery_hal_lib\Release\libstm32f4discovery_hal_lib.a(stm32f4xx_hal_dma.o)
 .text.HAL_DMA_Init
                0x00000000      0x12c C:\Users\Przemek\Desktop\MIKROKONTROLERY\workmench\stm32f4discovery_hal_lib\Release\libstm32f4discovery_hal_lib.a(stm32f4xx_hal_dma.o)
 .text.HAL_DMA_DeInit
                0x00000000       0x78 C:\Users\Przemek\Desktop\MIKROKONTROLERY\workmench\stm32f4discovery_hal_lib\Release\libstm32f4discovery_hal_lib.a(stm32f4xx_hal_dma.o)
 .text.HAL_DMA_Start
                0x00000000       0x5c C:\Users\Przemek\Desktop\MIKROKONTROLERY\workmench\stm32f4discovery_hal_lib\Release\libstm32f4discovery_hal_lib.a(stm32f4xx_hal_dma.o)
 .text.HAL_DMA_Start_IT
                0x00000000       0x84 C:\Users\Przemek\Desktop\MIKROKONTROLERY\workmench\stm32f4discovery_hal_lib\Release\libstm32f4discovery_hal_lib.a(stm32f4xx_hal_dma.o)
 .text.HAL_DMA_Abort
                0x00000000       0x90 C:\Users\Przemek\Desktop\MIKROKONTROLERY\workmench\stm32f4discovery_hal_lib\Release\libstm32f4discovery_hal_lib.a(stm32f4xx_hal_dma.o)
 .text.HAL_DMA_Abort_IT
                0x00000000       0x24 C:\Users\Przemek\Desktop\MIKROKONTROLERY\workmench\stm32f4discovery_hal_lib\Release\libstm32f4discovery_hal_lib.a(stm32f4xx_hal_dma.o)
 .text.HAL_DMA_PollForTransfer
                0x00000000      0x1d0 C:\Users\Przemek\Desktop\MIKROKONTROLERY\workmench\stm32f4discovery_hal_lib\Release\libstm32f4discovery_hal_lib.a(stm32f4xx_hal_dma.o)
 .text.HAL_DMA_IRQHandler
                0x00000000      0x1a8 C:\Users\Przemek\Desktop\MIKROKONTROLERY\workmench\stm32f4discovery_hal_lib\Release\libstm32f4discovery_hal_lib.a(stm32f4xx_hal_dma.o)
 .text.HAL_DMA_RegisterCallback
                0x00000000       0x64 C:\Users\Przemek\Desktop\MIKROKONTROLERY\workmench\stm32f4discovery_hal_lib\Release\libstm32f4discovery_hal_lib.a(stm32f4xx_hal_dma.o)
 .text.HAL_DMA_UnRegisterCallback
                0x00000000       0x70 C:\Users\Przemek\Desktop\MIKROKONTROLERY\workmench\stm32f4discovery_hal_lib\Release\libstm32f4discovery_hal_lib.a(stm32f4xx_hal_dma.o)
 .text.HAL_DMA_GetState
                0x00000000        0x8 C:\Users\Przemek\Desktop\MIKROKONTROLERY\workmench\stm32f4discovery_hal_lib\Release\libstm32f4discovery_hal_lib.a(stm32f4xx_hal_dma.o)
 .text.HAL_DMA_GetError
                0x00000000        0x4 C:\Users\Przemek\Desktop\MIKROKONTROLERY\workmench\stm32f4discovery_hal_lib\Release\libstm32f4discovery_hal_lib.a(stm32f4xx_hal_dma.o)
 .rodata        0x00000000        0x8 C:\Users\Przemek\Desktop\MIKROKONTROLERY\workmench\stm32f4discovery_hal_lib\Release\libstm32f4discovery_hal_lib.a(stm32f4xx_hal_dma.o)
 .comment       0x00000000       0x6f C:\Users\Przemek\Desktop\MIKROKONTROLERY\workmench\stm32f4discovery_hal_lib\Release\libstm32f4discovery_hal_lib.a(stm32f4xx_hal_dma.o)
 .ARM.attributes
                0x00000000       0x39 C:\Users\Przemek\Desktop\MIKROKONTROLERY\workmench\stm32f4discovery_hal_lib\Release\libstm32f4discovery_hal_lib.a(stm32f4xx_hal_dma.o)
 .text          0x00000000        0x0 c:/ac6/systemworkbench/plugins/fr.ac6.mcu.externaltools.arm-none.win32_1.7.0.201602121829/tools/compiler/bin/../lib/gcc/arm-none-eabi/5.2.1/../../../../arm-none-eabi/lib/armv7e-m/fpu\libc.a(lib_a-errno.o)
 .data          0x00000000        0x0 c:/ac6/systemworkbench/plugins/fr.ac6.mcu.externaltools.arm-none.win32_1.7.0.201602121829/tools/compiler/bin/../lib/gcc/arm-none-eabi/5.2.1/../../../../arm-none-eabi/lib/armv7e-m/fpu\libc.a(lib_a-errno.o)
 .bss           0x00000000        0x0 c:/ac6/systemworkbench/plugins/fr.ac6.mcu.externaltools.arm-none.win32_1.7.0.201602121829/tools/compiler/bin/../lib/gcc/arm-none-eabi/5.2.1/../../../../arm-none-eabi/lib/armv7e-m/fpu\libc.a(lib_a-errno.o)
 .text          0x00000000        0x0 c:/ac6/systemworkbench/plugins/fr.ac6.mcu.externaltools.arm-none.win32_1.7.0.201602121829/tools/compiler/bin/../lib/gcc/arm-none-eabi/5.2.1/../../../../arm-none-eabi/lib/armv7e-m/fpu\libc.a(lib_a-exit.o)
 .data          0x00000000        0x0 c:/ac6/systemworkbench/plugins/fr.ac6.mcu.externaltools.arm-none.win32_1.7.0.201602121829/tools/compiler/bin/../lib/gcc/arm-none-eabi/5.2.1/../../../../arm-none-eabi/lib/armv7e-m/fpu\libc.a(lib_a-exit.o)
 .bss           0x00000000        0x0 c:/ac6/systemworkbench/plugins/fr.ac6.mcu.externaltools.arm-none.win32_1.7.0.201602121829/tools/compiler/bin/../lib/gcc/arm-none-eabi/5.2.1/../../../../arm-none-eabi/lib/armv7e-m/fpu\libc.a(lib_a-exit.o)
 .text.exit     0x00000000       0x20 c:/ac6/systemworkbench/plugins/fr.ac6.mcu.externaltools.arm-none.win32_1.7.0.201602121829/tools/compiler/bin/../lib/gcc/arm-none-eabi/5.2.1/../../../../arm-none-eabi/lib/armv7e-m/fpu\libc.a(lib_a-exit.o)
 .debug_frame   0x00000000       0x28 c:/ac6/systemworkbench/plugins/fr.ac6.mcu.externaltools.arm-none.win32_1.7.0.201602121829/tools/compiler/bin/../lib/gcc/arm-none-eabi/5.2.1/../../../../arm-none-eabi/lib/armv7e-m/fpu\libc.a(lib_a-exit.o)
 .ARM.attributes
                0x00000000       0x34 c:/ac6/systemworkbench/plugins/fr.ac6.mcu.externaltools.arm-none.win32_1.7.0.201602121829/tools/compiler/bin/../lib/gcc/arm-none-eabi/5.2.1/../../../../arm-none-eabi/lib/armv7e-m/fpu\libc.a(lib_a-exit.o)
 .text          0x00000000        0x0 c:/ac6/systemworkbench/plugins/fr.ac6.mcu.externaltools.arm-none.win32_1.7.0.201602121829/tools/compiler/bin/../lib/gcc/arm-none-eabi/5.2.1/../../../../arm-none-eabi/lib/armv7e-m/fpu\libc.a(lib_a-impure.o)
 .data          0x00000000        0x0 c:/ac6/systemworkbench/plugins/fr.ac6.mcu.externaltools.arm-none.win32_1.7.0.201602121829/tools/compiler/bin/../lib/gcc/arm-none-eabi/5.2.1/../../../../arm-none-eabi/lib/armv7e-m/fpu\libc.a(lib_a-impure.o)
 .bss           0x00000000        0x0 c:/ac6/systemworkbench/plugins/fr.ac6.mcu.externaltools.arm-none.win32_1.7.0.201602121829/tools/compiler/bin/../lib/gcc/arm-none-eabi/5.2.1/../../../../arm-none-eabi/lib/armv7e-m/fpu\libc.a(lib_a-impure.o)
 .text          0x00000000        0x0 c:/ac6/systemworkbench/plugins/fr.ac6.mcu.externaltools.arm-none.win32_1.7.0.201602121829/tools/compiler/bin/../lib/gcc/arm-none-eabi/5.2.1/../../../../arm-none-eabi/lib/armv7e-m/fpu\libc.a(lib_a-init.o)
 .data          0x00000000        0x0 c:/ac6/systemworkbench/plugins/fr.ac6.mcu.externaltools.arm-none.win32_1.7.0.201602121829/tools/compiler/bin/../lib/gcc/arm-none-eabi/5.2.1/../../../../arm-none-eabi/lib/armv7e-m/fpu\libc.a(lib_a-init.o)
 .bss           0x00000000        0x0 c:/ac6/systemworkbench/plugins/fr.ac6.mcu.externaltools.arm-none.win32_1.7.0.201602121829/tools/compiler/bin/../lib/gcc/arm-none-eabi/5.2.1/../../../../arm-none-eabi/lib/armv7e-m/fpu\libc.a(lib_a-init.o)
 .text          0x00000000        0x0 c:/ac6/systemworkbench/plugins/fr.ac6.mcu.externaltools.arm-none.win32_1.7.0.201602121829/tools/compiler/bin/../lib/gcc/arm-none-eabi/5.2.1/../../../../arm-none-eabi/lib/armv7e-m/fpu\libc.a(lib_a-malloc.o)
 .data          0x00000000        0x0 c:/ac6/systemworkbench/plugins/fr.ac6.mcu.externaltools.arm-none.win32_1.7.0.201602121829/tools/compiler/bin/../lib/gcc/arm-none-eabi/5.2.1/../../../../arm-none-eabi/lib/armv7e-m/fpu\libc.a(lib_a-malloc.o)
 .bss           0x00000000        0x0 c:/ac6/systemworkbench/plugins/fr.ac6.mcu.externaltools.arm-none.win32_1.7.0.201602121829/tools/compiler/bin/../lib/gcc/arm-none-eabi/5.2.1/../../../../arm-none-eabi/lib/armv7e-m/fpu\libc.a(lib_a-malloc.o)
 .text          0x00000000        0x0 c:/ac6/systemworkbench/plugins/fr.ac6.mcu.externaltools.arm-none.win32_1.7.0.201602121829/tools/compiler/bin/../lib/gcc/arm-none-eabi/5.2.1/../../../../arm-none-eabi/lib/armv7e-m/fpu\libc.a(lib_a-mallocr.o)
 .data          0x00000000        0x0 c:/ac6/systemworkbench/plugins/fr.ac6.mcu.externaltools.arm-none.win32_1.7.0.201602121829/tools/compiler/bin/../lib/gcc/arm-none-eabi/5.2.1/../../../../arm-none-eabi/lib/armv7e-m/fpu\libc.a(lib_a-mallocr.o)
 .bss           0x00000000        0x0 c:/ac6/systemworkbench/plugins/fr.ac6.mcu.externaltools.arm-none.win32_1.7.0.201602121829/tools/compiler/bin/../lib/gcc/arm-none-eabi/5.2.1/../../../../arm-none-eabi/lib/armv7e-m/fpu\libc.a(lib_a-mallocr.o)
 .text          0x00000000      0x134 c:/ac6/systemworkbench/plugins/fr.ac6.mcu.externaltools.arm-none.win32_1.7.0.201602121829/tools/compiler/bin/../lib/gcc/arm-none-eabi/5.2.1/../../../../arm-none-eabi/lib/armv7e-m/fpu\libc.a(lib_a-memcpy.o)
 .data          0x00000000        0x0 c:/ac6/systemworkbench/plugins/fr.ac6.mcu.externaltools.arm-none.win32_1.7.0.201602121829/tools/compiler/bin/../lib/gcc/arm-none-eabi/5.2.1/../../../../arm-none-eabi/lib/armv7e-m/fpu\libc.a(lib_a-memcpy.o)
 .bss           0x00000000        0x0 c:/ac6/systemworkbench/plugins/fr.ac6.mcu.externaltools.arm-none.win32_1.7.0.201602121829/tools/compiler/bin/../lib/gcc/arm-none-eabi/5.2.1/../../../../arm-none-eabi/lib/armv7e-m/fpu\libc.a(lib_a-memcpy.o)
 .ARM.attributes
                0x00000000       0x20 c:/ac6/systemworkbench/plugins/fr.ac6.mcu.externaltools.arm-none.win32_1.7.0.201602121829/tools/compiler/bin/../lib/gcc/arm-none-eabi/5.2.1/../../../../arm-none-eabi/lib/armv7e-m/fpu\libc.a(lib_a-memcpy.o)
 .text          0x00000000        0x0 c:/ac6/systemworkbench/plugins/fr.ac6.mcu.externaltools.arm-none.win32_1.7.0.201602121829/tools/compiler/bin/../lib/gcc/arm-none-eabi/5.2.1/../../../../arm-none-eabi/lib/armv7e-m/fpu\libc.a(lib_a-memset.o)
 .data          0x00000000        0x0 c:/ac6/systemworkbench/plugins/fr.ac6.mcu.externaltools.arm-none.win32_1.7.0.201602121829/tools/compiler/bin/../lib/gcc/arm-none-eabi/5.2.1/../../../../arm-none-eabi/lib/armv7e-m/fpu\libc.a(lib_a-memset.o)
 .bss           0x00000000        0x0 c:/ac6/systemworkbench/plugins/fr.ac6.mcu.externaltools.arm-none.win32_1.7.0.201602121829/tools/compiler/bin/../lib/gcc/arm-none-eabi/5.2.1/../../../../arm-none-eabi/lib/armv7e-m/fpu\libc.a(lib_a-memset.o)
 .text          0x00000000        0x0 c:/ac6/systemworkbench/plugins/fr.ac6.mcu.externaltools.arm-none.win32_1.7.0.201602121829/tools/compiler/bin/../lib/gcc/arm-none-eabi/5.2.1/../../../../arm-none-eabi/lib/armv7e-m/fpu\libc.a(lib_a-mlock.o)
 .data          0x00000000        0x0 c:/ac6/systemworkbench/plugins/fr.ac6.mcu.externaltools.arm-none.win32_1.7.0.201602121829/tools/compiler/bin/../lib/gcc/arm-none-eabi/5.2.1/../../../../arm-none-eabi/lib/armv7e-m/fpu\libc.a(lib_a-mlock.o)
 .bss           0x00000000        0x0 c:/ac6/systemworkbench/plugins/fr.ac6.mcu.externaltools.arm-none.win32_1.7.0.201602121829/tools/compiler/bin/../lib/gcc/arm-none-eabi/5.2.1/../../../../arm-none-eabi/lib/armv7e-m/fpu\libc.a(lib_a-mlock.o)
 .text          0x00000000        0x0 c:/ac6/systemworkbench/plugins/fr.ac6.mcu.externaltools.arm-none.win32_1.7.0.201602121829/tools/compiler/bin/../lib/gcc/arm-none-eabi/5.2.1/../../../../arm-none-eabi/lib/armv7e-m/fpu\libc.a(lib_a-sbrkr.o)
 .data          0x00000000        0x0 c:/ac6/systemworkbench/plugins/fr.ac6.mcu.externaltools.arm-none.win32_1.7.0.201602121829/tools/compiler/bin/../lib/gcc/arm-none-eabi/5.2.1/../../../../arm-none-eabi/lib/armv7e-m/fpu\libc.a(lib_a-sbrkr.o)
 .bss           0x00000000        0x0 c:/ac6/systemworkbench/plugins/fr.ac6.mcu.externaltools.arm-none.win32_1.7.0.201602121829/tools/compiler/bin/../lib/gcc/arm-none-eabi/5.2.1/../../../../arm-none-eabi/lib/armv7e-m/fpu\libc.a(lib_a-sbrkr.o)
 .text          0x00000000        0x0 c:/ac6/systemworkbench/plugins/fr.ac6.mcu.externaltools.arm-none.win32_1.7.0.201602121829/tools/compiler/bin/../lib/gcc/arm-none-eabi/5.2.1/../../../../arm-none-eabi/lib/armv7e-m/fpu\libc.a(lib_a-__call_atexit.o)
 .data          0x00000000        0x0 c:/ac6/systemworkbench/plugins/fr.ac6.mcu.externaltools.arm-none.win32_1.7.0.201602121829/tools/compiler/bin/../lib/gcc/arm-none-eabi/5.2.1/../../../../arm-none-eabi/lib/armv7e-m/fpu\libc.a(lib_a-__call_atexit.o)
 .bss           0x00000000        0x0 c:/ac6/systemworkbench/plugins/fr.ac6.mcu.externaltools.arm-none.win32_1.7.0.201602121829/tools/compiler/bin/../lib/gcc/arm-none-eabi/5.2.1/../../../../arm-none-eabi/lib/armv7e-m/fpu\libc.a(lib_a-__call_atexit.o)
 .text.__call_exitprocs
                0x00000000       0xd8 c:/ac6/systemworkbench/plugins/fr.ac6.mcu.externaltools.arm-none.win32_1.7.0.201602121829/tools/compiler/bin/../lib/gcc/arm-none-eabi/5.2.1/../../../../arm-none-eabi/lib/armv7e-m/fpu\libc.a(lib_a-__call_atexit.o)
 .text          0x00000000        0x0 c:/ac6/systemworkbench/plugins/fr.ac6.mcu.externaltools.arm-none.win32_1.7.0.201602121829/tools/compiler/bin/../lib/gcc/arm-none-eabi/5.2.1/../../../../arm-none-eabi/lib/armv7e-m/fpu\libc.a(lib_a-atexit.o)
 .data          0x00000000        0x0 c:/ac6/systemworkbench/plugins/fr.ac6.mcu.externaltools.arm-none.win32_1.7.0.201602121829/tools/compiler/bin/../lib/gcc/arm-none-eabi/5.2.1/../../../../arm-none-eabi/lib/armv7e-m/fpu\libc.a(lib_a-atexit.o)
 .bss           0x00000000        0x0 c:/ac6/systemworkbench/plugins/fr.ac6.mcu.externaltools.arm-none.win32_1.7.0.201602121829/tools/compiler/bin/../lib/gcc/arm-none-eabi/5.2.1/../../../../arm-none-eabi/lib/armv7e-m/fpu\libc.a(lib_a-atexit.o)
 .text          0x00000000        0x0 c:/ac6/systemworkbench/plugins/fr.ac6.mcu.externaltools.arm-none.win32_1.7.0.201602121829/tools/compiler/bin/../lib/gcc/arm-none-eabi/5.2.1/../../../../arm-none-eabi/lib/armv7e-m/fpu\libc.a(lib_a-fini.o)
 .data          0x00000000        0x0 c:/ac6/systemworkbench/plugins/fr.ac6.mcu.externaltools.arm-none.win32_1.7.0.201602121829/tools/compiler/bin/../lib/gcc/arm-none-eabi/5.2.1/../../../../arm-none-eabi/lib/armv7e-m/fpu\libc.a(lib_a-fini.o)
 .bss           0x00000000        0x0 c:/ac6/systemworkbench/plugins/fr.ac6.mcu.externaltools.arm-none.win32_1.7.0.201602121829/tools/compiler/bin/../lib/gcc/arm-none-eabi/5.2.1/../../../../arm-none-eabi/lib/armv7e-m/fpu\libc.a(lib_a-fini.o)
 .text          0x00000000        0x0 c:/ac6/systemworkbench/plugins/fr.ac6.mcu.externaltools.arm-none.win32_1.7.0.201602121829/tools/compiler/bin/../lib/gcc/arm-none-eabi/5.2.1/../../../../arm-none-eabi/lib/armv7e-m/fpu\libc.a(lib_a-freer.o)
 .data          0x00000000        0x0 c:/ac6/systemworkbench/plugins/fr.ac6.mcu.externaltools.arm-none.win32_1.7.0.201602121829/tools/compiler/bin/../lib/gcc/arm-none-eabi/5.2.1/../../../../arm-none-eabi/lib/armv7e-m/fpu\libc.a(lib_a-freer.o)
 .bss           0x00000000        0x0 c:/ac6/systemworkbench/plugins/fr.ac6.mcu.externaltools.arm-none.win32_1.7.0.201602121829/tools/compiler/bin/../lib/gcc/arm-none-eabi/5.2.1/../../../../arm-none-eabi/lib/armv7e-m/fpu\libc.a(lib_a-freer.o)
 .text          0x00000000        0x0 c:/ac6/systemworkbench/plugins/fr.ac6.mcu.externaltools.arm-none.win32_1.7.0.201602121829/tools/compiler/bin/../lib/gcc/arm-none-eabi/5.2.1/../../../../arm-none-eabi/lib/armv7e-m/fpu\libc.a(lib_a-reent.o)
 .data          0x00000000        0x0 c:/ac6/systemworkbench/plugins/fr.ac6.mcu.externaltools.arm-none.win32_1.7.0.201602121829/tools/compiler/bin/../lib/gcc/arm-none-eabi/5.2.1/../../../../arm-none-eabi/lib/armv7e-m/fpu\libc.a(lib_a-reent.o)
 .bss           0x00000000        0x0 c:/ac6/systemworkbench/plugins/fr.ac6.mcu.externaltools.arm-none.win32_1.7.0.201602121829/tools/compiler/bin/../lib/gcc/arm-none-eabi/5.2.1/../../../../arm-none-eabi/lib/armv7e-m/fpu\libc.a(lib_a-reent.o)
 .text.cleanup_glue
                0x00000000       0x1c c:/ac6/systemworkbench/plugins/fr.ac6.mcu.externaltools.arm-none.win32_1.7.0.201602121829/tools/compiler/bin/../lib/gcc/arm-none-eabi/5.2.1/../../../../arm-none-eabi/lib/armv7e-m/fpu\libc.a(lib_a-reent.o)
 .text._reclaim_reent
                0x00000000       0x88 c:/ac6/systemworkbench/plugins/fr.ac6.mcu.externaltools.arm-none.win32_1.7.0.201602121829/tools/compiler/bin/../lib/gcc/arm-none-eabi/5.2.1/../../../../arm-none-eabi/lib/armv7e-m/fpu\libc.a(lib_a-reent.o)
 .text          0x00000000        0x0 c:/ac6/systemworkbench/plugins/fr.ac6.mcu.externaltools.arm-none.win32_1.7.0.201602121829/tools/compiler/bin/../lib/gcc/arm-none-eabi/5.2.1/../../../../arm-none-eabi/lib/armv7e-m/fpu\libc.a(lib_a-__atexit.o)
 .data          0x00000000        0x0 c:/ac6/systemworkbench/plugins/fr.ac6.mcu.externaltools.arm-none.win32_1.7.0.201602121829/tools/compiler/bin/../lib/gcc/arm-none-eabi/5.2.1/../../../../arm-none-eabi/lib/armv7e-m/fpu\libc.a(lib_a-__atexit.o)
 .bss           0x00000000        0x0 c:/ac6/systemworkbench/plugins/fr.ac6.mcu.externaltools.arm-none.win32_1.7.0.201602121829/tools/compiler/bin/../lib/gcc/arm-none-eabi/5.2.1/../../../../arm-none-eabi/lib/armv7e-m/fpu\libc.a(lib_a-__atexit.o)
 .text          0x00000000        0x0 c:/ac6/systemworkbench/plugins/fr.ac6.mcu.externaltools.arm-none.win32_1.7.0.201602121829/tools/compiler/bin/../lib/gcc/arm-none-eabi/5.2.1/armv7e-m/fpu/crtend.o
 .data          0x00000000        0x0 c:/ac6/systemworkbench/plugins/fr.ac6.mcu.externaltools.arm-none.win32_1.7.0.201602121829/tools/compiler/bin/../lib/gcc/arm-none-eabi/5.2.1/armv7e-m/fpu/crtend.o
 .bss           0x00000000        0x0 c:/ac6/systemworkbench/plugins/fr.ac6.mcu.externaltools.arm-none.win32_1.7.0.201602121829/tools/compiler/bin/../lib/gcc/arm-none-eabi/5.2.1/armv7e-m/fpu/crtend.o
 .eh_frame      0x00000000        0x4 c:/ac6/systemworkbench/plugins/fr.ac6.mcu.externaltools.arm-none.win32_1.7.0.201602121829/tools/compiler/bin/../lib/gcc/arm-none-eabi/5.2.1/armv7e-m/fpu/crtend.o
 .jcr           0x00000000        0x4 c:/ac6/systemworkbench/plugins/fr.ac6.mcu.externaltools.arm-none.win32_1.7.0.201602121829/tools/compiler/bin/../lib/gcc/arm-none-eabi/5.2.1/armv7e-m/fpu/crtend.o
 .text          0x00000000        0x0 c:/ac6/systemworkbench/plugins/fr.ac6.mcu.externaltools.arm-none.win32_1.7.0.201602121829/tools/compiler/bin/../lib/gcc/arm-none-eabi/5.2.1/armv7e-m/fpu/crtn.o
 .data          0x00000000        0x0 c:/ac6/systemworkbench/plugins/fr.ac6.mcu.externaltools.arm-none.win32_1.7.0.201602121829/tools/compiler/bin/../lib/gcc/arm-none-eabi/5.2.1/armv7e-m/fpu/crtn.o
 .bss           0x00000000        0x0 c:/ac6/systemworkbench/plugins/fr.ac6.mcu.externaltools.arm-none.win32_1.7.0.201602121829/tools/compiler/bin/../lib/gcc/arm-none-eabi/5.2.1/armv7e-m/fpu/crtn.o

Memory Configuration

Name             Origin             Length             Attributes
FLASH            0x08000000         0x00100000         xr
RAM              0x20000000         0x00030000         xrw
MEMORY_B1        0x60000000         0x00000000         xr
*default*        0x00000000         0xffffffff

Linker script and memory map

LOAD c:/ac6/systemworkbench/plugins/fr.ac6.mcu.externaltools.arm-none.win32_1.7.0.201602121829/tools/compiler/bin/../lib/gcc/arm-none-eabi/5.2.1/armv7e-m/fpu/crti.o
LOAD c:/ac6/systemworkbench/plugins/fr.ac6.mcu.externaltools.arm-none.win32_1.7.0.201602121829/tools/compiler/bin/../lib/gcc/arm-none-eabi/5.2.1/armv7e-m/fpu/crtbegin.o
LOAD c:/ac6/systemworkbench/plugins/fr.ac6.mcu.externaltools.arm-none.win32_1.7.0.201602121829/tools/compiler/bin/../lib/gcc/arm-none-eabi/5.2.1/../../../../arm-none-eabi/lib/armv7e-m/fpu/crt0.o
LOAD c:/ac6/systemworkbench/plugins/fr.ac6.mcu.externaltools.arm-none.win32_1.7.0.201602121829/tools/compiler/bin/../lib/gcc/arm-none-eabi/5.2.1/../../../../arm-none-eabi/lib/armv7e-m/fpu\libm.a
LOAD startup/startup_stm32f407xx.o
LOAD src/main.o
LOAD src/stm32f4xx_it.o
LOAD src/syscalls.o
LOAD src/system_stm32f4xx.o
LOAD Middlewares/Third_Party/FatFs/src/option/syscall.o
LOAD Middlewares/Third_Party/FatFs/src/option/unicode.o
LOAD Middlewares/Third_Party/FatFs/src/diskio.o
LOAD Middlewares/Third_Party/FatFs/src/ff.o
LOAD Middlewares/Third_Party/FatFs/src/ff_gen_drv.o
LOAD C:\Users\Przemek\Desktop\MIKROKONTROLERY\workmench\stm32f4discovery_hal_lib\Release\libstm32f4discovery_hal_lib.a
START GROUP
LOAD c:/ac6/systemworkbench/plugins/fr.ac6.mcu.externaltools.arm-none.win32_1.7.0.201602121829/tools/compiler/bin/../lib/gcc/arm-none-eabi/5.2.1/armv7e-m/fpu\libgcc.a
LOAD c:/ac6/systemworkbench/plugins/fr.ac6.mcu.externaltools.arm-none.win32_1.7.0.201602121829/tools/compiler/bin/../lib/gcc/arm-none-eabi/5.2.1/../../../../arm-none-eabi/lib/armv7e-m/fpu\libc.a
END GROUP
LOAD c:/ac6/systemworkbench/plugins/fr.ac6.mcu.externaltools.arm-none.win32_1.7.0.201602121829/tools/compiler/bin/../lib/gcc/arm-none-eabi/5.2.1/armv7e-m/fpu/crtend.o
LOAD c:/ac6/systemworkbench/plugins/fr.ac6.mcu.externaltools.arm-none.win32_1.7.0.201602121829/tools/compiler/bin/../lib/gcc/arm-none-eabi/5.2.1/armv7e-m/fpu/crtn.o
                0x20020000                _estack = 0x20020000
                0x00000000                _Min_Heap_Size = 0x0
                0x00000400                _Min_Stack_Size = 0x400

.isr_vector     0x08000000      0x188
                0x08000000                . = ALIGN (0x4)
 *(.isr_vector)
 .isr_vector    0x08000000      0x188 startup/startup_stm32f407xx.o
                0x08000000                g_pfnVectors
                0x08000188                . = ALIGN (0x4)

.text           0x08000188     0x4b70
                0x08000188                . = ALIGN (0x4)
 *(.text)
 .text          0x08000188       0xa4 c:/ac6/systemworkbench/plugins/fr.ac6.mcu.externaltools.arm-none.win32_1.7.0.201602121829/tools/compiler/bin/../lib/gcc/arm-none-eabi/5.2.1/armv7e-m/fpu/crtbegin.o
 *(.text*)
 .text.Reset_Handler
                0x0800022c       0x50 startup/startup_stm32f407xx.o
                0x0800022c                Reset_Handler
 .text.Default_Handler
                0x0800027c        0x2 startup/startup_stm32f407xx.o
                0x0800027c                RTC_Alarm_IRQHandler
                0x0800027c                HASH_RNG_IRQHandler
                0x0800027c                EXTI2_IRQHandler
                0x0800027c                TIM8_CC_IRQHandler
                0x0800027c                DebugMon_Handler
                0x0800027c                TIM1_CC_IRQHandler
                0x0800027c                DMA2_Stream5_IRQHandler
                0x0800027c                HardFault_Handler
                0x0800027c                DMA1_Stream5_IRQHandler
                0x0800027c                PVD_IRQHandler
                0x0800027c                SDIO_IRQHandler
                0x0800027c                TAMP_STAMP_IRQHandler
                0x0800027c                PendSV_Handler
                0x0800027c                NMI_Handler
                0x0800027c                CAN2_RX1_IRQHandler
                0x0800027c                EXTI3_IRQHandler
                0x0800027c                TIM8_TRG_COM_TIM14_IRQHandler
                0x0800027c                TIM1_UP_TIM10_IRQHandler
                0x0800027c                TIM8_UP_TIM13_IRQHandler
                0x0800027c                I2C3_ER_IRQHandler
                0x0800027c                EXTI0_IRQHandler
                0x0800027c                I2C2_EV_IRQHandler
                0x0800027c                DMA1_Stream2_IRQHandler
                0x0800027c                CAN1_RX0_IRQHandler
                0x0800027c                FPU_IRQHandler
                0x0800027c                OTG_HS_WKUP_IRQHandler
                0x0800027c                UsageFault_Handler
                0x0800027c                CAN2_SCE_IRQHandler
                0x0800027c                DMA2_Stream2_IRQHandler
                0x0800027c                SPI1_IRQHandler
                0x0800027c                TIM6_DAC_IRQHandler
                0x0800027c                TIM1_BRK_TIM9_IRQHandler
                0x0800027c                DCMI_IRQHandler
                0x0800027c                CAN2_RX0_IRQHandler
                0x0800027c                DMA2_Stream3_IRQHandler
                0x0800027c                USART6_IRQHandler
                0x0800027c                USART3_IRQHandler
                0x0800027c                CAN1_RX1_IRQHandler
                0x0800027c                UART5_IRQHandler
                0x0800027c                DMA2_Stream0_IRQHandler
                0x0800027c                TIM4_IRQHandler
                0x0800027c                I2C1_EV_IRQHandler
                0x0800027c                DMA1_Stream6_IRQHandler
                0x0800027c                DMA1_Stream1_IRQHandler
                0x0800027c                UART4_IRQHandler
                0x0800027c                TIM3_IRQHandler
                0x0800027c                RCC_IRQHandler
                0x0800027c                TIM8_BRK_TIM12_IRQHandler
                0x0800027c                Default_Handler
                0x0800027c                EXTI15_10_IRQHandler
                0x0800027c                ADC_IRQHandler
                0x0800027c                DMA1_Stream7_IRQHandler
                0x0800027c                TIM7_IRQHandler
                0x0800027c                CAN2_TX_IRQHandler
                0x0800027c                TIM5_IRQHandler
                0x0800027c                DMA2_Stream7_IRQHandler
                0x0800027c                I2C3_EV_IRQHandler
                0x0800027c                EXTI9_5_IRQHandler
                0x0800027c                RTC_WKUP_IRQHandler
                0x0800027c                ETH_WKUP_IRQHandler
                0x0800027c                SPI2_IRQHandler
                0x0800027c                OTG_HS_EP1_IN_IRQHandler
                0x0800027c                MemManage_Handler
                0x0800027c                DMA1_Stream0_IRQHandler
                0x0800027c                CAN1_TX_IRQHandler
                0x0800027c                SVC_Handler
                0x0800027c                EXTI4_IRQHandler
                0x0800027c                FSMC_IRQHandler
                0x0800027c                ETH_IRQHandler
                0x0800027c                OTG_HS_EP1_OUT_IRQHandler
                0x0800027c                WWDG_IRQHandler
                0x0800027c                TIM2_IRQHandler
                0x0800027c                OTG_FS_WKUP_IRQHandler
                0x0800027c                TIM1_TRG_COM_TIM11_IRQHandler
                0x0800027c                OTG_HS_IRQHandler
                0x0800027c                EXTI1_IRQHandler
                0x0800027c                USART2_IRQHandler
                0x0800027c                I2C2_ER_IRQHandler
                0x0800027c                DMA2_Stream1_IRQHandler
                0x0800027c                CAN1_SCE_IRQHandler
                0x0800027c                FLASH_IRQHandler
                0x0800027c                DMA2_Stream4_IRQHandler
                0x0800027c                BusFault_Handler
                0x0800027c                USART1_IRQHandler
                0x0800027c                OTG_FS_IRQHandler
                0x0800027c                SPI3_IRQHandler
                0x0800027c                DMA1_Stream4_IRQHandler
                0x0800027c                I2C1_ER_IRQHandler
                0x0800027c                DMA2_Stream6_IRQHandler
                0x0800027c                DMA1_Stream3_IRQHandler
 *fill*         0x0800027e        0x2 
 .text.SPI_Config
                0x08000280       0x88 src/main.o
                0x08000280                SPI_Config
 .text.startup.main
                0x08000308       0x78 src/main.o
                0x08000308                main
 .text.SysTick_Handler
                0x08000380       0x10 src/stm32f4xx_it.o
                0x08000380                SysTick_Handler
 .text._sbrk    0x08000390       0x34 src/syscalls.o
                0x08000390                _sbrk
 .text.SystemInit
                0x080003c4       0x50 src/system_stm32f4xx.o
                0x080003c4                SystemInit
 .text.ff_memalloc
                0x08000414        0x4 Middlewares/Third_Party/FatFs/src/option/syscall.o
                0x08000414                ff_memalloc
 .text.ff_memfree
                0x08000418        0x4 Middlewares/Third_Party/FatFs/src/option/syscall.o
                0x08000418                ff_memfree
 .text.ff_convert
                0x0800041c       0x48 Middlewares/Third_Party/FatFs/src/option/unicode.o
                0x0800041c                ff_convert
 .text.ff_wtoupper
                0x08000464       0x34 Middlewares/Third_Party/FatFs/src/option/unicode.o
                0x08000464                ff_wtoupper
 .text.disk_status
                0x08000498       0x14 Middlewares/Third_Party/FatFs/src/diskio.o
                0x08000498                disk_status
 .text.disk_initialize
                0x080004ac       0x20 Middlewares/Third_Party/FatFs/src/diskio.o
                0x080004ac                disk_initialize
 .text.disk_read
                0x080004cc       0x1c Middlewares/Third_Party/FatFs/src/diskio.o
                0x080004cc                disk_read
 .text.disk_write
                0x080004e8       0x1c Middlewares/Third_Party/FatFs/src/diskio.o
                0x080004e8                disk_write
 .text.disk_ioctl
                0x08000504       0x1c Middlewares/Third_Party/FatFs/src/diskio.o
                0x08000504                disk_ioctl
 .text.get_fattime
                0x08000520        0x4 Middlewares/Third_Party/FatFs/src/diskio.o
                0x08000520                get_fattime
 .text.unlikely.sync_window.part.2
                0x08000524       0x54 Middlewares/Third_Party/FatFs/src/ff.o
 .text.move_window
                0x08000578       0x88 Middlewares/Third_Party/FatFs/src/ff.o
 .text.find_volume
                0x08000600      0x4f4 Middlewares/Third_Party/FatFs/src/ff.o
 .text.sync_fs  0x08000af4      0x10c Middlewares/Third_Party/FatFs/src/ff.o
 .text.put_fat.part.6
                0x08000c00      0x2f0 Middlewares/Third_Party/FatFs/src/ff.o
 .text.remove_chain.part.8
                0x08000ef0      0x2d0 Middlewares/Third_Party/FatFs/src/ff.o
 .text.get_fat.part.5
                0x080011c0      0x28c Middlewares/Third_Party/FatFs/src/ff.o
 .text.dir_sdi  0x0800144c       0xc0 Middlewares/Third_Party/FatFs/src/ff.o
 .text.create_chain
                0x0800150c      0x374 Middlewares/Third_Party/FatFs/src/ff.o
 .text.f_write.part.10
                0x08001880      0x308 Middlewares/Third_Party/FatFs/src/ff.o
 .text.dir_next.constprop.14
                0x08001b88       0xa8 Middlewares/Third_Party/FatFs/src/ff.o
 .text.dir_find.part.7
                0x08001c30      0x33c Middlewares/Third_Party/FatFs/src/ff.o
 .text.dir_register
                0x08001f6c      0xc28 Middlewares/Third_Party/FatFs/src/ff.o
 .text.follow_path
                0x08002b94      0x308 Middlewares/Third_Party/FatFs/src/ff.o
 .text.f_mount  0x08002e9c       0x84 Middlewares/Third_Party/FatFs/src/ff.o
                0x08002e9c                f_mount
 .text.f_open   0x08002f20      0x860 Middlewares/Third_Party/FatFs/src/ff.o
                0x08002f20                f_open
 .text.f_write  0x08003780       0x68 Middlewares/Third_Party/FatFs/src/ff.o
                0x08003780                f_write
 .text.f_close  0x080037e8      0x1d4 Middlewares/Third_Party/FatFs/src/ff.o
                0x080037e8                f_close
 .text.FATFS_LinkDriver
                0x080039bc       0x48 Middlewares/Third_Party/FatFs/src/ff_gen_drv.o
                0x080039bc                FATFS_LinkDriver
 .text.FATFS_UnLinkDriver
                0x08003a04       0x38 Middlewares/Third_Party/FatFs/src/ff_gen_drv.o
                0x08003a04                FATFS_UnLinkDriver
 .text.HAL_IncTick
                0x08003a3c       0x10 C:\Users\Przemek\Desktop\MIKROKONTROLERY\workmench\stm32f4discovery_hal_lib\Release\libstm32f4discovery_hal_lib.a(stm32f4xx_hal.o)
                0x08003a3c                HAL_IncTick
 .text.HAL_SYSTICK_Callback
                0x08003a4c        0x4 C:\Users\Przemek\Desktop\MIKROKONTROLERY\workmench\stm32f4discovery_hal_lib\Release\libstm32f4discovery_hal_lib.a(stm32f4xx_hal_cortex.o)
                0x08003a4c                HAL_SYSTICK_Callback
 .text.HAL_SYSTICK_IRQHandler
                0x08003a50        0x8 C:\Users\Przemek\Desktop\MIKROKONTROLERY\workmench\stm32f4discovery_hal_lib\Release\libstm32f4discovery_hal_lib.a(stm32f4xx_hal_cortex.o)
                0x08003a50                HAL_SYSTICK_IRQHandler
 .text.HAL_GPIO_Init
                0x08003a58      0x20c C:\Users\Przemek\Desktop\MIKROKONTROLERY\workmench\stm32f4discovery_hal_lib\Release\libstm32f4discovery_hal_lib.a(stm32f4xx_hal_gpio.o)
                0x08003a58                HAL_GPIO_Init
 .text.HAL_SPI_MspInit
                0x08003c64        0x4 C:\Users\Przemek\Desktop\MIKROKONTROLERY\workmench\stm32f4discovery_hal_lib\Release\libstm32f4discovery_hal_lib.a(stm32f4xx_hal_spi.o)
                0x08003c64                HAL_SPI_MspInit
 .text.HAL_SPI_Init
                0x08003c68       0x8c C:\Users\Przemek\Desktop\MIKROKONTROLERY\workmench\stm32f4discovery_hal_lib\Release\libstm32f4discovery_hal_lib.a(stm32f4xx_hal_spi.o)
                0x08003c68                HAL_SPI_Init
 .text.__errno  0x08003cf4        0xc c:/ac6/systemworkbench/plugins/fr.ac6.mcu.externaltools.arm-none.win32_1.7.0.201602121829/tools/compiler/bin/../lib/gcc/arm-none-eabi/5.2.1/../../../../arm-none-eabi/lib/armv7e-m/fpu\libc.a(lib_a-errno.o)
                0x08003cf4                __errno
 .text.__libc_init_array
                0x08003d00       0x50 c:/ac6/systemworkbench/plugins/fr.ac6.mcu.externaltools.arm-none.win32_1.7.0.201602121829/tools/compiler/bin/../lib/gcc/arm-none-eabi/5.2.1/../../../../arm-none-eabi/lib/armv7e-m/fpu\libc.a(lib_a-init.o)
                0x08003d00                __libc_init_array
 .text.malloc   0x08003d50       0x10 c:/ac6/systemworkbench/plugins/fr.ac6.mcu.externaltools.arm-none.win32_1.7.0.201602121829/tools/compiler/bin/../lib/gcc/arm-none-eabi/5.2.1/../../../../arm-none-eabi/lib/armv7e-m/fpu\libc.a(lib_a-malloc.o)
                0x08003d50                malloc
 .text.free     0x08003d60       0x10 c:/ac6/systemworkbench/plugins/fr.ac6.mcu.externaltools.arm-none.win32_1.7.0.201602121829/tools/compiler/bin/../lib/gcc/arm-none-eabi/5.2.1/../../../../arm-none-eabi/lib/armv7e-m/fpu\libc.a(lib_a-malloc.o)
                0x08003d60                free
 .text._malloc_r
                0x08003d70      0x570 c:/ac6/systemworkbench/plugins/fr.ac6.mcu.externaltools.arm-none.win32_1.7.0.201602121829/tools/compiler/bin/../lib/gcc/arm-none-eabi/5.2.1/../../../../arm-none-eabi/lib/armv7e-m/fpu\libc.a(lib_a-mallocr.o)
                0x08003d70                _malloc_r
 .text.memset   0x080042e0       0x9c c:/ac6/systemworkbench/plugins/fr.ac6.mcu.externaltools.arm-none.win32_1.7.0.201602121829/tools/compiler/bin/../lib/gcc/arm-none-eabi/5.2.1/../../../../arm-none-eabi/lib/armv7e-m/fpu\libc.a(lib_a-memset.o)
                0x080042e0                memset
 .text.__malloc_lock
                0x0800437c        0x4 c:/ac6/systemworkbench/plugins/fr.ac6.mcu.externaltools.arm-none.win32_1.7.0.201602121829/tools/compiler/bin/../lib/gcc/arm-none-eabi/5.2.1/../../../../arm-none-eabi/lib/armv7e-m/fpu\libc.a(lib_a-mlock.o)
                0x0800437c                __malloc_lock
 .text.__malloc_unlock
                0x08004380        0x4 c:/ac6/systemworkbench/plugins/fr.ac6.mcu.externaltools.arm-none.win32_1.7.0.201602121829/tools/compiler/bin/../lib/gcc/arm-none-eabi/5.2.1/../../../../arm-none-eabi/lib/armv7e-m/fpu\libc.a(lib_a-mlock.o)
                0x08004380                __malloc_unlock
 .text._sbrk_r  0x08004384       0x24 c:/ac6/systemworkbench/plugins/fr.ac6.mcu.externaltools.arm-none.win32_1.7.0.201602121829/tools/compiler/bin/../lib/gcc/arm-none-eabi/5.2.1/../../../../arm-none-eabi/lib/armv7e-m/fpu\libc.a(lib_a-sbrkr.o)
                0x08004384                _sbrk_r
 .text.startup.register_fini
                0x080043a8       0x14 c:/ac6/systemworkbench/plugins/fr.ac6.mcu.externaltools.arm-none.win32_1.7.0.201602121829/tools/compiler/bin/../lib/gcc/arm-none-eabi/5.2.1/../../../../arm-none-eabi/lib/armv7e-m/fpu\libc.a(lib_a-__call_atexit.o)
 .text.atexit   0x080043bc        0xc c:/ac6/systemworkbench/plugins/fr.ac6.mcu.externaltools.arm-none.win32_1.7.0.201602121829/tools/compiler/bin/../lib/gcc/arm-none-eabi/5.2.1/../../../../arm-none-eabi/lib/armv7e-m/fpu\libc.a(lib_a-atexit.o)
                0x080043bc                atexit
 .text.__libc_fini_array
                0x080043c8       0x28 c:/ac6/systemworkbench/plugins/fr.ac6.mcu.externaltools.arm-none.win32_1.7.0.201602121829/tools/compiler/bin/../lib/gcc/arm-none-eabi/5.2.1/../../../../arm-none-eabi/lib/armv7e-m/fpu\libc.a(lib_a-fini.o)
                0x080043c8                __libc_fini_array
 .text._malloc_trim_r
                0x080043f0       0x9c c:/ac6/systemworkbench/plugins/fr.ac6.mcu.externaltools.arm-none.win32_1.7.0.201602121829/tools/compiler/bin/../lib/gcc/arm-none-eabi/5.2.1/../../../../arm-none-eabi/lib/armv7e-m/fpu\libc.a(lib_a-freer.o)
                0x080043f0                _malloc_trim_r
 .text._free_r  0x0800448c      0x1d0 c:/ac6/systemworkbench/plugins/fr.ac6.mcu.externaltools.arm-none.win32_1.7.0.201602121829/tools/compiler/bin/../lib/gcc/arm-none-eabi/5.2.1/../../../../arm-none-eabi/lib/armv7e-m/fpu\libc.a(lib_a-freer.o)
                0x0800448c                _free_r
 .text.__register_exitproc
                0x0800465c       0xa4 c:/ac6/systemworkbench/plugins/fr.ac6.mcu.externaltools.arm-none.win32_1.7.0.201602121829/tools/compiler/bin/../lib/gcc/arm-none-eabi/5.2.1/../../../../arm-none-eabi/lib/armv7e-m/fpu\libc.a(lib_a-__atexit.o)
                0x0800465c                __register_exitproc
 *(.rodata)
 .rodata        0x08004700      0x4c0 Middlewares/Third_Party/FatFs/src/option/unicode.o
 .rodata        0x08004bc0       0xa6 Middlewares/Third_Party/FatFs/src/ff.o
 *(.rodata*)
 *fill*         0x08004c66        0x2 
 .rodata.str1.4
                0x08004c68       0x27 src/main.o
 *fill*         0x08004c8f        0x1 
 .rodata.str1.4
                0x08004c90       0x48 Middlewares/Third_Party/FatFs/src/ff.o
 .rodata.str1.4
                0x08004cd8        0x4 c:/ac6/systemworkbench/plugins/fr.ac6.mcu.externaltools.arm-none.win32_1.7.0.201602121829/tools/compiler/bin/../lib/gcc/arm-none-eabi/5.2.1/../../../../arm-none-eabi/lib/armv7e-m/fpu\libc.a(lib_a-impure.o)
                                  0x2 (size before relaxing)
 .rodata._global_impure_ptr
                0x08004cdc        0x4 c:/ac6/systemworkbench/plugins/fr.ac6.mcu.externaltools.arm-none.win32_1.7.0.201602121829/tools/compiler/bin/../lib/gcc/arm-none-eabi/5.2.1/../../../../arm-none-eabi/lib/armv7e-m/fpu\libc.a(lib_a-impure.o)
                0x08004cdc                _global_impure_ptr
 *(.glue_7)
 .glue_7        0x08004ce0        0x0 linker stubs
 *(.glue_7t)
 .glue_7t       0x08004ce0        0x0 linker stubs
 *(.eh_frame)
 .eh_frame      0x08004ce0        0x0 c:/ac6/systemworkbench/plugins/fr.ac6.mcu.externaltools.arm-none.win32_1.7.0.201602121829/tools/compiler/bin/../lib/gcc/arm-none-eabi/5.2.1/armv7e-m/fpu/crtbegin.o
 *(.init)
 .init          0x08004ce0        0x4 c:/ac6/systemworkbench/plugins/fr.ac6.mcu.externaltools.arm-none.win32_1.7.0.201602121829/tools/compiler/bin/../lib/gcc/arm-none-eabi/5.2.1/armv7e-m/fpu/crti.o
                0x08004ce0                _init
 .init          0x08004ce4        0x8 c:/ac6/systemworkbench/plugins/fr.ac6.mcu.externaltools.arm-none.win32_1.7.0.201602121829/tools/compiler/bin/../lib/gcc/arm-none-eabi/5.2.1/armv7e-m/fpu/crtn.o
 *(.fini)
 .fini          0x08004cec        0x4 c:/ac6/systemworkbench/plugins/fr.ac6.mcu.externaltools.arm-none.win32_1.7.0.201602121829/tools/compiler/bin/../lib/gcc/arm-none-eabi/5.2.1/armv7e-m/fpu/crti.o
                0x08004cec                _fini
 .fini          0x08004cf0        0x8 c:/ac6/systemworkbench/plugins/fr.ac6.mcu.externaltools.arm-none.win32_1.7.0.201602121829/tools/compiler/bin/../lib/gcc/arm-none-eabi/5.2.1/armv7e-m/fpu/crtn.o
                0x08004cf8                . = ALIGN (0x4)
                0x08004cf8                _etext = .

.vfp11_veneer   0x08004cf8        0x0
 .vfp11_veneer  0x08004cf8        0x0 linker stubs

.v4_bx          0x08004cf8        0x0
 .v4_bx         0x08004cf8        0x0 linker stubs

.iplt           0x08004cf8        0x0
 .iplt          0x08004cf8        0x0 c:/ac6/systemworkbench/plugins/fr.ac6.mcu.externaltools.arm-none.win32_1.7.0.201602121829/tools/compiler/bin/../lib/gcc/arm-none-eabi/5.2.1/armv7e-m/fpu/crtbegin.o

.rel.dyn        0x08004cf8        0x0
 .rel.iplt      0x08004cf8        0x0 c:/ac6/systemworkbench/plugins/fr.ac6.mcu.externaltools.arm-none.win32_1.7.0.201602121829/tools/compiler/bin/../lib/gcc/arm-none-eabi/5.2.1/armv7e-m/fpu/crtbegin.o

.ARM.extab
 *(.ARM.extab* .gnu.linkonce.armextab.*)

.ARM            0x08004cf8        0x0
                0x08004cf8                __exidx_start = .
 *(.ARM.exidx*)
                0x08004cf8                __exidx_end = .

.preinit_array  0x08004cf8        0x0
                0x08004cf8                PROVIDE (__preinit_array_start, .)
 *(.preinit_array*)
                0x08004cf8                PROVIDE (__preinit_array_end, .)

.init_array     0x08004cf8        0x8
                0x08004cf8                PROVIDE (__init_array_start, .)
 *(SORT(.init_array.*))
 .init_array.00000
                0x08004cf8        0x4 c:/ac6/systemworkbench/plugins/fr.ac6.mcu.externaltools.arm-none.win32_1.7.0.201602121829/tools/compiler/bin/../lib/gcc/arm-none-eabi/5.2.1/../../../../arm-none-eabi/lib/armv7e-m/fpu\libc.a(lib_a-__call_atexit.o)
 *(.init_array*)
 .init_array    0x08004cfc        0x4 c:/ac6/systemworkbench/plugins/fr.ac6.mcu.externaltools.arm-none.win32_1.7.0.201602121829/tools/compiler/bin/../lib/gcc/arm-none-eabi/5.2.1/armv7e-m/fpu/crtbegin.o
                0x08004d00                PROVIDE (__init_array_end, .)

.fini_array     0x08004d00        0x4
                0x08004d00                PROVIDE (__fini_array_start, .)
 *(.fini_array*)
 .fini_array    0x08004d00        0x4 c:/ac6/systemworkbench/plugins/fr.ac6.mcu.externaltools.arm-none.win32_1.7.0.201602121829/tools/compiler/bin/../lib/gcc/arm-none-eabi/5.2.1/armv7e-m/fpu/crtbegin.o
 *(SORT(.fini_array.*))
                0x08004d04                PROVIDE (__fini_array_end, .)
                0x08004d04                _sidata = .

.data           0x20000000      0x83c load address 0x08004d04
                0x20000000                . = ALIGN (0x4)
                0x20000000                _sdata = .
 *(.data)
 *(.data*)
 .data.impure_data
                0x20000000      0x428 c:/ac6/systemworkbench/plugins/fr.ac6.mcu.externaltools.arm-none.win32_1.7.0.201602121829/tools/compiler/bin/../lib/gcc/arm-none-eabi/5.2.1/../../../../arm-none-eabi/lib/armv7e-m/fpu\libc.a(lib_a-impure.o)
 .data._impure_ptr
                0x20000428        0x4 c:/ac6/systemworkbench/plugins/fr.ac6.mcu.externaltools.arm-none.win32_1.7.0.201602121829/tools/compiler/bin/../lib/gcc/arm-none-eabi/5.2.1/../../../../arm-none-eabi/lib/armv7e-m/fpu\libc.a(lib_a-impure.o)
                0x20000428                _impure_ptr
 .data.__malloc_av_
                0x2000042c      0x408 c:/ac6/systemworkbench/plugins/fr.ac6.mcu.externaltools.arm-none.win32_1.7.0.201602121829/tools/compiler/bin/../lib/gcc/arm-none-eabi/5.2.1/../../../../arm-none-eabi/lib/armv7e-m/fpu\libc.a(lib_a-mallocr.o)
                0x2000042c                __malloc_av_
 .data.__malloc_trim_threshold
                0x20000834        0x4 c:/ac6/systemworkbench/plugins/fr.ac6.mcu.externaltools.arm-none.win32_1.7.0.201602121829/tools/compiler/bin/../lib/gcc/arm-none-eabi/5.2.1/../../../../arm-none-eabi/lib/armv7e-m/fpu\libc.a(lib_a-mallocr.o)
                0x20000834                __malloc_trim_threshold
 .data.__malloc_sbrk_base
                0x20000838        0x4 c:/ac6/systemworkbench/plugins/fr.ac6.mcu.externaltools.arm-none.win32_1.7.0.201602121829/tools/compiler/bin/../lib/gcc/arm-none-eabi/5.2.1/../../../../arm-none-eabi/lib/armv7e-m/fpu\libc.a(lib_a-mallocr.o)
                0x20000838                __malloc_sbrk_base
                0x2000083c                . = ALIGN (0x4)
                0x2000083c                _edata = .

.jcr            0x2000083c        0x0 load address 0x08005540
 .jcr           0x2000083c        0x0 c:/ac6/systemworkbench/plugins/fr.ac6.mcu.externaltools.arm-none.win32_1.7.0.201602121829/tools/compiler/bin/../lib/gcc/arm-none-eabi/5.2.1/armv7e-m/fpu/crtbegin.o

.tm_clone_table
                0x2000083c        0x0 load address 0x08005540
 .tm_clone_table
                0x2000083c        0x0 c:/ac6/systemworkbench/plugins/fr.ac6.mcu.externaltools.arm-none.win32_1.7.0.201602121829/tools/compiler/bin/../lib/gcc/arm-none-eabi/5.2.1/armv7e-m/fpu/crtbegin.o
 .tm_clone_table
                0x2000083c        0x0 c:/ac6/systemworkbench/plugins/fr.ac6.mcu.externaltools.arm-none.win32_1.7.0.201602121829/tools/compiler/bin/../lib/gcc/arm-none-eabi/5.2.1/armv7e-m/fpu/crtend.o

.igot.plt       0x2000083c        0x0 load address 0x08005540
 .igot.plt      0x2000083c        0x0 c:/ac6/systemworkbench/plugins/fr.ac6.mcu.externaltools.arm-none.win32_1.7.0.201602121829/tools/compiler/bin/../lib/gcc/arm-none-eabi/5.2.1/armv7e-m/fpu/crtbegin.o
                0x2000083c                . = ALIGN (0x4)

.bss            0x2000083c      0x500 load address 0x08005540
                0x2000083c                _sbss = .
                0x2000083c                __bss_start__ = _sbss
 *(.bss)
 .bss           0x2000083c       0x1c c:/ac6/systemworkbench/plugins/fr.ac6.mcu.externaltools.arm-none.win32_1.7.0.201602121829/tools/compiler/bin/../lib/gcc/arm-none-eabi/5.2.1/armv7e-m/fpu/crtbegin.o
 .bss           0x20000858        0x8 src/syscalls.o
                0x2000085c                __env
 .bss           0x20000860       0x20 Middlewares/Third_Party/FatFs/src/ff.o
 .bss           0x20000880        0xc Middlewares/Third_Party/FatFs/src/ff_gen_drv.o
                0x20000880                disk
 *(.bss*)
 .bss.__malloc_max_total_mem
                0x2000088c        0x4 c:/ac6/systemworkbench/plugins/fr.ac6.mcu.externaltools.arm-none.win32_1.7.0.201602121829/tools/compiler/bin/../lib/gcc/arm-none-eabi/5.2.1/../../../../arm-none-eabi/lib/armv7e-m/fpu\libc.a(lib_a-mallocr.o)
                0x2000088c                __malloc_max_total_mem
 .bss.__malloc_max_sbrked_mem
                0x20000890        0x4 c:/ac6/systemworkbench/plugins/fr.ac6.mcu.externaltools.arm-none.win32_1.7.0.201602121829/tools/compiler/bin/../lib/gcc/arm-none-eabi/5.2.1/../../../../arm-none-eabi/lib/armv7e-m/fpu\libc.a(lib_a-mallocr.o)
                0x20000890                __malloc_max_sbrked_mem
 .bss.__malloc_top_pad
                0x20000894        0x4 c:/ac6/systemworkbench/plugins/fr.ac6.mcu.externaltools.arm-none.win32_1.7.0.201602121829/tools/compiler/bin/../lib/gcc/arm-none-eabi/5.2.1/../../../../arm-none-eabi/lib/armv7e-m/fpu\libc.a(lib_a-mallocr.o)
                0x20000894                __malloc_top_pad
 .bss.__malloc_current_mallinfo
                0x20000898       0x28 c:/ac6/systemworkbench/plugins/fr.ac6.mcu.externaltools.arm-none.win32_1.7.0.201602121829/tools/compiler/bin/../lib/gcc/arm-none-eabi/5.2.1/../../../../arm-none-eabi/lib/armv7e-m/fpu\libc.a(lib_a-mallocr.o)
                0x20000898                __malloc_current_mallinfo
 *(COMMON)
 COMMON         0x200008c0      0x474 src/main.o
                0x200008c0                mynewdiskFatFs
                0x20000af0                mynewdiskPath
                0x20000af4                MyFile
                0x20000d20                mynewdisk_Driver
 COMMON         0x20000d34        0x4 C:\Users\Przemek\Desktop\MIKROKONTROLERY\workmench\stm32f4discovery_hal_lib\Release\libstm32f4discovery_hal_lib.a(stm32f4xx_hal.o)
                0x20000d34                uwTick
 COMMON         0x20000d38        0x4 c:/ac6/systemworkbench/plugins/fr.ac6.mcu.externaltools.arm-none.win32_1.7.0.201602121829/tools/compiler/bin/../lib/gcc/arm-none-eabi/5.2.1/../../../../arm-none-eabi/lib/armv7e-m/fpu\libc.a(lib_a-reent.o)
                0x20000d38                errno
                0x20000d3c                . = ALIGN (0x4)
                0x20000d3c                _ebss = .
                0x20000d3c                __bss_end__ = _ebss

._user_heap_stack
                0x20000d3c      0x404 load address 0x08005a40
                0x20000d40                . = ALIGN (0x8)
 *fill*         0x20000d3c        0x4 
                0x20000d40                PROVIDE (end, .)
                [!provide]                PROVIDE (_end, .)
                0x20000d40                . = (. + _Min_Heap_Size)
                0x20001140                . = (. + _Min_Stack_Size)
 *fill*         0x20000d40      0x400 
                0x20001140                . = ALIGN (0x8)

.memory_b1_text
 *(.mb1text)
 *(.mb1text*)
 *(.mb1rodata)
 *(.mb1rodata*)

/DISCARD/
 libc.a(*)
 libm.a(*)
 libgcc.a(*)

.ARM.attributes
                0x00000000       0x30
 *(.ARM.attributes)
 .ARM.attributes
                0x00000000       0x22 c:/ac6/systemworkbench/plugins/fr.ac6.mcu.externaltools.arm-none.win32_1.7.0.201602121829/tools/compiler/bin/../lib/gcc/arm-none-eabi/5.2.1/armv7e-m/fpu/crti.o
 .ARM.attributes
                0x00000022       0x34 c:/ac6/systemworkbench/plugins/fr.ac6.mcu.externaltools.arm-none.win32_1.7.0.201602121829/tools/compiler/bin/../lib/gcc/arm-none-eabi/5.2.1/armv7e-m/fpu/crtbegin.o
 .ARM.attributes
                0x00000056       0x21 startup/startup_stm32f407xx.o
 .ARM.attributes
                0x00000077       0x39 src/main.o
 .ARM.attributes
                0x000000b0       0x39 src/stm32f4xx_it.o
 .ARM.attributes
                0x000000e9       0x39 src/syscalls.o
 .ARM.attributes
                0x00000122       0x39 src/system_stm32f4xx.o
 .ARM.attributes
                0x0000015b       0x39 Middlewares/Third_Party/FatFs/src/option/syscall.o
 .ARM.attributes
                0x00000194       0x39 Middlewares/Third_Party/FatFs/src/option/unicode.o
 .ARM.attributes
                0x000001cd       0x39 Middlewares/Third_Party/FatFs/src/diskio.o
 .ARM.attributes
                0x00000206       0x39 Middlewares/Third_Party/FatFs/src/ff.o
 .ARM.attributes
                0x0000023f       0x39 Middlewares/Third_Party/FatFs/src/ff_gen_drv.o
 .ARM.attributes
                0x00000278       0x39 C:\Users\Przemek\Desktop\MIKROKONTROLERY\workmench\stm32f4discovery_hal_lib\Release\libstm32f4discovery_hal_lib.a(stm32f4xx_hal.o)
 .ARM.attributes
                0x000002b1       0x39 C:\Users\Przemek\Desktop\MIKROKONTROLERY\workmench\stm32f4discovery_hal_lib\Release\libstm32f4discovery_hal_lib.a(stm32f4xx_hal_cortex.o)
 .ARM.attributes
                0x000002ea       0x39 C:\Users\Przemek\Desktop\MIKROKONTROLERY\workmench\stm32f4discovery_hal_lib\Release\libstm32f4discovery_hal_lib.a(stm32f4xx_hal_gpio.o)
 .ARM.attributes
                0x00000323       0x39 C:\Users\Przemek\Desktop\MIKROKONTROLERY\workmench\stm32f4discovery_hal_lib\Release\libstm32f4discovery_hal_lib.a(stm32f4xx_hal_spi.o)
 .ARM.attributes
                0x0000035c       0x34 c:/ac6/systemworkbench/plugins/fr.ac6.mcu.externaltools.arm-none.win32_1.7.0.201602121829/tools/compiler/bin/../lib/gcc/arm-none-eabi/5.2.1/../../../../arm-none-eabi/lib/armv7e-m/fpu\libc.a(lib_a-errno.o)
 .ARM.attributes
                0x00000390       0x34 c:/ac6/systemworkbench/plugins/fr.ac6.mcu.externaltools.arm-none.win32_1.7.0.201602121829/tools/compiler/bin/../lib/gcc/arm-none-eabi/5.2.1/../../../../arm-none-eabi/lib/armv7e-m/fpu\libc.a(lib_a-impure.o)
 .ARM.attributes
                0x000003c4       0x34 c:/ac6/systemworkbench/plugins/fr.ac6.mcu.externaltools.arm-none.win32_1.7.0.201602121829/tools/compiler/bin/../lib/gcc/arm-none-eabi/5.2.1/../../../../arm-none-eabi/lib/armv7e-m/fpu\libc.a(lib_a-init.o)
 .ARM.attributes
                0x000003f8       0x34 c:/ac6/systemworkbench/plugins/fr.ac6.mcu.externaltools.arm-none.win32_1.7.0.201602121829/tools/compiler/bin/../lib/gcc/arm-none-eabi/5.2.1/../../../../arm-none-eabi/lib/armv7e-m/fpu\libc.a(lib_a-malloc.o)
 .ARM.attributes
                0x0000042c       0x34 c:/ac6/systemworkbench/plugins/fr.ac6.mcu.externaltools.arm-none.win32_1.7.0.201602121829/tools/compiler/bin/../lib/gcc/arm-none-eabi/5.2.1/../../../../arm-none-eabi/lib/armv7e-m/fpu\libc.a(lib_a-mallocr.o)
 .ARM.attributes
                0x00000460       0x34 c:/ac6/systemworkbench/plugins/fr.ac6.mcu.externaltools.arm-none.win32_1.7.0.201602121829/tools/compiler/bin/../lib/gcc/arm-none-eabi/5.2.1/../../../../arm-none-eabi/lib/armv7e-m/fpu\libc.a(lib_a-memset.o)
 .ARM.attributes
                0x00000494       0x34 c:/ac6/systemworkbench/plugins/fr.ac6.mcu.externaltools.arm-none.win32_1.7.0.201602121829/tools/compiler/bin/../lib/gcc/arm-none-eabi/5.2.1/../../../../arm-none-eabi/lib/armv7e-m/fpu\libc.a(lib_a-mlock.o)
 .ARM.attributes
                0x000004c8       0x34 c:/ac6/systemworkbench/plugins/fr.ac6.mcu.externaltools.arm-none.win32_1.7.0.201602121829/tools/compiler/bin/../lib/gcc/arm-none-eabi/5.2.1/../../../../arm-none-eabi/lib/armv7e-m/fpu\libc.a(lib_a-sbrkr.o)
 .ARM.attributes
                0x000004fc       0x34 c:/ac6/systemworkbench/plugins/fr.ac6.mcu.externaltools.arm-none.win32_1.7.0.201602121829/tools/compiler/bin/../lib/gcc/arm-none-eabi/5.2.1/../../../../arm-none-eabi/lib/armv7e-m/fpu\libc.a(lib_a-__call_atexit.o)
 .ARM.attributes
                0x00000530       0x34 c:/ac6/systemworkbench/plugins/fr.ac6.mcu.externaltools.arm-none.win32_1.7.0.201602121829/tools/compiler/bin/../lib/gcc/arm-none-eabi/5.2.1/../../../../arm-none-eabi/lib/armv7e-m/fpu\libc.a(lib_a-atexit.o)
 .ARM.attributes
                0x00000564       0x34 c:/ac6/systemworkbench/plugins/fr.ac6.mcu.externaltools.arm-none.win32_1.7.0.201602121829/tools/compiler/bin/../lib/gcc/arm-none-eabi/5.2.1/../../../../arm-none-eabi/lib/armv7e-m/fpu\libc.a(lib_a-fini.o)
 .ARM.attributes
                0x00000598       0x34 c:/ac6/systemworkbench/plugins/fr.ac6.mcu.externaltools.arm-none.win32_1.7.0.201602121829/tools/compiler/bin/../lib/gcc/arm-none-eabi/5.2.1/../../../../arm-none-eabi/lib/armv7e-m/fpu\libc.a(lib_a-freer.o)
 .ARM.attributes
                0x000005cc       0x34 c:/ac6/systemworkbench/plugins/fr.ac6.mcu.externaltools.arm-none.win32_1.7.0.201602121829/tools/compiler/bin/../lib/gcc/arm-none-eabi/5.2.1/../../../../arm-none-eabi/lib/armv7e-m/fpu\libc.a(lib_a-reent.o)
 .ARM.attributes
                0x00000600       0x34 c:/ac6/systemworkbench/plugins/fr.ac6.mcu.externaltools.arm-none.win32_1.7.0.201602121829/tools/compiler/bin/../lib/gcc/arm-none-eabi/5.2.1/../../../../arm-none-eabi/lib/armv7e-m/fpu\libc.a(lib_a-__atexit.o)
 .ARM.attributes
                0x00000634       0x34 c:/ac6/systemworkbench/plugins/fr.ac6.mcu.externaltools.arm-none.win32_1.7.0.201602121829/tools/compiler/bin/../lib/gcc/arm-none-eabi/5.2.1/armv7e-m/fpu/crtend.o
 .ARM.attributes
                0x00000668       0x22 c:/ac6/systemworkbench/plugins/fr.ac6.mcu.externaltools.arm-none.win32_1.7.0.201602121829/tools/compiler/bin/../lib/gcc/arm-none-eabi/5.2.1/armv7e-m/fpu/crtn.o
OUTPUT(FatFs_spi_basic.elf elf32-littlearm)

.debug_line     0x00000000       0x7f
 .debug_line    0x00000000       0x7f startup/startup_stm32f407xx.o

.debug_info     0x00000000       0x91
 .debug_info    0x00000000       0x91 startup/startup_stm32f407xx.o

.debug_abbrev   0x00000000       0x12
 .debug_abbrev  0x00000000       0x12 startup/startup_stm32f407xx.o

.debug_aranges  0x00000000       0x28
 .debug_aranges
                0x00000000       0x28 startup/startup_stm32f407xx.o

.debug_ranges   0x00000000       0x20
 .debug_ranges  0x00000000       0x20 startup/startup_stm32f407xx.o

.comment        0x00000000       0x6e
 .comment       0x00000000       0x6e src/main.o
                                 0x6f (size before relaxing)
 .comment       0x0000006e       0x6f src/stm32f4xx_it.o
 .comment       0x0000006e       0x6f src/syscalls.o
 .comment       0x0000006e       0x6f src/system_stm32f4xx.o
 .comment       0x0000006e       0x6f Middlewares/Third_Party/FatFs/src/option/syscall.o
 .comment       0x0000006e       0x6f Middlewares/Third_Party/FatFs/src/option/unicode.o
 .comment       0x0000006e       0x6f Middlewares/Third_Party/FatFs/src/diskio.o
 .comment       0x0000006e       0x6f Middlewares/Third_Party/FatFs/src/ff.o
 .comment       0x0000006e       0x6f Middlewares/Third_Party/FatFs/src/ff_gen_drv.o
 .comment       0x0000006e       0x6f C:\Users\Przemek\Desktop\MIKROKONTROLERY\workmench\stm32f4discovery_hal_lib\Release\libstm32f4discovery_hal_lib.a(stm32f4xx_hal.o)
 .comment       0x0000006e       0x6f C:\Users\Przemek\Desktop\MIKROKONTROLERY\workmench\stm32f4discovery_hal_lib\Release\libstm32f4discovery_hal_lib.a(stm32f4xx_hal_cortex.o)
 .comment       0x0000006e       0x6f C:\Users\Przemek\Desktop\MIKROKONTROLERY\workmench\stm32f4discovery_hal_lib\Release\libstm32f4discovery_hal_lib.a(stm32f4xx_hal_gpio.o)
 .comment       0x0000006e       0x6f C:\Users\Przemek\Desktop\MIKROKONTROLERY\workmench\stm32f4discovery_hal_lib\Release\libstm32f4discovery_hal_lib.a(stm32f4xx_hal_spi.o)

.debug_frame    0x00000000      0x308
 .debug_frame   0x00000000       0x20 c:/ac6/systemworkbench/plugins/fr.ac6.mcu.externaltools.arm-none.win32_1.7.0.201602121829/tools/compiler/bin/../lib/gcc/arm-none-eabi/5.2.1/../../../../arm-none-eabi/lib/armv7e-m/fpu\libc.a(lib_a-errno.o)
 .debug_frame   0x00000020       0x2c c:/ac6/systemworkbench/plugins/fr.ac6.mcu.externaltools.arm-none.win32_1.7.0.201602121829/tools/compiler/bin/../lib/gcc/arm-none-eabi/5.2.1/../../../../arm-none-eabi/lib/armv7e-m/fpu\libc.a(lib_a-init.o)
 .debug_frame   0x0000004c       0x30 c:/ac6/systemworkbench/plugins/fr.ac6.mcu.externaltools.arm-none.win32_1.7.0.201602121829/tools/compiler/bin/../lib/gcc/arm-none-eabi/5.2.1/../../../../arm-none-eabi/lib/armv7e-m/fpu\libc.a(lib_a-malloc.o)
 .debug_frame   0x0000007c       0x58 c:/ac6/systemworkbench/plugins/fr.ac6.mcu.externaltools.arm-none.win32_1.7.0.201602121829/tools/compiler/bin/../lib/gcc/arm-none-eabi/5.2.1/../../../../arm-none-eabi/lib/armv7e-m/fpu\libc.a(lib_a-mallocr.o)
 .debug_frame   0x000000d4       0x34 c:/ac6/systemworkbench/plugins/fr.ac6.mcu.externaltools.arm-none.win32_1.7.0.201602121829/tools/compiler/bin/../lib/gcc/arm-none-eabi/5.2.1/../../../../arm-none-eabi/lib/armv7e-m/fpu\libc.a(lib_a-memset.o)
 .debug_frame   0x00000108       0x30 c:/ac6/systemworkbench/plugins/fr.ac6.mcu.externaltools.arm-none.win32_1.7.0.201602121829/tools/compiler/bin/../lib/gcc/arm-none-eabi/5.2.1/../../../../arm-none-eabi/lib/armv7e-m/fpu\libc.a(lib_a-mlock.o)
 .debug_frame   0x00000138       0x2c c:/ac6/systemworkbench/plugins/fr.ac6.mcu.externaltools.arm-none.win32_1.7.0.201602121829/tools/compiler/bin/../lib/gcc/arm-none-eabi/5.2.1/../../../../arm-none-eabi/lib/armv7e-m/fpu\libc.a(lib_a-sbrkr.o)
 .debug_frame   0x00000164       0x50 c:/ac6/systemworkbench/plugins/fr.ac6.mcu.externaltools.arm-none.win32_1.7.0.201602121829/tools/compiler/bin/../lib/gcc/arm-none-eabi/5.2.1/../../../../arm-none-eabi/lib/armv7e-m/fpu\libc.a(lib_a-__call_atexit.o)
 .debug_frame   0x000001b4       0x20 c:/ac6/systemworkbench/plugins/fr.ac6.mcu.externaltools.arm-none.win32_1.7.0.201602121829/tools/compiler/bin/../lib/gcc/arm-none-eabi/5.2.1/../../../../arm-none-eabi/lib/armv7e-m/fpu\libc.a(lib_a-atexit.o)
 .debug_frame   0x000001d4       0x34 c:/ac6/systemworkbench/plugins/fr.ac6.mcu.externaltools.arm-none.win32_1.7.0.201602121829/tools/compiler/bin/../lib/gcc/arm-none-eabi/5.2.1/../../../../arm-none-eabi/lib/armv7e-m/fpu\libc.a(lib_a-fini.o)
 .debug_frame   0x00000208       0x74 c:/ac6/systemworkbench/plugins/fr.ac6.mcu.externaltools.arm-none.win32_1.7.0.201602121829/tools/compiler/bin/../lib/gcc/arm-none-eabi/5.2.1/../../../../arm-none-eabi/lib/armv7e-m/fpu\libc.a(lib_a-freer.o)
 .debug_frame   0x0000027c       0x58 c:/ac6/systemworkbench/plugins/fr.ac6.mcu.externaltools.arm-none.win32_1.7.0.201602121829/tools/compiler/bin/../lib/gcc/arm-none-eabi/5.2.1/../../../../arm-none-eabi/lib/armv7e-m/fpu\libc.a(lib_a-reent.o)
 .debug_frame   0x000002d4       0x34 c:/ac6/systemworkbench/plugins/fr.ac6.mcu.externaltools.arm-none.win32_1.7.0.201602121829/tools/compiler/bin/../lib/gcc/arm-none-eabi/5.2.1/../../../../arm-none-eabi/lib/armv7e-m/fpu\libc.a(lib_a-__atexit.o)
